Component: ARM Compiler 5.06 update 1 (build 61) Tool: armlink [4d35a8]

==============================================================================

Section Cross References

    startup_stm32f407xx.o(RESET) refers to startup_stm32f407xx.o(STACK) for __initial_sp
    startup_stm32f407xx.o(RESET) refers to startup_stm32f407xx.o(.text) for Reset_Handler
    startup_stm32f407xx.o(RESET) refers to stm32f4xx_it.o(i.NMI_Handler) for NMI_Handler
    startup_stm32f407xx.o(RESET) refers to stm32f4xx_it.o(i.HardFault_Handler) for HardFault_Handler
    startup_stm32f407xx.o(RESET) refers to stm32f4xx_it.o(i.MemManage_Handler) for MemManage_Handler
    startup_stm32f407xx.o(RESET) refers to stm32f4xx_it.o(i.BusFault_Handler) for BusFault_Handler
    startup_stm32f407xx.o(RESET) refers to stm32f4xx_it.o(i.UsageFault_Handler) for UsageFault_Handler
    startup_stm32f407xx.o(RESET) refers to port.o(.emb_text) for SVC_Handler
    startup_stm32f407xx.o(RESET) refers to stm32f4xx_it.o(i.DebugMon_Handler) for DebugMon_Handler
    startup_stm32f407xx.o(RESET) refers to port.o(i.SysTick_Handler) for SysTick_Handler
    startup_stm32f407xx.o(RESET) refers to stm32f4xx_it.o(i.DMA1_Stream5_IRQHandler) for DMA1_Stream5_IRQHandler
    startup_stm32f407xx.o(RESET) refers to stm32f4xx_it.o(i.DMA1_Stream6_IRQHandler) for DMA1_Stream6_IRQHandler
    startup_stm32f407xx.o(RESET) refers to stm32f4xx_it.o(i.ADC_IRQHandler) for ADC_IRQHandler
    startup_stm32f407xx.o(RESET) refers to stm32f4xx_it.o(i.TIM1_UP_TIM10_IRQHandler) for TIM1_UP_TIM10_IRQHandler
    startup_stm32f407xx.o(RESET) refers to stm32f4xx_it.o(i.TIM3_IRQHandler) for TIM3_IRQHandler
    startup_stm32f407xx.o(RESET) refers to stm32f4xx_it.o(i.USART1_IRQHandler) for USART1_IRQHandler
    startup_stm32f407xx.o(RESET) refers to stm32f4xx_it.o(i.USART2_IRQHandler) for USART2_IRQHandler
    startup_stm32f407xx.o(RESET) refers to stm32f4xx_it.o(i.DMA2_Stream0_IRQHandler) for DMA2_Stream0_IRQHandler
    startup_stm32f407xx.o(RESET) refers to stm32f4xx_it.o(i.DMA2_Stream2_IRQHandler) for DMA2_Stream2_IRQHandler
    startup_stm32f407xx.o(RESET) refers to stm32f4xx_it.o(i.DMA2_Stream7_IRQHandler) for DMA2_Stream7_IRQHandler
    startup_stm32f407xx.o(.text) refers to system_stm32f4xx.o(i.SystemInit) for SystemInit
    startup_stm32f407xx.o(.text) refers to entry.o(.ARM.Collect$$$$00000000) for __main
    main.o(i.Error_Handler) refers to printfa.o(i.__0printf) for __2printf
    main.o(i.Error_Handler) refers to stm32f4xx_hal_gpio.o(i.HAL_GPIO_TogglePin) for HAL_GPIO_TogglePin
    main.o(i.Error_Handler) refers to stm32f4xx_hal.o(i.HAL_Delay) for HAL_Delay
    main.o(i.HAL_TIM_PeriodElapsedCallback) refers to stm32f4xx_hal.o(i.HAL_IncTick) for HAL_IncTick
    main.o(i.SystemClock_Config) refers to memseta.o(.text) for __aeabi_memclr4
    main.o(i.SystemClock_Config) refers to stm32f4xx_hal_rcc.o(i.HAL_RCC_OscConfig) for HAL_RCC_OscConfig
    main.o(i.SystemClock_Config) refers to stm32f4xx_hal_rcc.o(i.HAL_RCC_ClockConfig) for HAL_RCC_ClockConfig
    main.o(i.SystemClock_Config) refers to main.o(i.Error_Handler) for Error_Handler
    main.o(i.fputc) refers to stm32f4xx_hal_uart.o(i.HAL_UART_Transmit) for HAL_UART_Transmit
    main.o(i.fputc) refers to usart.o(.bss) for huart2
    main.o(i.main) refers to stm32f4xx_hal.o(i.HAL_Init) for HAL_Init
    main.o(i.main) refers to tim.o(i.DWT_Init) for DWT_Init
    main.o(i.main) refers to main.o(i.SystemClock_Config) for SystemClock_Config
    main.o(i.main) refers to gpio.o(i.MX_GPIO_Init) for MX_GPIO_Init
    main.o(i.main) refers to dma.o(i.MX_DMA_Init) for MX_DMA_Init
    main.o(i.main) refers to tim.o(i.MX_TIM3_Init) for MX_TIM3_Init
    main.o(i.main) refers to usart.o(i.MX_UART4_Init) for MX_UART4_Init
    main.o(i.main) refers to usart.o(i.MX_USART1_UART_Init) for MX_USART1_UART_Init
    main.o(i.main) refers to usart.o(i.MX_USART2_UART_Init) for MX_USART2_UART_Init
    main.o(i.main) refers to adc.o(i.MX_ADC1_Init) for MX_ADC1_Init
    main.o(i.main) refers to printfa.o(i.__0printf) for __2printf
    main.o(i.main) refers to stm32f4xx_hal_uart.o(i.HAL_UART_Receive_IT) for HAL_UART_Receive_IT
    main.o(i.main) refers to stm32f4xx_hal_gpio.o(i.HAL_GPIO_WritePin) for HAL_GPIO_WritePin
    main.o(i.main) refers to usart.o(i.USART2_UART_StartDMA) for USART2_UART_StartDMA
    main.o(i.main) refers to freertos.o(i.MX_FREERTOS_Init) for MX_FREERTOS_Init
    main.o(i.main) refers to cmsis_os.o(i.osKernelStart) for osKernelStart
    main.o(i.main) refers to imu.o(i.demo_run) for demo_run
    main.o(i.main) refers to motor_control.o(i.Motor_SoftStart) for Motor_SoftStart
    main.o(i.main) refers to motor_control.o(i.Motor_Forward) for Motor_Forward
    main.o(i.main) refers to stm32f4xx_hal.o(i.HAL_Delay) for HAL_Delay
    main.o(i.main) refers to stm32f4xx_hal_gpio.o(i.HAL_GPIO_TogglePin) for HAL_GPIO_TogglePin
    main.o(i.main) refers to main.o(.data) for .data
    main.o(i.main) refers to usart.o(.bss) for huart1
[...]
    i.vTaskPlaceOnEventList                  0x080057bc   Section        0  tasks.o(i.vTaskPlaceOnEventList)
    i.vTaskStartScheduler                    0x080057ec   Section        0  tasks.o(i.vTaskStartScheduler)
    i.vTaskSuspendAll                        0x08005858   Section        0  tasks.o(i.vTaskSuspendAll)
    i.vTaskSwitchContext                     0x08005868   Section        0  tasks.o(i.vTaskSwitchContext)
    i.xPortStartScheduler                    0x080058c4   Section        0  port.o(i.xPortStartScheduler)
    i.xQueueGenericCreate                    0x080059b8   Section        0  queue.o(i.xQueueGenericCreate)
    i.xQueueGenericCreateStatic              0x080059fa   Section        0  queue.o(i.xQueueGenericCreateStatic)
    i.xQueueGenericReset                     0x08005a60   Section        0  queue.o(i.xQueueGenericReset)
    i.xQueueGenericSend                      0x08005ae8   Section        0  queue.o(i.xQueueGenericSend)
    i.xQueueGenericSendFromISR               0x08005c48   Section        0  queue.o(i.xQueueGenericSendFromISR)
    i.xQueueReceive                          0x08005d08   Section        0  queue.o(i.xQueueReceive)
    i.xQueueReceiveFromISR                   0x08005e40   Section        0  queue.o(i.xQueueReceiveFromISR)
    i.xTaskCheckForTimeOut                   0x08005edc   Section        0  tasks.o(i.xTaskCheckForTimeOut)
    i.xTaskCreate                            0x08005f50   Section        0  tasks.o(i.xTaskCreate)
    i.xTaskCreateStatic                      0x08005faa   Section        0  tasks.o(i.xTaskCreateStatic)
    i.xTaskGetSchedulerState                 0x08006000   Section        0  tasks.o(i.xTaskGetSchedulerState)
    i.xTaskIncrementTick                     0x0800601c   Section        0  tasks.o(i.xTaskIncrementTick)
    i.xTaskPriorityDisinherit                0x080060e8   Section        0  tasks.o(i.xTaskPriorityDisinherit)
    i.xTaskRemoveFromEventList               0x08006180   Section        0  tasks.o(i.xTaskRemoveFromEventList)
    i.xTaskResumeAll                         0x080061f4   Section        0  tasks.o(i.xTaskResumeAll)
    .constdata                               0x080062b8   Section      268  freertos.o(.constdata)
    .constdata                               0x080063c4   Section        8  stm32f4xx_hal_dma.o(.constdata)
    flagBitshiftOffset                       0x080063c4   Data           8  stm32f4xx_hal_dma.o(.constdata)
    .constdata                               0x080063cc   Section       16  system_stm32f4xx.o(.constdata)
    .constdata                               0x080063dc   Section        8  system_stm32f4xx.o(.constdata)
    .constdata                               0x080063e4   Section       12  atk_ms601m.o(.constdata)
    g_atk_ms601m_accelerometer_fsr_table     0x080063e4   Data           4  atk_ms601m.o(.constdata)
    g_atk_ms601m_gyro_fsr_table              0x080063e8   Data           8  atk_ms601m.o(.constdata)
    .conststring                             0x080063f0   Section       72  freertos.o(.conststring)
    .conststring                             0x08006438   Section      105  imu.o(.conststring)
    .data                                    0x20000000   Section        1  main.o(.data)
    .data                                    0x20000004   Section       36  freertos.o(.data)
    .data                                    0x20000028   Section       12  stm32f4xx_hal.o(.data)
    .data                                    0x20000034   Section        4  system_stm32f4xx.o(.data)
    .data                                    0x20000038   Section        2  atk_ms601m.o(.data)
    g_atk_ms601m_fsr                         0x20000038   Data           2  atk_ms601m.o(.data)
    .data                                    0x2000003a   Section        2  atk_ms601m_uart.o(.data)
    last_dma_pos                             0x2000003a   Data           2  atk_ms601m_uart.o(.data)
    .data                                    0x2000003c   Section        4  imu.o(.data)
    velocity                                 0x2000003c   Data           4  imu.o(.data)
    .data                                    0x20000040   Section        4  motor_task.o(.data)
    .data                                    0x20000044   Section       60  tasks.o(.data)
    uxDeletedTasksWaitingCleanUp             0x20000048   Data           4  tasks.o(.data)
    uxCurrentNumberOfTasks                   0x2000004c   Data           4  tasks.o(.data)
    xTickCount                               0x20000050   Data           4  tasks.o(.data)
    uxTopReadyPriority                       0x20000054   Data           4  tasks.o(.data)
    xSchedulerRunning                        0x20000058   Data           4  tasks.o(.data)
    xPendedTicks                             0x2000005c   Data           4  tasks.o(.data)
    xYieldPending                            0x20000060   Data           4  tasks.o(.data)
    xNumOfOverflows                          0x20000064   Data           4  tasks.o(.data)
    uxTaskNumber                             0x20000068   Data           4  tasks.o(.data)
    xNextTaskUnblockTime                     0x2000006c   Data           4  tasks.o(.data)
    xIdleTaskHandle                          0x20000070   Data           4  tasks.o(.data)
    uxSchedulerSuspended                     0x20000074   Data           4  tasks.o(.data)
    pxDelayedTaskList                        0x20000078   Data           4  tasks.o(.data)
    pxOverflowDelayedTaskList                0x2000007c   Data           4  tasks.o(.data)
    .data                                    0x20000080   Section       32  heap_4.o(.data)
    pxEnd                                    0x20000080   Data           4  heap_4.o(.data)
    xFreeBytesRemaining                      0x20000084   Data           4  heap_4.o(.data)
    xMinimumEverFreeBytesRemaining           0x20000088   Data           4  heap_4.o(.data)
    xNumberOfSuccessfulAllocations           0x2000008c   Data           4  heap_4.o(.data)
    xNumberOfSuccessfulFrees                 0x20000090   Data           4  heap_4.o(.data)
    xBlockAllocatedBit                       0x20000094   Data           4  heap_4.o(.data)
    xStart                                   0x20000098   Data           8  heap_4.o(.data)
    .data                                    0x200000a0   Section       12  port.o(.data)
    ucMaxSysCallPriority                     0x200000a0   Data           1  port.o(.data)
    uxCriticalNesting                        0x200000a4   Data           4  port.o(.data)
    ulMaxPRIGROUPValue                       0x200000a8   Data           4  port.o(.data)
    .data                                    0x200000ac   Section        4  stdout.o(.data)
    .bss                                     0x200000b0   Section      596  freertos.o(.bss)
    xIdleTaskTCBBuffer                       0x200000b0   Data          84  freertos.o(.bss)
    xIdleStack                               0x20000104   Data         512  freertos.o(.bss)
    .bss                                     0x20000304   Section      168  adc.o(.bss)
    .bss                                     0x200003ac   Section       72  tim.o(.bss)
    .bss                                     0x200003f4   Section      856  usart.o(.bss)
    .bss                                     0x2000074c   Section       72  stm32f4xx_hal_timebase_tim.o(.bss)
    .bss                                     0x20000794   Section      390  atk_ms601m_uart.o(.bss)
    uart_dma_rx_buf                          0x20000794   Data         256  atk_ms601m_uart.o(.bss)
    g_uart_rx_fifo                           0x20000894   Data         134  atk_ms601m_uart.o(.bss)
    .bss                                     0x2000091a   Section      128  imu.o(.bss)
    imu_print_buf                            0x2000091a   Data         128  imu.o(.bss)
    .bss                                     0x2000099a   Section       20  battery_task.o(.bss)
    battery_task_adc_buffer                  0x2000099a   Data          20  battery_task.o(.bss)
    .bss                                     0x200009b0   Section      240  tasks.o(.bss)
    pxReadyTasksLists                        0x200009b0   Data         140  tasks.o(.bss)
    xDelayedTaskList1                        0x20000a3c   Data          20  tasks.o(.bss)
    xDelayedTaskList2                        0x20000a50   Data          20  tasks.o(.bss)
    xPendingReadyList                        0x20000a64   Data          20  tasks.o(.bss)
    xTasksWaitingTermination                 0x20000a78   Data          20  tasks.o(.bss)
    xSuspendedTaskList                       0x20000a8c   Data          20  tasks.o(.bss)
    .bss                                     0x20000aa0   Section    15360  heap_4.o(.bss)
    ucHeap                                   0x20000aa0   Data       15360  heap_4.o(.bss)
    STACK                                    0x200046a0   Section     1024  startup_stm32f407xx.o(STACK)

    Global Symbols

    Symbol Name                              Value     Ov Type        Size  Object(Section)

    BuildAttributes$$THM_ISAv4$E$P$D$K$B$S$7EM$VFPi3$EXTD16$VFPS$VFMA$PE$A:L22UL41UL21$X:L11$S22US41US21$IEEE1$IW$USESV6$~STKCKD$USESV7$~SHL$OSPACE$ROPI$EBA8$MICROLIB$REQ8$PRES8$EABIv2 0x00000000   Number         0  anon$$obj.o ABSOLUTE
    __ARM_use_no_argv                        0x00000000   Number         0  main.o ABSOLUTE
    _printf_a                                0x00000000   Number         0  stubs.o ABSOLUTE
    _printf_c                                0x00000000   Number         0  stubs.o ABSOLUTE
    _printf_charcount                        0x00000000   Number         0  stubs.o ABSOLUTE
    _printf_d                                0x00000000   Number         0  stubs.o ABSOLUTE
    _printf_e                                0x00000000   Number         0  stubs.o ABSOLUTE
    _printf_f                                0x00000000   Number         0  stubs.o ABSOLUTE
    _printf_flags                            0x00000000   Number         0  stubs.o ABSOLUTE
    _printf_fp_dec                           0x00000000   Number         0  stubs.o ABSOLUTE
    _printf_fp_hex                           0x00000000   Number         0  stubs.o ABSOLUTE
    _printf_g                                0x00000000   Number         0  stubs.o ABSOLUTE
    _printf_i                                0x00000000   Number         0  stubs.o ABSOLUTE
    _printf_int_dec                          0x00000000   Number         0  stubs.o ABSOLUTE
    _printf_l                                0x00000000   Number         0  stubs.o ABSOLUTE
    _printf_lc                               0x00000000   Number         0  stubs.o ABSOLUTE
    _printf_ll                               0x00000000   Number         0  stubs.o ABSOLUTE
    _printf_lld                              0x00000000   Number         0  stubs.o ABSOLUTE
    _printf_lli                              0x00000000   Number         0  stubs.o ABSOLUTE
    _printf_llo                              0x00000000   Number         0  stubs.o ABSOLUTE
    _printf_llu                              0x00000000   Number         0  stubs.o ABSOLUTE
    _printf_llx                              0x00000000   Number         0  stubs.o ABSOLUTE
    _printf_longlong_dec                     0x00000000   Number         0  stubs.o ABSOLUTE
    _printf_longlong_hex                     0x00000000   Number         0  stubs.o ABSOLUTE
    _printf_longlong_oct                     0x00000000   Number         0  stubs.o ABSOLUTE
    _printf_ls                               0x00000000   Number         0  stubs.o ABSOLUTE
    _printf_mbtowc                           0x00000000   Number         0  stubs.o ABSOLUTE
    _printf_n                                0x00000000   Number         0  stubs.o ABSOLUTE
    _printf_o                                0x00000000   Number         0  stubs.o ABSOLUTE
    _printf_p                                0x00000000   Number         0  stubs.o ABSOLUTE
    _printf_percent                          0x00000000   Number         0  stubs.o ABSOLUTE
    _printf_pre_padding                      0x00000000   Number         0  stubs.o ABSOLUTE
    _printf_return_value                     0x00000000   Number         0  stubs.o ABSOLUTE
    _printf_s                                0x00000000   Number         0  stubs.o ABSOLUTE
    _printf_sizespec                         0x00000000   Number         0  stubs.o ABSOLUTE
    _printf_str                              0x00000000   Number         0  stubs.o ABSOLUTE
    _printf_truncate_signed                  0x00000000   Number         0  stubs.o ABSOLUTE
    _printf_truncate_unsigned                0x00000000   Number         0  stubs.o ABSOLUTE
    _printf_u                                0x00000000   Number         0  stubs.o ABSOLUTE
    _printf_wc                               0x00000000   Number         0  stubs.o ABSOLUTE
    _printf_wctomb                           0x00000000   Number         0  stubs.o ABSOLUTE
    _printf_widthprec                        0x00000000   Number         0  stubs.o ABSOLUTE
    _printf_x                                0x00000000   Number         0  stubs.o ABSOLUTE
    __cpp_initialize__aeabi_                  - Undefined Weak Reference
    __cxa_finalize                            - Undefined Weak Reference
    __decompress                              - Undefined Weak Reference
    _clock_init                               - Undefined Weak Reference
    _microlib_exit                            - Undefined Weak Reference
    __Vectors_Size                           0x00000188   Number         0  startup_stm32f407xx.o ABSOLUTE
    __Vectors                                0x08000000   Data           4  startup_stm32f407xx.o(RESET)
    __Vectors_End                            0x08000188   Data           0  startup_stm32f407xx.o(RESET)
    __main                                   0x08000189   Thumb Code     0  entry.o(.ARM.Collect$$$$00000000)
    _main_stk                                0x08000189   Thumb Code     0  entry2.o(.ARM.Collect$$$$00000001)
    _main_scatterload                        0x0800018d   Thumb Code     0  entry5.o(.ARM.Collect$$$$00000004)
    __main_after_scatterload                 0x08000191   Thumb Code     0  entry5.o(.ARM.Collect$$$$00000004)
    _main_clock                              0x08000191   Thumb Code     0  entry7b.o(.ARM.Collect$$$$00000008)
    _main_cpp_init                           0x08000191   Thumb Code     0  entry8b.o(.ARM.Collect$$$$0000000A)
    _main_init                               0x08000191   Thumb Code     0  entry9a.o(.ARM.Collect$$$$0000000B)
    __rt_final_cpp                           0x08000199   Thumb Code     0  entry10a.o(.ARM.Collect$$$$0000000D)
    __rt_final_exit                          0x08000199   Thumb Code     0  entry11a.o(.ARM.Collect$$$$0000000F)
    SVC_Handler                              0x0800019d   Thumb Code    28  port.o(.emb_text)
    __asm___6_port_c_39a90d8d__prvStartFirstTask 0x080001bd   Thumb Code    36  port.o(.emb_text)
    __asm___6_port_c_39a90d8d__prvEnableVFP  0x080001e5   Thumb Code    16  port.o(.emb_text)
    PendSV_Handler                           0x080001f9   Thumb Code    88  port.o(.emb_text)
    vPortGetIPSR                             0x08000255   Thumb Code     6  port.o(.emb_text)
    Reset_Handler                            0x0800025d   Thumb Code     8  startup_stm32f407xx.o(.text)
    CAN1_RX0_IRQHandler                      0x08000277   Thumb Code     0  startup_stm32f407xx.o(.text)
    CAN1_RX1_IRQHandler                      0x08000277   Thumb Code     0  startup_stm32f407xx.o(.text)
    CAN1_SCE_IRQHandler                      0x08000277   Thumb Code     0  startup_stm32f407xx.o(.text)
    CAN1_TX_IRQHandler                       0x08000277   Thumb Code     0  startup_stm32f407xx.o(.text)
    CAN2_RX0_IRQHandler                      0x08000277   Thumb Code     0  startup_stm32f407xx.o(.text)
    CAN2_RX1_IRQHandler                      0x08000277   Thumb Code     0  startup_stm32f407xx.o(.text)
    CAN2_SCE_IRQHandler                      0x08000277   Thumb Code     0  startup_stm32f407xx.o(.text)
    CAN2_TX_IRQHandler                       0x08000277   Thumb Code     0  startup_stm32f407xx.o(.text)
    DCMI_IRQHandler                          0x08000277   Thumb Code     0  startup_stm32f407xx.o(.text)
    DMA1_Stream0_IRQHandler                  0x08000277   Thumb Code     0  startup_stm32f407xx.o(.text)
    DMA1_Stream1_IRQHandler                  0x08000277   Thumb Code     0  startup_stm32f407xx.o(.text)
    DMA1_Stream2_IRQHandler                  0x08000277   Thumb Code     0  startup_stm32f407xx.o(.text)
    DMA1_Stream3_IRQHandler                  0x08000277   Thumb Code     0  startup_stm32f407xx.o(.text)
    DMA1_Stream4_IRQHandler                  0x08000277   Thumb Code     0  startup_stm32f407xx.o(.text)
    DMA1_Stream7_IRQHandler                  0x08000277   Thumb Code     0  startup_stm32f407xx.o(.text)
    DMA2_Stream1_IRQHandler                  0x08000277   Thumb Code     0  startup_stm32f407xx.o(.text)
    DMA2_Stream3_IRQHandler                  0x08000277   Thumb Code     0  startup_stm32f407xx.o(.text)
    DMA2_Stream4_IRQHandler                  0x08000277   Thumb Code     0  startup_stm32f407xx.o(.text)
    DMA2_Stream5_IRQHandler                  0x08000277   Thumb Code     0  startup_stm32f407xx.o(.text)
    DMA2_Stream6_IRQHandler                  0x08000277   Thumb Code     0  startup_stm32f407xx.o(.text)
    ETH_IRQHandler                           0x08000277   Thumb Code     0  startup_stm32f407xx.o(.text)
    ETH_WKUP_IRQHandler                      0x08000277   Thumb Code     0  startup_stm32f407xx.o(.text)
    EXTI0_IRQHandler                         0x08000277   Thumb Code     0  startup_stm32f407xx.o(.text)
    EXTI15_10_IRQHandler                     0x08000277   Thumb Code     0  startup_stm32f407xx.o(.text)
    EXTI1_IRQHandler                         0x08000277   Thumb Code     0  startup_stm32f407xx.o(.text)
    EXTI2_IRQHandler                         0x08000277   Thumb Code     0  startup_stm32f407xx.o(.text)
    EXTI3_IRQHandler                         0x08000277   Thumb Code     0  startup_stm32f407xx.o(.text)
    EXTI4_IRQHandler                         0x08000277   Thumb Code     0  startup_stm32f407xx.o(.text)
    EXTI9_5_IRQHandler                       0x08000277   Thumb Code     0  startup_stm32f407xx.o(.text)
    FLASH_IRQHandler                         0x08000277   Thumb Code     0  startup_stm32f407xx.o(.text)
    FMC_IRQHandler                           0x08000277   Thumb Code     0  startup_stm32f407xx.o(.text)
    FPU_IRQHandler                           0x08000277   Thumb Code     0  startup_stm32f407xx.o(.text)
    HASH_RNG_IRQHandler                      0x08000277   Thumb Code     0  startup_stm32f407xx.o(.text)
    I2C1_ER_IRQHandler                       0x08000277   Thumb Code     0  startup_stm32f407xx.o(.text)
    I2C1_EV_IRQHandler                       0x08000277   Thumb Code     0  startup_stm32f407xx.o(.text)
    I2C2_ER_IRQHandler                       0x08000277   Thumb Code     0  startup_stm32f407xx.o(.text)
    I2C2_EV_IRQHandler                       0x08000277   Thumb Code     0  startup_stm32f407xx.o(.text)
    I2C3_ER_IRQHandler                       0x08000277   Thumb Code     0  startup_stm32f407xx.o(.text)
    I2C3_EV_IRQHandler                       0x08000277   Thumb Code     0  startup_stm32f407xx.o(.text)
    OTG_FS_IRQHandler                        0x08000277   Thumb Code     0  startup_stm32f407xx.o(.text)
    OTG_FS_WKUP_IRQHandler                   0x08000277   Thumb Code     0  startup_stm32f407xx.o(.text)
    OTG_HS_EP1_IN_IRQHandler                 0x08000277   Thumb Code     0  startup_stm32f407xx.o(.text)
    OTG_HS_EP1_OUT_IRQHandler                0x08000277   Thumb Code     0  startup_stm32f407xx.o(.text)
    OTG_HS_IRQHandler                        0x08000277   Thumb Code     0  startup_stm32f407xx.o(.text)
    OTG_HS_WKUP_IRQHandler                   0x08000277   Thumb Code     0  startup_stm32f407xx.o(.text)
    PVD_IRQHandler                           0x08000277   Thumb Code     0  startup_stm32f407xx.o(.text)
    RCC_IRQHandler                           0x08000277   Thumb Code     0  startup_stm32f407xx.o(.text)
    RTC_Alarm_IRQHandler                     0x08000277   Thumb Code     0  startup_stm32f407xx.o(.text)
    RTC_WKUP_IRQHandler                      0x08000277   Thumb Code     0  startup_stm32f407xx.o(.text)
    SDIO_IRQHandler                          0x08000277   Thumb Code     0  startup_stm32f407xx.o(.text)
    SPI1_IRQHandler                          0x08000277   Thumb Code     0  startup_stm32f407xx.o(.text)
    SPI2_IRQHandler                          0x08000277   Thumb Code     0  startup_stm32f407xx.o(.text)
    SPI3_IRQHandler                          0x08000277   Thumb Code     0  startup_stm32f407xx.o(.text)
    TAMP_STAMP_IRQHandler                    0x08000277   Thumb Code     0  startup_stm32f407xx.o(.text)
    TIM1_BRK_TIM9_IRQHandler                 0x08000277   Thumb Code     0  startup_stm32f407xx.o(.text)
    TIM1_CC_IRQHandler                       0x08000277   Thumb Code     0  startup_stm32f407xx.o(.text)
    TIM1_TRG_COM_TIM11_IRQHandler            0x08000277   Thumb Code     0  startup_stm32f407xx.o(.text)
    TIM2_IRQHandler                          0x08000277   Thumb Code     0  startup_stm32f407xx.o(.text)
    TIM4_IRQHandler                          0x08000277   Thumb Code     0  startup_stm32f407xx.o(.text)
    TIM5_IRQHandler                          0x08000277   Thumb Code     0  startup_stm32f407xx.o(.text)
    TIM6_DAC_IRQHandler                      0x08000277   Thumb Code     0  startup_stm32f407xx.o(.text)
    TIM7_IRQHandler                          0x08000277   Thumb Code     0  startup_stm32f407xx.o(.text)
    TIM8_BRK_TIM12_IRQHandler                0x08000277   Thumb Code     0  startup_stm32f407xx.o(.text)
    TIM8_CC_IRQHandler                       0x08000277   Thumb Code     0  startup_stm32f407xx.o(.text)
    TIM8_TRG_COM_TIM14_IRQHandler            0x08000277   Thumb Code     0  startup_stm32f407xx.o(.text)
    TIM8_UP_TIM13_IRQHandler                 0x08000277   Thumb Code     0  startup_stm32f407xx.o(.text)
    UART4_IRQHandler                         0x08000277   Thumb Code     0  startup_stm32f407xx.o(.text)
    UART5_IRQHandler                         0x08000277   Thumb Code     0  startup_stm32f407xx.o(.text)
    USART3_IRQHandler                        0x08000277   Thumb Code     0  startup_stm32f407xx.o(.text)
    USART6_IRQHandler                        0x08000277   Thumb Code     0  startup_stm32f407xx.o(.text)
    WWDG_IRQHandler                          0x08000277   Thumb Code     0  startup_stm32f407xx.o(.text)
    __aeabi_uldivmod                         0x08000281   Thumb Code    98  uldiv.o(.text)
    __aeabi_memcpy                           0x080002e3   Thumb Code    36  memcpya.o(.text)
    __aeabi_memcpy4                          0x080002e3   Thumb Code     0  memcpya.o(.text)
    __aeabi_memcpy8                          0x080002e3   Thumb Code     0  memcpya.o(.text)
    __aeabi_memset                           0x08000307   Thumb Code    14  memseta.o(.text)
    __aeabi_memset4                          0x08000307   Thumb Code     0  memseta.o(.text)
    __aeabi_memset8                          0x08000307   Thumb Code     0  memseta.o(.text)
    __aeabi_memclr                           0x08000315   Thumb Code     4  memseta.o(.text)
    __aeabi_memclr4                          0x08000315   Thumb Code     0  memseta.o(.text)
    __aeabi_memclr8                          0x08000315   Thumb Code     0  memseta.o(.text)
    memset                                   0x08000319   Thumb Code    18  memseta.o(.text)
    strlen                                   0x0800032b   Thumb Code    14  strlen.o(.text)
    __aeabi_ddiv                             0x08000339   Thumb Code   222  ddiv.o(.text)
    __aeabi_ui2d                             0x08000417   Thumb Code    26  dfltui.o(.text)
    __aeabi_d2uiz                            0x08000431   Thumb Code    50  dfixui.o(.text)
    __aeabi_f2d                              0x08000463   Thumb Code    38  f2d.o(.text)
    __aeabi_uidiv                            0x08000489   Thumb Code     0  uidiv.o(.text)
    __aeabi_uidivmod                         0x08000489   Thumb Code    44  uidiv.o(.text)
    __aeabi_llsl                             0x080004b5   Thumb Code    30  llshl.o(.text)
    _ll_shift_l                              0x080004b5   Thumb Code     0  llshl.o(.text)
    __aeabi_llsr                             0x080004d3   Thumb Code    32  llushr.o(.text)
    _ll_ushift_r                             0x080004d3   Thumb Code     0  llushr.o(.text)
    __I$use$fp                               0x080004f3   Thumb Code     0  iusefp.o(.text)
    _double_round                            0x080004f3   Thumb Code    30  depilogue.o(.text)
    _double_epilogue                         0x08000511   Thumb Code   156  depilogue.o(.text)
    __aeabi_dadd                             0x080005ad   Thumb Code   322  dadd.o(.text)
    __aeabi_dsub                             0x080006ef   Thumb Code     6  dadd.o(.text)
    __aeabi_drsub                            0x080006f5   Thumb Code     6  dadd.o(.text)
    __aeabi_dmul                             0x080006fb   Thumb Code   228  dmul.o(.text)
    __aeabi_d2ulz                            0x080007df   Thumb Code    48  dfixul.o(.text)
    __aeabi_cdrcmple                         0x08000811   Thumb Code    48  cdrcmple.o(.text)
    __scatterload                            0x08000841   Thumb Code    28  init.o(.text)
    __scatterload_rt2                        0x08000841   Thumb Code     0  init.o(.text)
    __aeabi_lasr                             0x08000865   Thumb Code    36  llsshr.o(.text)
    _ll_sshift_r                             0x08000865   Thumb Code     0  llsshr.o(.text)
    ADC_IRQHandler                           0x08000919   Thumb Code     6  stm32f4xx_it.o(i.ADC_IRQHandler)
    ATK_MS601M_UART_IRQHandler               0x08000a4d   Thumb Code   114  atk_ms601m_uart.o(i.ATK_MS601M_UART_IRQHandler)
    Battery_Task                             0x08000ad1   Thumb Code    20  battery_task.o(i.Battery_Task)
    Brush_Task                               0x08000ae5   Thumb Code    48  device_control.o(i.Brush_Task)
    BusFault_Handler                         0x08000b15   Thumb Code     2  stm32f4xx_it.o(i.BusFault_Handler)
    Crash_Task                               0x08000b17   Thumb Code     8  freertos.o(i.Crash_Task)
    DMA1_Stream5_IRQHandler                  0x08000b21   Thumb Code     6  stm32f4xx_it.o(i.DMA1_Stream5_IRQHandler)
    DMA1_Stream6_IRQHandler                  0x08000b2d   Thumb Code     6  stm32f4xx_it.o(i.DMA1_Stream6_IRQHandler)
    DMA2_Stream0_IRQHandler                  0x08000b39   Thumb Code     6  stm32f4xx_it.o(i.DMA2_Stream0_IRQHandler)
    DMA2_Stream2_IRQHandler                  0x08000b45   Thumb Code     6  stm32f4xx_it.o(i.DMA2_Stream2_IRQHandler)
    DMA2_Stream7_IRQHandler                  0x08000b51   Thumb Code     6  stm32f4xx_it.o(i.DMA2_Stream7_IRQHandler)
    DWT_Delay_us                             0x08000c01   Thumb Code    30  tim.o(i.DWT_Delay_us)
    DWT_Init                                 0x08000c29   Thumb Code    32  tim.o(i.DWT_Init)
    DebugMon_Handler                         0x08000c51   Thumb Code     2  stm32f4xx_it.o(i.DebugMon_Handler)
    Error_Handler                            0x08000c55   Thumb Code    34  main.o(i.Error_Handler)
    Fan_Init                                 0x08000c85   Thumb Code    60  fan_control.o(i.Fan_Init)
    Fan_Task                                 0x08000cc9   Thumb Code    36  fan_control.o(i.Fan_Task)
    Fan_TurnOff                              0x08000ced   Thumb Code    10  fan_control.o(i.Fan_TurnOff)
    Fan_TurnOn                               0x08000cfd   Thumb Code    10  fan_control.o(i.Fan_TurnOn)
    HAL_ADCEx_InjectedConvCpltCallback       0x08000d0d   Thumb Code     2  stm32f4xx_hal_adc_ex.o(i.HAL_ADCEx_InjectedConvCpltCallback)
    HAL_ADC_ConfigChannel                    0x08000d11   Thumb Code   316  stm32f4xx_hal_adc.o(i.HAL_ADC_ConfigChannel)
    HAL_ADC_ConvCpltCallback                 0x08000e5d   Thumb Code     2  stm32f4xx_hal_adc.o(i.HAL_ADC_ConvCpltCallback)
    HAL_ADC_ConvHalfCpltCallback             0x08000e5f   Thumb Code     2  stm32f4xx_hal_adc.o(i.HAL_ADC_ConvHalfCpltCallback)
    HAL_ADC_ErrorCallback                    0x08000e61   Thumb Code     2  stm32f4xx_hal_adc.o(i.HAL_ADC_ErrorCallback)
    HAL_ADC_IRQHandler                       0x08000e63   Thumb Code   302  stm32f4xx_hal_adc.o(i.HAL_ADC_IRQHandler)
    HAL_ADC_Init                             0x08000f91   Thumb Code    84  stm32f4xx_hal_adc.o(i.HAL_ADC_Init)
    HAL_ADC_LevelOutOfWindowCallback         0x08000fe5   Thumb Code     2  stm32f4xx_hal_adc.o(i.HAL_ADC_LevelOutOfWindowCallback)
    HAL_ADC_MspInit                          0x08000fe9   Thumb Code   148  adc.o(i.HAL_ADC_MspInit)
    HAL_ADC_Start_DMA                        0x08001091   Thumb Code   302  stm32f4xx_hal_adc.o(i.HAL_ADC_Start_DMA)
    HAL_DMA_Abort                            0x080011e5   Thumb Code   146  stm32f4xx_hal_dma.o(i.HAL_DMA_Abort)
    HAL_DMA_Abort_IT                         0x08001277   Thumb Code    36  stm32f4xx_hal_dma.o(i.HAL_DMA_Abort_IT)
    HAL_DMA_IRQHandler                       0x0800129d   Thumb Code   412  stm32f4xx_hal_dma.o(i.HAL_DMA_IRQHandler)
    HAL_DMA_Init                             0x0800143d   Thumb Code   206  stm32f4xx_hal_dma.o(i.HAL_DMA_Init)
    HAL_DMA_Start_IT                         0x08001511   Thumb Code   110  stm32f4xx_hal_dma.o(i.HAL_DMA_Start_IT)
    HAL_Delay                                0x08001581   Thumb Code    32  stm32f4xx_hal.o(i.HAL_Delay)
    HAL_GPIO_Init                            0x080015a5   Thumb Code   450  stm32f4xx_hal_gpio.o(i.HAL_GPIO_Init)
    HAL_GPIO_TogglePin                       0x08001795   Thumb Code    16  stm32f4xx_hal_gpio.o(i.HAL_GPIO_TogglePin)
    HAL_GPIO_WritePin                        0x080017a5   Thumb Code    10  stm32f4xx_hal_gpio.o(i.HAL_GPIO_WritePin)
    HAL_GetTick                              0x080017b1   Thumb Code     6  stm32f4xx_hal.o(i.HAL_GetTick)
    HAL_IncTick                              0x080017bd   Thumb Code    12  stm32f4xx_hal.o(i.HAL_IncTick)
    HAL_Init                                 0x080017cd   Thumb Code    48  stm32f4xx_hal.o(i.HAL_Init)
    HAL_InitTick                             0x08001801   Thumb Code   120  stm32f4xx_hal_timebase_tim.o(i.HAL_InitTick)
    HAL_MspInit                              0x0800188d   Thumb Code    52  stm32f4xx_hal_msp.o(i.HAL_MspInit)
    HAL_NVIC_EnableIRQ                       0x080018c5   Thumb Code    26  stm32f4xx_hal_cortex.o(i.HAL_NVIC_EnableIRQ)
    HAL_NVIC_SetPriority                     0x080018e1   Thumb Code    60  stm32f4xx_hal_cortex.o(i.HAL_NVIC_SetPriority)
    HAL_NVIC_SetPriorityGrouping             0x08001921   Thumb Code    26  stm32f4xx_hal_cortex.o(i.HAL_NVIC_SetPriorityGrouping)
    HAL_RCC_ClockConfig                      0x08001945   Thumb Code   288  stm32f4xx_hal_rcc.o(i.HAL_RCC_ClockConfig)
    HAL_RCC_GetClockConfig                   0x08001a79   Thumb Code    54  stm32f4xx_hal_rcc.o(i.HAL_RCC_GetClockConfig)
    HAL_RCC_GetHCLKFreq                      0x08001ab9   Thumb Code     6  stm32f4xx_hal_rcc.o(i.HAL_RCC_GetHCLKFreq)
    HAL_RCC_GetPCLK1Freq                     0x08001ac5   Thumb Code    20  stm32f4xx_hal_rcc.o(i.HAL_RCC_GetPCLK1Freq)
    HAL_RCC_GetPCLK2Freq                     0x08001ae5   Thumb Code    20  stm32f4xx_hal_rcc.o(i.HAL_RCC_GetPCLK2Freq)
    HAL_RCC_GetSysClockFreq                  0x08001b05   Thumb Code    88  stm32f4xx_hal_rcc.o(i.HAL_RCC_GetSysClockFreq)
    HAL_RCC_OscConfig                        0x08001b69   Thumb Code   856  stm32f4xx_hal_rcc.o(i.HAL_RCC_OscConfig)
    HAL_TIMEx_BreakCallback                  0x08001ed5   Thumb Code     2  stm32f4xx_hal_tim_ex.o(i.HAL_TIMEx_BreakCallback)
    HAL_TIMEx_CommutCallback                 0x08001ed7   Thumb Code     2  stm32f4xx_hal_tim_ex.o(i.HAL_TIMEx_CommutCallback)
    HAL_TIMEx_MasterConfigSynchronization    0x08001ed9   Thumb Code   116  stm32f4xx_hal_tim_ex.o(i.HAL_TIMEx_MasterConfigSynchronization)
    HAL_TIM_Base_Init                        0x08001f69   Thumb Code    90  stm32f4xx_hal_tim.o(i.HAL_TIM_Base_Init)
    HAL_TIM_Base_MspInit                     0x08001fc5   Thumb Code    50  tim.o(i.HAL_TIM_Base_MspInit)
    HAL_TIM_Base_Start_IT                    0x08002001   Thumb Code   100  stm32f4xx_hal_tim.o(i.HAL_TIM_Base_Start_IT)
    HAL_TIM_ConfigClockSource                0x08002081   Thumb Code   220  stm32f4xx_hal_tim.o(i.HAL_TIM_ConfigClockSource)
    HAL_TIM_IC_CaptureCallback               0x0800215d   Thumb Code     2  stm32f4xx_hal_tim.o(i.HAL_TIM_IC_CaptureCallback)
    HAL_TIM_IRQHandler                       0x0800215f   Thumb Code   304  stm32f4xx_hal_tim.o(i.HAL_TIM_IRQHandler)
    HAL_TIM_MspPostInit                      0x08002291   Thumb Code   106  tim.o(i.HAL_TIM_MspPostInit)
    HAL_TIM_OC_DelayElapsedCallback          0x0800230d   Thumb Code     2  stm32f4xx_hal_tim.o(i.HAL_TIM_OC_DelayElapsedCallback)
    HAL_TIM_PWM_ConfigChannel                0x0800230f   Thumb Code   204  stm32f4xx_hal_tim.o(i.HAL_TIM_PWM_ConfigChannel)
    HAL_TIM_PWM_Init                         0x080023db   Thumb Code    90  stm32f4xx_hal_tim.o(i.HAL_TIM_PWM_Init)
    HAL_TIM_PWM_MspInit                      0x08002435   Thumb Code     2  stm32f4xx_hal_tim.o(i.HAL_TIM_PWM_MspInit)
    HAL_TIM_PWM_PulseFinishedCallback        0x08002437   Thumb Code     2  stm32f4xx_hal_tim.o(i.HAL_TIM_PWM_PulseFinishedCallback)
    HAL_TIM_PWM_Start                        0x08002439   Thumb Code   172  stm32f4xx_hal_tim.o(i.HAL_TIM_PWM_Start)
    HAL_TIM_PeriodElapsedCallback            0x08002501   Thumb Code    14  main.o(i.HAL_TIM_PeriodElapsedCallback)
    HAL_TIM_TriggerCallback                  0x08002515   Thumb Code     2  stm32f4xx_hal_tim.o(i.HAL_TIM_TriggerCallback)
    HAL_UARTEx_RxEventCallback               0x08002517   Thumb Code     2  stm32f4xx_hal_uart.o(i.HAL_UARTEx_RxEventCallback)
    HAL_UART_DMAStop                         0x08002519   Thumb Code   112  stm32f4xx_hal_uart.o(i.HAL_UART_DMAStop)
    HAL_UART_ErrorCallback                   0x08002589   Thumb Code     2  stm32f4xx_hal_uart.o(i.HAL_UART_ErrorCallback)
    HAL_UART_IRQHandler                      0x0800258d   Thumb Code   618  stm32f4xx_hal_uart.o(i.HAL_UART_IRQHandler)
    HAL_UART_Init                            0x080027fd   Thumb Code   100  stm32f4xx_hal_uart.o(i.HAL_UART_Init)
    HAL_UART_MspInit                         0x08002861   Thumb Code   464  usart.o(i.HAL_UART_MspInit)
    HAL_UART_Receive_DMA                     0x08002a55   Thumb Code    28  stm32f4xx_hal_uart.o(i.HAL_UART_Receive_DMA)
    HAL_UART_Receive_IT                      0x08002a71   Thumb Code    28  stm32f4xx_hal_uart.o(i.HAL_UART_Receive_IT)
    HAL_UART_RxCpltCallback                  0x08002a8d   Thumb Code    34  usart.o(i.HAL_UART_RxCpltCallback)
    HAL_UART_RxHalfCpltCallback              0x08002abd   Thumb Code     2  stm32f4xx_hal_uart.o(i.HAL_UART_RxHalfCpltCallback)
    HAL_UART_Transmit                        0x08002abf   Thumb Code   160  stm32f4xx_hal_uart.o(i.HAL_UART_Transmit)
    HAL_UART_Transmit_DMA                    0x08002b61   Thumb Code   106  stm32f4xx_hal_uart.o(i.HAL_UART_Transmit_DMA)
    HAL_UART_TxCpltCallback                  0x08002bd9   Thumb Code     2  stm32f4xx_hal_uart.o(i.HAL_UART_TxCpltCallback)
    HAL_UART_TxHalfCpltCallback              0x08002bdb   Thumb Code     2  stm32f4xx_hal_uart.o(i.HAL_UART_TxHalfCpltCallback)
    HardFault_Handler                        0x08002bdd   Thumb Code     2  stm32f4xx_it.o(i.HardFault_Handler)
    IMU_EstimateWheelSpeed                   0x08002be1   Thumb Code    68  imu.o(i.IMU_EstimateWheelSpeed)
    IMU_Task                                 0x08002c3d   Thumb Code    48  imu.o(i.IMU_Task)
    Left_Brush_Init                          0x08002ca5   Thumb Code    60  device_control.o(i.Left_Brush_Init)
    MX_ADC1_Init                             0x08002ce9   Thumb Code    88  adc.o(i.MX_ADC1_Init)
    MX_DMA_Init                              0x08002d4d   Thumb Code   120  dma.o(i.MX_DMA_Init)
    MX_FREERTOS_Init                         0x08002dc9   Thumb Code   226  freertos.o(i.MX_FREERTOS_Init)
    MX_GPIO_Init                             0x08002eb5   Thumb Code   342  gpio.o(i.MX_GPIO_Init)
    MX_TIM3_Init                             0x08003021   Thumb Code   200  tim.o(i.MX_TIM3_Init)
    MX_UART4_Init                            0x080030f1   Thumb Code    48  usart.o(i.MX_UART4_Init)
    MX_USART1_UART_Init                      0x08003129   Thumb Code    48  usart.o(i.MX_USART1_UART_Init)
    MX_USART2_UART_Init                      0x08003161   Thumb Code    48  usart.o(i.MX_USART2_UART_Init)
    MemManage_Handler                        0x08003199   Thumb Code     2  stm32f4xx_it.o(i.MemManage_Handler)
    Motor_Backward                           0x0800319d   Thumb Code    52  motor_control.o(i.Motor_Backward)
    Motor_Forward                            0x080031d5   Thumb Code    50  motor_control.o(i.Motor_Forward)
    Motor_Init                               0x0800320d   Thumb Code    72  motor_control.o(i.Motor_Init)
    Motor_SetSpeed                           0x08003261   Thumb Code    42  motor_control.o(i.Motor_SetSpeed)
    Motor_SoftStart                          0x08003299   Thumb Code    34  motor_control.o(i.Motor_SoftStart)
    Motor_Stop                               0x080032bd   Thumb Code    54  motor_control.o(i.Motor_Stop)
    Motor_Task                               0x080032f9   Thumb Code    70  motor_task.o(i.Motor_Task)
    Motor_TurnLeft                           0x08003345   Thumb Code    52  motor_control.o(i.Motor_TurnLeft)
    Motor_TurnRight                          0x0800337d   Thumb Code    50  motor_control.o(i.Motor_TurnRight)
    NMI_Handler                              0x080033b5   Thumb Code     2  stm32f4xx_it.o(i.NMI_Handler)
    Pump_Init                                0x080033b9   Thumb Code    60  device_control.o(i.Pump_Init)
    Pump_Task                                0x080033fd   Thumb Code    12  device_control.o(i.Pump_Task)
    Right_Brush_Init                         0x08003409   Thumb Code    62  device_control.o(i.Right_Brush_Init)
    StartDefaultTask                         0x08003451   Thumb Code     8  freertos.o(i.StartDefaultTask)
    SysTick_Handler                          0x08003459   Thumb Code    38  port.o(i.SysTick_Handler)
    SystemClock_Config                       0x08003485   Thumb Code   134  main.o(i.SystemClock_Config)
    SystemInit                               0x08003515   Thumb Code    12  system_stm32f4xx.o(i.SystemInit)
    TIM1_UP_TIM10_IRQHandler                 0x08003525   Thumb Code     6  stm32f4xx_it.o(i.TIM1_UP_TIM10_IRQHandler)
    TIM3_IRQHandler                          0x08003531   Thumb Code     6  stm32f4xx_it.o(i.TIM3_IRQHandler)
    TIM_Base_SetConfig                       0x0800353d   Thumb Code   170  stm32f4xx_hal_tim.o(i.TIM_Base_SetConfig)
    TIM_CCxChannelCmd                        0x08003615   Thumb Code    26  stm32f4xx_hal_tim.o(i.TIM_CCxChannelCmd)
    TIM_ETR_SetConfig                        0x0800362f   Thumb Code    20  stm32f4xx_hal_tim.o(i.TIM_ETR_SetConfig)
    TIM_OC2_SetConfig                        0x080036b5   Thumb Code    98  stm32f4xx_hal_tim.o(i.TIM_OC2_SetConfig)
    Turn_Off_Left_Brush                      0x08003821   Thumb Code    10  device_control.o(i.Turn_Off_Left_Brush)
    Turn_Off_Pump                            0x08003831   Thumb Code    10  device_control.o(i.Turn_Off_Pump)
    Turn_Off_Right_Brush                     0x08003841   Thumb Code    12  device_control.o(i.Turn_Off_Right_Brush)
    Turn_On_Left_Brush                       0x08003851   Thumb Code    10  device_control.o(i.Turn_On_Left_Brush)
    Turn_On_Right_Brush                      0x08003861   Thumb Code    10  device_control.o(i.Turn_On_Right_Brush)
    UART_Start_Receive_DMA                   0x08003bf5   Thumb Code   130  stm32f4xx_hal_uart.o(i.UART_Start_Receive_DMA)
    UART_Start_Receive_IT                    0x08003c85   Thumb Code    54  stm32f4xx_hal_uart.o(i.UART_Start_Receive_IT)
    USART1_IRQHandler                        0x08003d2d   Thumb Code    16  stm32f4xx_it.o(i.USART1_IRQHandler)
    USART2_IRQHandler                        0x08003d41   Thumb Code    72  stm32f4xx_it.o(i.USART2_IRQHandler)
    USART2_UART_StartDMA                     0x08003d91   Thumb Code    30  usart.o(i.USART2_UART_StartDMA)
    UsageFault_Handler                       0x08003db9   Thumb Code     2  stm32f4xx_it.o(i.UsageFault_Handler)
    __0printf                                0x08003dbd   Thumb Code    22  printfa.o(i.__0printf)
    __1printf                                0x08003dbd   Thumb Code     0  printfa.o(i.__0printf)
    __2printf                                0x08003dbd   Thumb Code     0  printfa.o(i.__0printf)
    __c89printf                              0x08003dbd   Thumb Code     0  printfa.o(i.__0printf)
    printf                                   0x08003dbd   Thumb Code     0  printfa.o(i.__0printf)
    __0snprintf                              0x08003ddd   Thumb Code    36  printfa.o(i.__0snprintf)
    __1snprintf                              0x08003ddd   Thumb Code     0  printfa.o(i.__0snprintf)
    __2snprintf                              0x08003ddd   Thumb Code     0  printfa.o(i.__0snprintf)
    __c89snprintf                            0x08003ddd   Thumb Code     0  printfa.o(i.__0snprintf)
    snprintf                                 0x08003ddd   Thumb Code     0  printfa.o(i.__0snprintf)
    __scatterload_copy                       0x08003e25   Thumb Code    14  handlers.o(i.__scatterload_copy)
    __scatterload_null                       0x08003e33   Thumb Code     2  handlers.o(i.__scatterload_null)
    __scatterload_zeroinit                   0x08003e35   Thumb Code    14  handlers.o(i.__scatterload_zeroinit)
    atk_ms601m_get_attitude                  0x080046ed   Thumb Code   152  atk_ms601m.o(i.atk_ms601m_get_attitude)
    atk_ms601m_get_gyro_accelerometer        0x080048ad   Thumb Code   358  atk_ms601m.o(i.atk_ms601m_get_gyro_accelerometer)
    atk_ms601m_init                          0x08004a21   Thumb Code    40  atk_ms601m.o(i.atk_ms601m_init)
    atk_ms601m_read_reg_by_id                0x08004a4d   Thumb Code   112  atk_ms601m.o(i.atk_ms601m_read_reg_by_id)
    atk_ms601m_uart_init                     0x08004abd   Thumb Code    42  atk_ms601m_uart.o(i.atk_ms601m_uart_init)
    atk_ms601m_uart_rx_fifo_read             0x08004af5   Thumb Code    78  atk_ms601m_uart.o(i.atk_ms601m_uart_rx_fifo_read)
    atk_ms601m_uart_rx_fifo_write            0x08004b49   Thumb Code    50  atk_ms601m_uart.o(i.atk_ms601m_uart_rx_fifo_write)
    atk_ms601m_uart_send                     0x08004b81   Thumb Code    14  atk_ms601m_uart.o(i.atk_ms601m_uart_send)
    battery_task_get_adc_average             0x08004b95   Thumb Code    30  battery_task.o(i.battery_task_get_adc_average)
    battery_task_read_voltage                0x08004bb9   Thumb Code    48  battery_task.o(i.battery_task_read_voltage)
    battery_task_start_dma                   0x08004bf9   Thumb Code    26  battery_task.o(i.battery_task_start_dma)
    demo_run                                 0x08004cf1   Thumb Code    16  imu.o(i.demo_run)
    fputc                                    0x08004d01   Thumb Code    20  main.o(i.fputc)
    main                                     0x08004d25   Thumb Code   134  main.o(i.main)
    osDelay                                  0x08004de1   Thumb Code    14  cmsis_os.o(i.osDelay)
    osKernelStart                            0x08004def   Thumb Code    10  cmsis_os.o(i.osKernelStart)
    osMessageCreate                          0x08004df9   Thumb Code    38  cmsis_os.o(i.osMessageCreate)
    osMessageGet                             0x08004e21   Thumb Code   144  cmsis_os.o(i.osMessageGet)
    osMessagePut                             0x08004eb5   Thumb Code    86  cmsis_os.o(i.osMessagePut)
    osThreadCreate                           0x08004f11   Thumb Code    84  cmsis_os.o(i.osThreadCreate)
    pvPortMalloc                             0x080053e5   Thumb Code   216  heap_4.o(i.pvPortMalloc)
    pxPortInitialiseStack                    0x080054c1   Thumb Code    40  port.o(i.pxPortInitialiseStack)
    uart2_dma_send                           0x080054ed   Thumb Code    10  usart.o(i.uart2_dma_send)
    uart2_rx_callback                        0x080054fd   Thumb Code    54  motor_task.o(i.uart2_rx_callback)
    uart2_tx_task                            0x08005539   Thumb Code    50  imu.o(i.uart2_tx_task)
    uxListRemove                             0x08005571   Thumb Code    38  list.o(i.uxListRemove)
    vApplicationGetIdleTaskMemory            0x08005599   Thumb Code    16  freertos.o(i.vApplicationGetIdleTaskMemory)
    vListInitialise                          0x080055ad   Thumb Code    22  list.o(i.vListInitialise)
    vListInitialiseItem                      0x080055c3   Thumb Code     6  list.o(i.vListInitialiseItem)
    vListInsert                              0x080055c9   Thumb Code    48  list.o(i.vListInsert)
    vListInsertEnd                           0x080055f9   Thumb Code    24  list.o(i.vListInsertEnd)
    vPortEnterCritical                       0x08005611   Thumb Code    54  port.o(i.vPortEnterCritical)
    vPortExitCritical                        0x08005651   Thumb Code    34  port.o(i.vPortExitCritical)
    vPortFree                                0x08005679   Thumb Code    94  heap_4.o(i.vPortFree)
    vPortSetupTimerInterrupt                 0x080056dd   Thumb Code    32  port.o(i.vPortSetupTimerInterrupt)
    vPortValidateInterruptPriority           0x08005701   Thumb Code    74  port.o(i.vPortValidateInterruptPriority)
    vTaskDelay                               0x08005755   Thumb Code    66  tasks.o(i.vTaskDelay)
    vTaskInternalSetTimeOutState             0x080057a1   Thumb Code    12  tasks.o(i.vTaskInternalSetTimeOutState)
    vTaskMissedYield                         0x080057b1   Thumb Code     8  tasks.o(i.vTaskMissedYield)
    vTaskPlaceOnEventList                    0x080057bd   Thumb Code    44  tasks.o(i.vTaskPlaceOnEventList)
    vTaskStartScheduler                      0x080057ed   Thumb Code    90  tasks.o(i.vTaskStartScheduler)
    vTaskSuspendAll                          0x08005859   Thumb Code    10  tasks.o(i.vTaskSuspendAll)
    vTaskSwitchContext                       0x08005869   Thumb Code    82  tasks.o(i.vTaskSwitchContext)
    xPortStartScheduler                      0x080058c5   Thumb Code   222  port.o(i.xPortStartScheduler)
    xQueueGenericCreate                      0x080059b9   Thumb Code    66  queue.o(i.xQueueGenericCreate)
    xQueueGenericCreateStatic                0x080059fb   Thumb Code   102  queue.o(i.xQueueGenericCreateStatic)
    xQueueGenericReset                       0x08005a61   Thumb Code   132  queue.o(i.xQueueGenericReset)
    xQueueGenericSend                        0x08005ae9   Thumb Code   346  queue.o(i.xQueueGenericSend)
    xQueueGenericSendFromISR                 0x08005c49   Thumb Code   190  queue.o(i.xQueueGenericSendFromISR)
    xQueueReceive                            0x08005d09   Thumb Code   308  queue.o(i.xQueueReceive)
    xQueueReceiveFromISR                     0x08005e41   Thumb Code   154  queue.o(i.xQueueReceiveFromISR)
    xTaskCheckForTimeOut                     0x08005edd   Thumb Code   112  tasks.o(i.xTaskCheckForTimeOut)
    xTaskCreate                              0x08005f51   Thumb Code    90  tasks.o(i.xTaskCreate)
    xTaskCreateStatic                        0x08005fab   Thumb Code    86  tasks.o(i.xTaskCreateStatic)
    xTaskGetSchedulerState                   0x08006001   Thumb Code    22  tasks.o(i.xTaskGetSchedulerState)
    xTaskIncrementTick                       0x0800601d   Thumb Code   194  tasks.o(i.xTaskIncrementTick)
    xTaskPriorityDisinherit                  0x080060e9   Thumb Code   144  tasks.o(i.xTaskPriorityDisinherit)
    xTaskRemoveFromEventList                 0x08006181   Thumb Code   108  tasks.o(i.xTaskRemoveFromEventList)
    xTaskResumeAll                           0x080061f5   Thumb Code   182  tasks.o(i.xTaskResumeAll)
    AHBPrescTable                            0x080063cc   Data          16  system_stm32f4xx.o(.constdata)
    APBPrescTable                            0x080063dc   Data           8  system_stm32f4xx.o(.constdata)
    Region$$Table$$Base                      0x080064a4   Number         0  anon$$obj.o(Region$$Table)
    Region$$Table$$Limit                     0x080064c4   Number         0  anon$$obj.o(Region$$Table)
    rx_byte                                  0x20000000   Data           1  main.o(.data)
    uart2_tx_queue                           0x20000004   Data           4  freertos.o(.data)
    defaultTaskHandle                        0x20000008   Data           4  freertos.o(.data)
    MotorHandle                              0x2000000c   Data           4  freertos.o(.data)
    IMUHandle                                0x20000010   Data           4  freertos.o(.data)
    BrushHandle                              0x20000014   Data           4  freertos.o(.data)
    PumpHandle                               0x20000018   Data           4  freertos.o(.data)
    FanHandle                                0x2000001c   Data           4  freertos.o(.data)
    CrashHandle                              0x20000020   Data           4  freertos.o(.data)
    BatteryHandle                            0x20000024   Data           4  freertos.o(.data)
    uwTickFreq                               0x20000028   Data           1  stm32f4xx_hal.o(.data)
    uwTickPrio                               0x2000002c   Data           4  stm32f4xx_hal.o(.data)
    uwTick                                   0x20000030   Data           4  stm32f4xx_hal.o(.data)
    SystemCoreClock                          0x20000034   Data           4  system_stm32f4xx.o(.data)
    temp                                     0x20000040   Data           4  motor_task.o(.data)
    pxCurrentTCB                             0x20000044   Data           4  tasks.o(.data)
    __stdout                                 0x200000ac   Data           4  stdout.o(.data)
    hadc1                                    0x20000304   Data          72  adc.o(.bss)
    hdma_adc1                                0x2000034c   Data          96  adc.o(.bss)
    htim3                                    0x200003ac   Data          72  tim.o(.bss)
    uart2_rx_buffer                          0x200003f4   Data         256  usart.o(.bss)
    huart4                                   0x200004f4   Data          72  usart.o(.bss)
    huart1                                   0x2000053c   Data          72  usart.o(.bss)
    huart2                                   0x20000584   Data          72  usart.o(.bss)
    hdma_usart1_rx                           0x200005cc   Data          96  usart.o(.bss)
    hdma_usart1_tx                           0x2000062c   Data          96  usart.o(.bss)
    hdma_usart2_rx                           0x2000068c   Data          96  usart.o(.bss)
    hdma_usart2_tx                           0x200006ec   Data          96  usart.o(.bss)
    htim1                                    0x2000074c   Data          72  stm32f4xx_hal_timebase_tim.o(.bss)
    __initial_sp                             0x20004aa0   Data           0  startup_stm32f407xx.o(STACK)



==============================================================================

Memory Map of the image

  Image Entry point : 0x08000189

  Load Region LR_IROM1 (Base: 0x08000000, Size: 0x00006574, Max: 0x00080000, ABSOLUTE)

    Execution Region ER_IROM1 (Exec base: 0x08000000, Load base: 0x08000000, Size: 0x000064c4, Max: 0x00080000, ABSOLUTE)

    Exec Addr    Load Addr    Size         Type   Attr      Idx    E Section Name        Object

    0x08000000   0x08000000   0x00000188   Data   RO            3    RESET               startup_stm32f407xx.o
    0x08000188   0x08000188   0x00000000   Code   RO         5365  * .ARM.Collect$$$$00000000  mc_w.l(entry.o)
    0x08000188   0x08000188   0x00000004   Code   RO         5649    .ARM.Collect$$$$00000001  mc_w.l(entry2.o)
    0x0800018c   0x0800018c   0x00000004   Code   RO         5652    .ARM.Collect$$$$00000004  mc_w.l(entry5.o)
    0x08000190   0x08000190   0x00000000   Code   RO         5654    .ARM.Collect$$$$00000008  mc_w.l(entry7b.o)
    0x08000190   0x08000190   0x00000000   Code   RO         5656    .ARM.Collect$$$$0000000A  mc_w.l(entry8b.o)
    0x08000190   0x08000190   0x00000008   Code   RO         5657    .ARM.Collect$$$$0000000B  mc_w.l(entry9a.o)
    0x08000198   0x08000198   0x00000000   Code   RO         5659    .ARM.Collect$$$$0000000D  mc_w.l(entry10a.o)
    0x08000198   0x08000198   0x00000000   Code   RO         5661    .ARM.Collect$$$$0000000F  mc_w.l(entry11a.o)
    0x08000198   0x08000198   0x00000004   Code   RO         5650    .ARM.Collect$$$$00002712  mc_w.l(entry2.o)
    0x0800019c   0x0800019c   0x000000be   Code   RO         5288    .emb_text           port.o
    0x0800025a   0x0800025a   0x00000002   PAD
    0x0800025c   0x0800025c   0x00000024   Code   RO            4    .text               startup_stm32f407xx.o
    0x08000280   0x08000280   0x00000062   Code   RO         5368    .text               mc_w.l(uldiv.o)
    0x080002e2   0x080002e2   0x00000024   Code   RO         5370    .text               mc_w.l(memcpya.o)
    0x08000306   0x08000306   0x00000024   Code   RO         5374    .text               mc_w.l(memseta.o)
    0x0800032a   0x0800032a   0x0000000e   Code   RO         5376    .text               mc_w.l(strlen.o)
    0x08000338   0x08000338   0x000000de   Code   RO         5641    .text               mf_w.l(ddiv.o)
    0x08000416   0x08000416   0x0000001a   Code   RO         5643    .text               mf_w.l(dfltui.o)
    0x08000430   0x08000430   0x00000032   Code   RO         5645    .text               mf_w.l(dfixui.o)
    0x08000462   0x08000462   0x00000026   Code   RO         5647    .text               mf_w.l(f2d.o)
    0x08000488   0x08000488   0x0000002c   Code   RO         5664    .text               mc_w.l(uidiv.o)
    0x080004b4   0x080004b4   0x0000001e   Code   RO         5666    .text               mc_w.l(llshl.o)
    0x080004d2   0x080004d2   0x00000020   Code   RO         5668    .text               mc_w.l(llushr.o)
    0x080004f2   0x080004f2   0x00000000   Code   RO         5670    .text               mc_w.l(iusefp.o)
    0x080004f2   0x080004f2   0x000000ba   Code   RO         5671    .text               mf_w.l(depilogue.o)
    0x080005ac   0x080005ac   0x0000014e   Code   RO         5673    .text               mf_w.l(dadd.o)
    0x080006fa   0x080006fa   0x000000e4   Code   RO         5675    .text               mf_w.l(dmul.o)
    0x080007de   0x080007de   0x00000030   Code   RO         5677    .text               mf_w.l(dfixul.o)
    0x0800080e   0x0800080e   0x00000002   PAD
    0x08000810   0x08000810   0x00000030   Code   RO         5679    .text               mf_w.l(cdrcmple.o)
    0x08000840   0x08000840   0x00000024   Code   RO         5681    .text               mc_w.l(init.o)
    0x08000864   0x08000864   0x00000024   Code   RO         5683    .text               mc_w.l(llsshr.o)
    0x08000888   0x08000888   0x0000006e   Code   RO         1710    i.ADC_DMAConvCplt   stm32f4xx_hal_adc.o
    0x080008f6   0x080008f6   0x00000016   Code   RO         1711    i.ADC_DMAError      stm32f4xx_hal_adc.o
    0x0800090c   0x0800090c   0x0000000a   Code   RO         1712    i.ADC_DMAHalfConvCplt  stm32f4xx_hal_adc.o
    0x08000916   0x08000916   0x00000002   PAD
    0x08000918   0x08000918   0x0000000c   Code   RO          552    i.ADC_IRQHandler    stm32f4xx_it.o
    0x08000924   0x08000924   0x00000128   Code   RO         1713    i.ADC_Init          stm32f4xx_hal_adc.o
    0x08000a4c   0x08000a4c   0x00000084   Code   RO         3867    i.ATK_MS601M_UART_IRQHandler  atk_ms601m_uart.o
    0x08000ad0   0x08000ad0   0x00000014   Code   RO         3981    i.Battery_Task      battery_task.o
    0x08000ae4   0x08000ae4   0x00000030   Code   RO         3615    i.Brush_Task        device_control.o
    0x08000b14   0x08000b14   0x00000002   Code   RO          553    i.BusFault_Handler  stm32f4xx_it.o
    0x08000b16   0x08000b16   0x00000008   Code   RO          289    i.Crash_Task        freertos.o
    0x08000b1e   0x08000b1e   0x00000002   PAD
    0x08000b20   0x08000b20   0x0000000c   Code   RO          554    i.DMA1_Stream5_IRQHandler  stm32f4xx_it.o
    0x08000b2c   0x08000b2c   0x0000000c   Code   RO          555    i.DMA1_Stream6_IRQHandler  stm32f4xx_it.o
    0x08000b38   0x08000b38   0x0000000c   Code   RO          556    i.DMA2_Stream0_IRQHandler  stm32f4xx_it.o
    0x08000b44   0x08000b44   0x0000000c   Code   RO          557    i.DMA2_Stream2_IRQHandler  stm32f4xx_it.o
    0x08000b50   0x08000b50   0x0000000c   Code   RO          558    i.DMA2_Stream7_IRQHandler  stm32f4xx_it.o
    0x08000b5c   0x08000b5c   0x00000028   Code   RO         2447    i.DMA_CalcBaseAndBitshift  stm32f4xx_hal_dma.o
    0x08000b84   0x08000b84   0x00000054   Code   RO         2448    i.DMA_CheckFifoParam  stm32f4xx_hal_dma.o
    0x08000bd8   0x08000bd8   0x00000028   Code   RO         2449    i.DMA_SetConfig     stm32f4xx_hal_dma.o
    0x08000c00   0x08000c00   0x00000028   Code   RO          414    i.DWT_Delay_us      tim.o
    0x08000c28   0x08000c28   0x00000028   Code   RO          415    i.DWT_Init          tim.o
    0x08000c50   0x08000c50   0x00000002   Code   RO          559    i.DebugMon_Handler  stm32f4xx_it.o
    0x08000c52   0x08000c52   0x00000002   PAD
    0x08000c54   0x08000c54   0x00000030   Code   RO           13    i.Error_Handler     main.o
    0x08000c84   0x08000c84   0x00000044   Code   RO         3698    i.Fan_Init          fan_control.o
    0x08000cc8   0x08000cc8   0x00000024   Code   RO         3699    i.Fan_Task          fan_control.o
    0x08000cec   0x08000cec   0x00000010   Code   RO         3700    i.Fan_TurnOff       fan_control.o
    0x08000cfc   0x08000cfc   0x00000010   Code   RO         3701    i.Fan_TurnOn        fan_control.o
    0x08000d0c   0x08000d0c   0x00000002   Code   RO         1884    i.HAL_ADCEx_InjectedConvCpltCallback  stm32f4xx_hal_adc_ex.o
    0x08000d0e   0x08000d0e   0x00000002   PAD
    0x08000d10   0x08000d10   0x0000014c   Code   RO         1715    i.HAL_ADC_ConfigChannel  stm32f4xx_hal_adc.o
    0x08000e5c   0x08000e5c   0x00000002   Code   RO         1716    i.HAL_ADC_ConvCpltCallback  stm32f4xx_hal_adc.o
    0x08000e5e   0x08000e5e   0x00000002   Code   RO         1717    i.HAL_ADC_ConvHalfCpltCallback  stm32f4xx_hal_adc.o
    0x08000e60   0x08000e60   0x00000002   Code   RO         1719    i.HAL_ADC_ErrorCallback  stm32f4xx_hal_adc.o
    0x08000e62   0x08000e62   0x0000012e   Code   RO         1723    i.HAL_ADC_IRQHandler  stm32f4xx_hal_adc.o
    0x08000f90   0x08000f90   0x00000054   Code   RO         1724    i.HAL_ADC_Init      stm32f4xx_hal_adc.o
    0x08000fe4   0x08000fe4   0x00000002   Code   RO         1725    i.HAL_ADC_LevelOutOfWindowCallback  stm32f4xx_hal_adc.o
    0x08000fe6   0x08000fe6   0x00000002   PAD
    0x08000fe8   0x08000fe8   0x000000a8   Code   RO          349    i.HAL_ADC_MspInit   adc.o
    0x08001090   0x08001090   0x00000154   Code   RO         1731    i.HAL_ADC_Start_DMA  stm32f4xx_hal_adc.o
    0x080011e4   0x080011e4   0x00000092   Code   RO         2450    i.HAL_DMA_Abort     stm32f4xx_hal_dma.o
    0x08001276   0x08001276   0x00000024   Code   RO         2451    i.HAL_DMA_Abort_IT  stm32f4xx_hal_dma.o
    0x0800129a   0x0800129a   0x00000002   PAD
    0x0800129c   0x0800129c   0x000001a0   Code   RO         2455    i.HAL_DMA_IRQHandler  stm32f4xx_hal_dma.o
    0x0800143c   0x0800143c   0x000000d4   Code   RO         2456    i.HAL_DMA_Init      stm32f4xx_hal_dma.o
    0x08001510   0x08001510   0x0000006e   Code   RO         2460    i.HAL_DMA_Start_IT  stm32f4xx_hal_dma.o
    0x0800157e   0x0800157e   0x00000002   PAD
    0x08001580   0x08001580   0x00000024   Code   RO         2887    i.HAL_Delay         stm32f4xx_hal.o
    0x080015a4   0x080015a4   0x000001f0   Code   RO         2343    i.HAL_GPIO_Init     stm32f4xx_hal_gpio.o
    0x08001794   0x08001794   0x00000010   Code   RO         2346    i.HAL_GPIO_TogglePin  stm32f4xx_hal_gpio.o
    0x080017a4   0x080017a4   0x0000000a   Code   RO         2347    i.HAL_GPIO_WritePin  stm32f4xx_hal_gpio.o
    0x080017ae   0x080017ae   0x00000002   PAD
    0x080017b0   0x080017b0   0x0000000c   Code   RO         2893    i.HAL_GetTick       stm32f4xx_hal.o
    0x080017bc   0x080017bc   0x00000010   Code   RO         2899    i.HAL_IncTick       stm32f4xx_hal.o
    0x080017cc   0x080017cc   0x00000034   Code   RO         2900    i.HAL_Init          stm32f4xx_hal.o
    0x08001800   0x08001800   0x0000008c   Code   RO          698    i.HAL_InitTick      stm32f4xx_hal_timebase_tim.o
    0x0800188c   0x0800188c   0x00000038   Code   RO          674    i.HAL_MspInit       stm32f4xx_hal_msp.o
    0x080018c4   0x080018c4   0x0000001a   Code   RO         2735    i.HAL_NVIC_EnableIRQ  stm32f4xx_hal_cortex.o
    0x080018de   0x080018de   0x00000002   PAD
    0x080018e0   0x080018e0   0x00000040   Code   RO         2741    i.HAL_NVIC_SetPriority  stm32f4xx_hal_cortex.o
    0x08001920   0x08001920   0x00000024   Code   RO         2742    i.HAL_NVIC_SetPriorityGrouping  stm32f4xx_hal_cortex.o
    0x08001944   0x08001944   0x00000134   Code   RO         1989    i.HAL_RCC_ClockConfig  stm32f4xx_hal_rcc.o
    0x08001a78   0x08001a78   0x00000040   Code   RO         1993    i.HAL_RCC_GetClockConfig  stm32f4xx_hal_rcc.o
    0x08001ab8   0x08001ab8   0x0000000c   Code   RO         1994    i.HAL_RCC_GetHCLKFreq  stm32f4xx_hal_rcc.o
    0x08001ac4   0x08001ac4   0x00000020   Code   RO         1996    i.HAL_RCC_GetPCLK1Freq  stm32f4xx_hal_rcc.o
    0x08001ae4   0x08001ae4   0x00000020   Code   RO         1997    i.HAL_RCC_GetPCLK2Freq  stm32f4xx_hal_rcc.o
    0x08001b04   0x08001b04   0x00000064   Code   RO         1998    i.HAL_RCC_GetSysClockFreq  stm32f4xx_hal_rcc.o
    0x08001b68   0x08001b68   0x0000036c   Code   RO         2001    i.HAL_RCC_OscConfig  stm32f4xx_hal_rcc.o
    0x08001ed4   0x08001ed4   0x00000002   Code   RO         1443    i.HAL_TIMEx_BreakCallback  stm32f4xx_hal_tim_ex.o
    0x08001ed6   0x08001ed6   0x00000002   Code   RO         1444    i.HAL_TIMEx_CommutCallback  stm32f4xx_hal_tim_ex.o
    0x08001ed8   0x08001ed8   0x00000090   Code   RO         1462    i.HAL_TIMEx_MasterConfigSynchronization  stm32f4xx_hal_tim_ex.o
    0x08001f68   0x08001f68   0x0000005a   Code   RO          739    i.HAL_TIM_Base_Init  stm32f4xx_hal_tim.o
    0x08001fc2   0x08001fc2   0x00000002   PAD
    0x08001fc4   0x08001fc4   0x0000003c   Code   RO          417    i.HAL_TIM_Base_MspInit  tim.o
    0x08002000   0x08002000   0x00000080   Code   RO          744    i.HAL_TIM_Base_Start_IT  stm32f4xx_hal_tim.o
    0x08002080   0x08002080   0x000000dc   Code   RO          748    i.HAL_TIM_ConfigClockSource  stm32f4xx_hal_tim.o
    0x0800215c   0x0800215c   0x00000002   Code   RO          773    i.HAL_TIM_IC_CaptureCallback  stm32f4xx_hal_tim.o
    0x0800215e   0x0800215e   0x00000130   Code   RO          787    i.HAL_TIM_IRQHandler  stm32f4xx_hal_tim.o
    0x0800228e   0x0800228e   0x00000002   PAD
    0x08002290   0x08002290   0x0000007c   Code   RO          418    i.HAL_TIM_MspPostInit  tim.o
    0x0800230c   0x0800230c   0x00000002   Code   RO          790    i.HAL_TIM_OC_DelayElapsedCallback  stm32f4xx_hal_tim.o
    0x0800230e   0x0800230e   0x000000cc   Code   RO          811    i.HAL_TIM_PWM_ConfigChannel  stm32f4xx_hal_tim.o
    0x080023da   0x080023da   0x0000005a   Code   RO          814    i.HAL_TIM_PWM_Init  stm32f4xx_hal_tim.o
    0x08002434   0x08002434   0x00000002   Code   RO          816    i.HAL_TIM_PWM_MspInit  stm32f4xx_hal_tim.o
    0x08002436   0x08002436   0x00000002   Code   RO          817    i.HAL_TIM_PWM_PulseFinishedCallback  stm32f4xx_hal_tim.o
    0x08002438   0x08002438   0x000000c8   Code   RO          819    i.HAL_TIM_PWM_Start  stm32f4xx_hal_tim.o
    0x08002500   0x08002500   0x00000014   Code   RO           14    i.HAL_TIM_PeriodElapsedCallback  main.o
    0x08002514   0x08002514   0x00000002   Code   RO          830    i.HAL_TIM_TriggerCallback  stm32f4xx_hal_tim.o
    0x08002516   0x08002516   0x00000002   Code   RO         3150    i.HAL_UARTEx_RxEventCallback  stm32f4xx_hal_uart.o
    0x08002518   0x08002518   0x00000070   Code   RO         3162    i.HAL_UART_DMAStop  stm32f4xx_hal_uart.o
    0x08002588   0x08002588   0x00000002   Code   RO         3164    i.HAL_UART_ErrorCallback  stm32f4xx_hal_uart.o
    0x0800258a   0x0800258a   0x00000002   PAD
    0x0800258c   0x0800258c   0x00000270   Code   RO         3167    i.HAL_UART_IRQHandler  stm32f4xx_hal_uart.o
    0x080027fc   0x080027fc   0x00000064   Code   RO         3168    i.HAL_UART_Init     stm32f4xx_hal_uart.o
    0x08002860   0x08002860   0x000001f4   Code   RO          475    i.HAL_UART_MspInit  usart.o
    0x08002a54   0x08002a54   0x0000001c   Code   RO         3172    i.HAL_UART_Receive_DMA  stm32f4xx_hal_uart.o
    0x08002a70   0x08002a70   0x0000001c   Code   RO         3173    i.HAL_UART_Receive_IT  stm32f4xx_hal_uart.o
    0x08002a8c   0x08002a8c   0x00000030   Code   RO          476    i.HAL_UART_RxCpltCallback  usart.o
    0x08002abc   0x08002abc   0x00000002   Code   RO         3175    i.HAL_UART_RxHalfCpltCallback  stm32f4xx_hal_uart.o
    0x08002abe   0x08002abe   0x000000a0   Code   RO         3176    i.HAL_UART_Transmit  stm32f4xx_hal_uart.o
    0x08002b5e   0x08002b5e   0x00000002   PAD
    0x08002b60   0x08002b60   0x00000078   Code   RO         3177    i.HAL_UART_Transmit_DMA  stm32f4xx_hal_uart.o
    0x08002bd8   0x08002bd8   0x00000002   Code   RO         3179    i.HAL_UART_TxCpltCallback  stm32f4xx_hal_uart.o
    0x08002bda   0x08002bda   0x00000002   Code   RO         3180    i.HAL_UART_TxHalfCpltCallback  stm32f4xx_hal_uart.o
    0x08002bdc   0x08002bdc   0x00000002   Code   RO          560    i.HardFault_Handler  stm32f4xx_it.o
    0x08002bde   0x08002bde   0x00000002   PAD
    0x08002be0   0x08002be0   0x0000005c   Code   RO         3925    i.IMU_EstimateWheelSpeed  imu.o
    0x08002c3c   0x08002c3c   0x00000068   Code   RO         3926    i.IMU_Task          imu.o
    0x08002ca4   0x08002ca4   0x00000044   Code   RO         3616    i.Left_Brush_Init   device_control.o
    0x08002ce8   0x08002ce8   0x00000064   Code   RO          350    i.MX_ADC1_Init      adc.o
    0x08002d4c   0x08002d4c   0x0000007c   Code   RO          390    i.MX_DMA_Init       dma.o
    0x08002dc8   0x08002dc8   0x000000ec   Code   RO          290    i.MX_FREERTOS_Init  freertos.o
    0x08002eb4   0x08002eb4   0x0000016c   Code   RO          265    i.MX_GPIO_Init      gpio.o
    0x08003020   0x08003020   0x000000d0   Code   RO          419    i.MX_TIM3_Init      tim.o
    0x080030f0   0x080030f0   0x00000038   Code   RO          477    i.MX_UART4_Init     usart.o
    0x08003128   0x08003128   0x00000038   Code   RO          478    i.MX_USART1_UART_Init  usart.o
    0x08003160   0x08003160   0x00000038   Code   RO          479    i.MX_USART2_UART_Init  usart.o
    0x08003198   0x08003198   0x00000002   Code   RO          561    i.MemManage_Handler  stm32f4xx_it.o
    0x0800319a   0x0800319a   0x00000002   PAD
    0x0800319c   0x0800319c   0x00000038   Code   RO         3539    i.Motor_Backward    motor_control.o
    0x080031d4   0x080031d4   0x00000038   Code   RO         3541    i.Motor_Forward     motor_control.o
    0x0800320c   0x0800320c   0x00000054   Code   RO         3542    i.Motor_Init        motor_control.o
    0x08003260   0x08003260   0x00000038   Code   RO         3543    i.Motor_SetSpeed    motor_control.o
    0x08003298   0x08003298   0x00000022   Code   RO         3544    i.Motor_SoftStart   motor_control.o
    0x080032ba   0x080032ba   0x00000002   PAD
    0x080032bc   0x080032bc   0x0000003c   Code   RO         3545    i.Motor_Stop        motor_control.o
    0x080032f8   0x080032f8   0x0000004c   Code   RO         4031    i.Motor_Task        motor_task.o
    0x08003344   0x08003344   0x00000038   Code   RO         3546    i.Motor_TurnLeft    motor_control.o
    0x0800337c   0x0800337c   0x00000038   Code   RO         3547    i.Motor_TurnRight   motor_control.o
    0x080033b4   0x080033b4   0x00000002   Code   RO          562    i.NMI_Handler       stm32f4xx_it.o
    0x080033b6   0x080033b6   0x00000002   PAD
    0x080033b8   0x080033b8   0x00000044   Code   RO         3617    i.Pump_Init         device_control.o
    0x080033fc   0x080033fc   0x0000000c   Code   RO         3618    i.Pump_Task         device_control.o
    0x08003408   0x08003408   0x00000048   Code   RO         3619    i.Right_Brush_Init  device_control.o
    0x08003450   0x08003450   0x00000008   Code   RO          291    i.StartDefaultTask  freertos.o
    0x08003458   0x08003458   0x0000002c   Code   RO         5289    i.SysTick_Handler   port.o
    0x08003484   0x08003484   0x00000090   Code   RO           15    i.SystemClock_Config  main.o
    0x08003514   0x08003514   0x00000010   Code   RO         3502    i.SystemInit        system_stm32f4xx.o
    0x08003524   0x08003524   0x0000000c   Code   RO          563    i.TIM1_UP_TIM10_IRQHandler  stm32f4xx_it.o
    0x08003530   0x08003530   0x0000000c   Code   RO          564    i.TIM3_IRQHandler   stm32f4xx_it.o
    0x0800353c   0x0800353c   0x000000d8   Code   RO          832    i.TIM_Base_SetConfig  stm32f4xx_hal_tim.o
    0x08003614   0x08003614   0x0000001a   Code   RO          833    i.TIM_CCxChannelCmd  stm32f4xx_hal_tim.o
    0x0800362e   0x0800362e   0x00000014   Code   RO          843    i.TIM_ETR_SetConfig  stm32f4xx_hal_tim.o
    0x08003642   0x08003642   0x00000010   Code   RO          844    i.TIM_ITRx_SetConfig  stm32f4xx_hal_tim.o
    0x08003652   0x08003652   0x00000002   PAD
    0x08003654   0x08003654   0x00000060   Code   RO          845    i.TIM_OC1_SetConfig  stm32f4xx_hal_tim.o
    0x080036b4   0x080036b4   0x0000006c   Code   RO          846    i.TIM_OC2_SetConfig  stm32f4xx_hal_tim.o
    0x08003720   0x08003720   0x00000068   Code   RO          847    i.TIM_OC3_SetConfig  stm32f4xx_hal_tim.o
    0x08003788   0x08003788   0x00000050   Code   RO          848    i.TIM_OC4_SetConfig  stm32f4xx_hal_tim.o
    0x080037d8   0x080037d8   0x00000022   Code   RO          850    i.TIM_TI1_ConfigInputStage  stm32f4xx_hal_tim.o
    0x080037fa   0x080037fa   0x00000024   Code   RO          852    i.TIM_TI2_ConfigInputStage  stm32f4xx_hal_tim.o
    0x0800381e   0x0800381e   0x00000002   PAD
    0x08003820   0x08003820   0x00000010   Code   RO         3620    i.Turn_Off_Left_Brush  device_control.o
    0x08003830   0x08003830   0x00000010   Code   RO         3621    i.Turn_Off_Pump     device_control.o
    0x08003840   0x08003840   0x00000010   Code   RO         3622    i.Turn_Off_Right_Brush  device_control.o
    0x08003850   0x08003850   0x00000010   Code   RO         3623    i.Turn_On_Left_Brush  device_control.o
    0x08003860   0x08003860   0x00000010   Code   RO         3625    i.Turn_On_Right_Brush  device_control.o
    0x08003870   0x08003870   0x00000010   Code   RO         3181    i.UART_DMAAbortOnError  stm32f4xx_hal_uart.o
    0x08003880   0x08003880   0x0000004a   Code   RO         3182    i.UART_DMAError     stm32f4xx_hal_uart.o
    0x080038ca   0x080038ca   0x00000086   Code   RO         3183    i.UART_DMAReceiveCplt  stm32f4xx_hal_uart.o
    0x08003950   0x08003950   0x0000001e   Code   RO         3185    i.UART_DMARxHalfCplt  stm32f4xx_hal_uart.o
    0x0800396e   0x0800396e   0x00000042   Code   RO         3187    i.UART_DMATransmitCplt  stm32f4xx_hal_uart.o
    0x080039b0   0x080039b0   0x0000000a   Code   RO         3189    i.UART_DMATxHalfCplt  stm32f4xx_hal_uart.o
    0x080039ba   0x080039ba   0x0000004e   Code   RO         3191    i.UART_EndRxTransfer  stm32f4xx_hal_uart.o
    0x08003a08   0x08003a08   0x0000001c   Code   RO         3192    i.UART_EndTxTransfer  stm32f4xx_hal_uart.o
    0x08003a24   0x08003a24   0x000000c2   Code   RO         3193    i.UART_Receive_IT   stm32f4xx_hal_uart.o
    0x08003ae6   0x08003ae6   0x00000002   PAD
    0x08003ae8   0x08003ae8   0x0000010c   Code   RO         3194    i.UART_SetConfig    stm32f4xx_hal_uart.o
    0x08003bf4   0x08003bf4   0x00000090   Code   RO         3195    i.UART_Start_Receive_DMA  stm32f4xx_hal_uart.o
    0x08003c84   0x08003c84   0x00000036   Code   RO         3196    i.UART_Start_Receive_IT  stm32f4xx_hal_uart.o
    0x08003cba   0x08003cba   0x00000072   Code   RO         3197    i.UART_WaitOnFlagUntilTimeout  stm32f4xx_hal_uart.o
    0x08003d2c   0x08003d2c   0x00000014   Code   RO          565    i.USART1_IRQHandler  stm32f4xx_it.o
    0x08003d40   0x08003d40   0x00000050   Code   RO          566    i.USART2_IRQHandler  stm32f4xx_it.o
    0x08003d90   0x08003d90   0x00000028   Code   RO          480    i.USART2_UART_StartDMA  usart.o
    0x08003db8   0x08003db8   0x00000002   Code   RO          567    i.UsageFault_Handler  stm32f4xx_it.o
    0x08003dba   0x08003dba   0x00000002   PAD
    0x08003dbc   0x08003dbc   0x00000020   Code   RO         5613    i.__0printf         mc_w.l(printfa.o)
    0x08003ddc   0x08003ddc   0x00000028   Code   RO         5614    i.__0snprintf       mc_w.l(printfa.o)
    0x08003e04   0x08003e04   0x00000020   Code   RO         2748    i.__NVIC_SetPriority  stm32f4xx_hal_cortex.o
    0x08003e24   0x08003e24   0x0000000e   Code   RO         5687    i.__scatterload_copy  mc_w.l(handlers.o)
    0x08003e32   0x08003e32   0x00000002   Code   RO         5688    i.__scatterload_null  mc_w.l(handlers.o)
    0x08003e34   0x08003e34   0x0000000e   Code   RO         5689    i.__scatterload_zeroinit  mc_w.l(handlers.o)
    0x08003e42   0x08003e42   0x00000002   PAD
    0x08003e44   0x08003e44   0x00000164   Code   RO         5620    i._fp_digits        mc_w.l(printfa.o)
    0x08003fa8   0x08003fa8   0x000006dc   Code   RO         5621    i._printf_core      mc_w.l(printfa.o)
    0x08004684   0x08004684   0x00000024   Code   RO         5622    i._printf_post_padding  mc_w.l(printfa.o)
    0x080046a8   0x080046a8   0x0000002e   Code   RO         5623    i._printf_pre_padding  mc_w.l(printfa.o)
    0x080046d6   0x080046d6   0x00000016   Code   RO         5624    i._snputc           mc_w.l(printfa.o)
    0x080046ec   0x080046ec   0x000000a0   Code   RO         3742    i.atk_ms601m_get_attitude  atk_ms601m.o
    0x0800478c   0x0800478c   0x0000011e   Code   RO         3743    i.atk_ms601m_get_frame_by_id  atk_ms601m.o
    0x080048aa   0x080048aa   0x00000002   PAD
    0x080048ac   0x080048ac   0x00000174   Code   RO         3744    i.atk_ms601m_get_gyro_accelerometer  atk_ms601m.o
    0x08004a20   0x08004a20   0x0000002c   Code   RO         3751    i.atk_ms601m_init   atk_ms601m.o
    0x08004a4c   0x08004a4c   0x00000070   Code   RO         3752    i.atk_ms601m_read_reg_by_id  atk_ms601m.o
    0x08004abc   0x08004abc   0x00000038   Code   RO         3869    i.atk_ms601m_uart_init  atk_ms601m_uart.o
    0x08004af4   0x08004af4   0x00000054   Code   RO         3870    i.atk_ms601m_uart_rx_fifo_read  atk_ms601m_uart.o
    0x08004b48   0x08004b48   0x00000038   Code   RO         3871    i.atk_ms601m_uart_rx_fifo_write  atk_ms601m_uart.o
    0x08004b80   0x08004b80   0x00000014   Code   RO         3872    i.atk_ms601m_uart_send  atk_ms601m_uart.o
    0x08004b94   0x08004b94   0x00000024   Code   RO         3982    i.battery_task_get_adc_average  battery_task.o
    0x08004bb8   0x08004bb8   0x00000040   Code   RO         3983    i.battery_task_read_voltage  battery_task.o
    0x08004bf8   0x08004bf8   0x00000024   Code   RO         3984    i.battery_task_start_dma  battery_task.o
    0x08004c1c   0x08004c1c   0x000000d4   Code   RO         3927    i.demo_key0_fun     imu.o
    0x08004cf0   0x08004cf0   0x00000010   Code   RO         3928    i.demo_run          imu.o
    0x08004d00   0x08004d00   0x00000018   Code   RO           16    i.fputc             main.o
    0x08004d18   0x08004d18   0x0000000c   Code   RO         4852    i.inHandlerMode     cmsis_os.o
    0x08004d24   0x08004d24   0x000000b0   Code   RO           17    i.main              main.o
    0x08004dd4   0x08004dd4   0x0000000c   Code   RO         4854    i.makeFreeRtosPriority  cmsis_os.o
    0x08004de0   0x08004de0   0x0000000e   Code   RO         4856    i.osDelay           cmsis_os.o
    0x08004dee   0x08004dee   0x0000000a   Code   RO         4859    i.osKernelStart     cmsis_os.o
    0x08004df8   0x08004df8   0x00000026   Code   RO         4868    i.osMessageCreate   cmsis_os.o
    0x08004e1e   0x08004e1e   0x00000002   PAD
    0x08004e20   0x08004e20   0x00000094   Code   RO         4870    i.osMessageGet      cmsis_os.o
    0x08004eb4   0x08004eb4   0x0000005c   Code   RO         4872    i.osMessagePut      cmsis_os.o
    0x08004f10   0x08004f10   0x00000054   Code   RO         4893    i.osThreadCreate    cmsis_os.o
    0x08004f64   0x08004f64   0x00000070   Code   RO         4536    i.prvAddCurrentTaskToDelayedList  tasks.o
    0x08004fd4   0x08004fd4   0x000000d0   Code   RO         4537    i.prvAddNewTaskToReadyList  tasks.o
    0x080050a4   0x080050a4   0x00000026   Code   RO         4212    i.prvCopyDataFromQueue  queue.o
    0x080050ca   0x080050ca   0x0000006c   Code   RO         4213    i.prvCopyDataToQueue  queue.o
    0x08005136   0x08005136   0x00000034   Code   RO         4538    i.prvDeleteTCB      tasks.o
    0x0800516a   0x0800516a   0x00000002   PAD
    0x0800516c   0x0800516c   0x0000004c   Code   RO         5221    i.prvHeapInit       heap_4.o
    0x080051b8   0x080051b8   0x00000060   Code   RO         4539    i.prvIdleTask       tasks.o
    0x08005218   0x08005218   0x00000016   Code   RO         4215    i.prvInitialiseNewQueue  queue.o
    0x0800522e   0x0800522e   0x00000098   Code   RO         4540    i.prvInitialiseNewTask  tasks.o
    0x080052c6   0x080052c6   0x00000002   PAD
    0x080052c8   0x080052c8   0x0000004c   Code   RO         5222    i.prvInsertBlockIntoFreeList  heap_4.o
    0x08005314   0x08005314   0x0000001c   Code   RO         4216    i.prvIsQueueEmpty   queue.o
    0x08005330   0x08005330   0x00000020   Code   RO         4541    i.prvResetNextTaskUnblockTime  tasks.o
    0x08005350   0x08005350   0x00000028   Code   RO         5290    i.prvTaskExitError  port.o
    0x08005378   0x08005378   0x0000006a   Code   RO         4217    i.prvUnlockQueue    queue.o
    0x080053e2   0x080053e2   0x00000002   PAD
    0x080053e4   0x080053e4   0x000000dc   Code   RO         5223    i.pvPortMalloc      heap_4.o
    0x080054c0   0x080054c0   0x0000002c   Code   RO         5291    i.pxPortInitialiseStack  port.o
    0x080054ec   0x080054ec   0x00000010   Code   RO          481    i.uart2_dma_send    usart.o
    0x080054fc   0x080054fc   0x0000003c   Code   RO         4032    i.uart2_rx_callback  motor_task.o
    0x08005538   0x08005538   0x00000038   Code   RO         3929    i.uart2_tx_task     imu.o
    0x08005570   0x08005570   0x00000026   Code   RO         4172    i.uxListRemove      list.o
    0x08005596   0x08005596   0x00000002   PAD
    0x08005598   0x08005598   0x00000014   Code   RO          292    i.vApplicationGetIdleTaskMemory  freertos.o
    0x080055ac   0x080055ac   0x00000016   Code   RO         4173    i.vListInitialise   list.o
    0x080055c2   0x080055c2   0x00000006   Code   RO         4174    i.vListInitialiseItem  list.o
    0x080055c8   0x080055c8   0x00000030   Code   RO         4175    i.vListInsert       list.o
    0x080055f8   0x080055f8   0x00000018   Code   RO         4176    i.vListInsertEnd    list.o
    0x08005610   0x08005610   0x00000040   Code   RO         5293    i.vPortEnterCritical  port.o
    0x08005650   0x08005650   0x00000028   Code   RO         5294    i.vPortExitCritical  port.o
    0x08005678   0x08005678   0x00000064   Code   RO         5224    i.vPortFree         heap_4.o
    0x080056dc   0x080056dc   0x00000024   Code   RO         5295    i.vPortSetupTimerInterrupt  port.o
    0x08005700   0x08005700   0x00000054   Code   RO         5296    i.vPortValidateInterruptPriority  port.o
    0x08005754   0x08005754   0x0000004c   Code   RO         4550    i.vTaskDelay        tasks.o
    0x080057a0   0x080057a0   0x00000010   Code   RO         4553    i.vTaskInternalSetTimeOutState  tasks.o
    0x080057b0   0x080057b0   0x0000000c   Code   RO         4554    i.vTaskMissedYield  tasks.o
    0x080057bc   0x080057bc   0x00000030   Code   RO         4556    i.vTaskPlaceOnEventList  tasks.o
    0x080057ec   0x080057ec   0x0000006c   Code   RO         4563    i.vTaskStartScheduler  tasks.o
    0x08005858   0x08005858   0x00000010   Code   RO         4565    i.vTaskSuspendAll   tasks.o
    0x08005868   0x08005868   0x0000005c   Code   RO         4566    i.vTaskSwitchContext  tasks.o
    0x080058c4   0x080058c4   0x000000f4   Code   RO         5297    i.xPortStartScheduler  port.o
    0x080059b8   0x080059b8   0x00000042   Code   RO         4226    i.xQueueGenericCreate  queue.o
    0x080059fa   0x080059fa   0x00000066   Code   RO         4227    i.xQueueGenericCreateStatic  queue.o
    0x08005a60   0x08005a60   0x00000088   Code   RO         4228    i.xQueueGenericReset  queue.o
    0x08005ae8   0x08005ae8   0x00000160   Code   RO         4229    i.xQueueGenericSend  queue.o
    0x08005c48   0x08005c48   0x000000be   Code   RO         4230    i.xQueueGenericSendFromISR  queue.o
    0x08005d06   0x08005d06   0x00000002   PAD
    0x08005d08   0x08005d08   0x00000138   Code   RO         4236    i.xQueueReceive     queue.o
    0x08005e40   0x08005e40   0x0000009a   Code   RO         4237    i.xQueueReceiveFromISR  queue.o
    0x08005eda   0x08005eda   0x00000002   PAD
    0x08005edc   0x08005edc   0x00000074   Code   RO         4568    i.xTaskCheckForTimeOut  tasks.o
    0x08005f50   0x08005f50   0x0000005a   Code   RO         4569    i.xTaskCreate       tasks.o
    0x08005faa   0x08005faa   0x00000056   Code   RO         4570    i.xTaskCreateStatic  tasks.o
    0x08006000   0x08006000   0x0000001c   Code   RO         4574    i.xTaskGetSchedulerState  tasks.o
    0x0800601c   0x0800601c   0x000000cc   Code   RO         4577    i.xTaskIncrementTick  tasks.o
    0x080060e8   0x080060e8   0x00000098   Code   RO         4580    i.xTaskPriorityDisinherit  tasks.o
    0x08006180   0x08006180   0x00000074   Code   RO         4582    i.xTaskRemoveFromEventList  tasks.o
    0x080061f4   0x080061f4   0x000000c4   Code   RO         4583    i.xTaskResumeAll    tasks.o
    0x080062b8   0x080062b8   0x0000010c   Data   RO          294    .constdata          freertos.o
    0x080063c4   0x080063c4   0x00000008   Data   RO         2462    .constdata          stm32f4xx_hal_dma.o
    0x080063cc   0x080063cc   0x00000010   Data   RO         3503    .constdata          system_stm32f4xx.o
    0x080063dc   0x080063dc   0x00000008   Data   RO         3504    .constdata          system_stm32f4xx.o
    0x080063e4   0x080063e4   0x0000000c   Data   RO         3758    .constdata          atk_ms601m.o
    0x080063f0   0x080063f0   0x00000048   Data   RO          295    .conststring        freertos.o
    0x08006438   0x08006438   0x00000069   Data   RO         3931    .conststring        imu.o
    0x080064a1   0x080064a1   0x00000003   PAD
    0x080064a4   0x080064a4   0x00000020   Data   RO         5685    Region$$Table       anon$$obj.o


    Execution Region RW_IRAM1 (Exec base: 0x20000000, Load base: 0x080064c4, Size: 0x00004aa0, Max: 0x0001c000, ABSOLUTE)

    Exec Addr    Load Addr    Size         Type   Attr      Idx    E Section Name        Object

    0x20000000   0x080064c4   0x00000001   Data   RW           18    .data               main.o
    0x20000001   0x080064c5   0x00000003   PAD
    0x20000004   0x080064c8   0x00000024   Data   RW          296    .data               freertos.o
    0x20000028   0x080064ec   0x0000000c   Data   RW         2907    .data               stm32f4xx_hal.o
    0x20000034   0x080064f8   0x00000004   Data   RW         3505    .data               system_stm32f4xx.o
    0x20000038   0x080064fc   0x00000002   Data   RW         3759    .data               atk_ms601m.o
    0x2000003a   0x080064fe   0x00000002   Data   RW         3874    .data               atk_ms601m_uart.o
    0x2000003c   0x08006500   0x00000004   Data   RW         3932    .data               imu.o
    0x20000040   0x08006504   0x00000004   Data   RW         4033    .data               motor_task.o
    0x20000044   0x08006508   0x0000003c   Data   RW         4586    .data               tasks.o
    0x20000080   0x08006544   0x00000020   Data   RW         5230    .data               heap_4.o
    0x200000a0   0x08006564   0x0000000c   Data   RW         5298    .data               port.o
    0x200000ac   0x08006570   0x00000004   Data   RW         5663    .data               mc_w.l(stdout.o)
    0x200000b0        -       0x00000254   Zero   RW          293    .bss                freertos.o
    0x20000304        -       0x000000a8   Zero   RW          351    .bss                adc.o
    0x200003ac        -       0x00000048   Zero   RW          420    .bss                tim.o
    0x200003f4        -       0x00000358   Zero   RW          482    .bss                usart.o
    0x2000074c        -       0x00000048   Zero   RW          701    .bss                stm32f4xx_hal_timebase_tim.o
    0x20000794        -       0x00000186   Zero   RW         3873    .bss                atk_ms601m_uart.o
    0x2000091a        -       0x00000080   Zero   RW         3930    .bss                imu.o
    0x2000099a        -       0x00000014   Zero   RW         3985    .bss                battery_task.o
    0x200009ae   0x08006574   0x00000002   PAD
    0x200009b0        -       0x000000f0   Zero   RW         4585    .bss                tasks.o
    0x20000aa0        -       0x00003c00   Zero   RW         5229    .bss                heap_4.o
    0x200046a0        -       0x00000400   Zero   RW            1    STACK               startup_stm32f407xx.o


    Execution Region RW_IRAM2 (Exec base: 0x2001c000, Load base: 0x08006574, Size: 0x00000000, Max: 0x00004000, ABSOLUTE)

    **** No section assigned to this execution region ****


==============================================================================

Image component sizes


      Code (inc. data)   RO Data    RW Data    ZI Data      Debug   Object Name

       268         32          0          0        168       1779   adc.o
       974         26         12          2          0       7935   atk_ms601m.o
       348         50          0          2        390       3883   atk_ms601m_uart.o
       156         32          0          0         20       2985   battery_task.o
       410         10          0          0          0      31877   cmsis_os.o
       348         54          0          0          0       5438   device_control.o
       124          4          0          0          0        838   dma.o
         0          0          0          0          0      20016   event_groups.o
       136         20          0          0          0       2271   fan_control.o
       272         14        340         36        596       3683   freertos.o
       364         22          0          0          0       1115   gpio.o
       472         24          0         32      15360       7479   heap_4.o
       480         98        105          4        128       4197   imu.o
       138          0          0          0          0       3598   list.o
       412         76          0          1          0     748974   main.o
       458         52          0          0          0       4741   motor_control.o
       136         12          0          4          0       1828   motor_task.o
       786         82          0         12          0      11953   port.o
      1614         14          0          0          0      18145   queue.o
        36          8        392          0       1024        844   startup_stm32f407xx.o
       116         18          0         12          0       8778   stm32f4xx_hal.o
      1504         66          0          0          0       9093   stm32f4xx_hal_adc.o
         2          0          0          0          0       1001   stm32f4xx_hal_adc_ex.o
       158         14          0          0          0      33074   stm32f4xx_hal_cortex.o
      1084         16          8          0          0       7430   stm32f4xx_hal_dma.o
       522         46          0          0          0       2869   stm32f4xx_hal_gpio.o
        56          4          0          0          0        858   stm32f4xx_hal_msp.o
      1424         92          0          0          0       6453   stm32f4xx_hal_rcc.o
      1982        138          0          0          0      17262   stm32f4xx_hal_tim.o
       148         28          0          0          0       2521   stm32f4xx_hal_tim_ex.o
       140         20          0          0         72       1435   stm32f4xx_hal_timebase_tim.o
      2392         44          0          0          0      19867   stm32f4xx_hal_uart.o
       208         60          0          0          0       8343   stm32f4xx_it.o
         0          0          0          0          0        392   stream_buffer.o
        16          4         24          4          0       1131   system_stm32f4xx.o
      2008        150          0         60        240      25330   tasks.o
       472         54          0          0         72       3506   tim.o
       772         90          0          0        856      10018   usart.o

    ----------------------------------------------------------------------
     20996       1474        916        172      18928    1042940   Object Totals
         0          0         32          0          0          0   (incl. Generated)
        60          0          3          3          2          0   (incl. Padding)

    ----------------------------------------------------------------------

      Code (inc. data)   RO Data    RW Data    ZI Data      Debug   Library Member Name

         0          0          0          0          0          0   entry.o
         0          0          0          0          0          0   entry10a.o
         0          0          0          0          0          0   entry11a.o
         8          4          0          0          0          0   entry2.o
         4          0          0          0          0          0   entry5.o
         0          0          0          0          0          0   entry7b.o
         0          0          0          0          0          0   entry8b.o
         8          4          0          0          0          0   entry9a.o
        30          0          0          0          0          0   handlers.o
        36          8          0          0          0         68   init.o
         0          0          0          0          0          0   iusefp.o
        30          0          0          0          0         68   llshl.o
        36          0          0          0          0         68   llsshr.o
        32          0          0          0          0         68   llushr.o
        36          0          0          0          0         68   memcpya.o
        36          0          0          0          0        108   memseta.o
      2288         94          0          0          0        596   printfa.o
         0          0          0          4          0          0   stdout.o
        14          0          0          0          0         68   strlen.o
        44          0          0          0          0         80   uidiv.o
        98          0          0          0          0         92   uldiv.o
        48          0          0          0          0         68   cdrcmple.o
       334          0          0          0          0        148   dadd.o
       222          0          0          0          0        100   ddiv.o
       186          0          0          0          0        176   depilogue.o
        50          0          0          0          0         76   dfixui.o
        48          0          0          0          0         68   dfixul.o
        26          0          0          0          0         76   dfltui.o
       228          0          0          0          0         96   dmul.o
        38          0          0          0          0         68   f2d.o

    ----------------------------------------------------------------------
      3884        110          0          4          0       2160   Library Totals
         4          0          0          0          0          0   (incl. Padding)

    ----------------------------------------------------------------------

      Code (inc. data)   RO Data    RW Data    ZI Data      Debug   Library Name

      2700        110          0          4          0       1284   mc_w.l
      1180          0          0          0          0        876   mf_w.l

    ----------------------------------------------------------------------
      3884        110          0          4          0       2160   Library Totals

    ----------------------------------------------------------------------

==============================================================================


      Code (inc. data)   RO Data    RW Data    ZI Data      Debug   

     24880       1584        916        176      18928    1021560   Grand Totals
     24880       1584        916        176      18928    1021560   ELF Image Totals
     24880       1584        916        176          0          0   ROM Totals

==============================================================================

    Total RO  Size (Code + RO Data)                25796 (  25.19kB)
    Total RW  Size (RW Data + ZI Data)             19104 (  18.66kB)
    Total ROM Size (Code + RO Data + RW Data)      25972 (  25.36kB)

==============================================================================

