Component: ARM Compiler 5.06 update 1 (build 61) Tool: armlink [4d35a8]

==============================================================================

Section Cross References

    startup_stm32f407xx.o(RESET) refers to startup_stm32f407xx.o(STACK) for __initial_sp
    startup_stm32f407xx.o(RESET) refers to startup_stm32f407xx.o(.text) for Reset_Handler
    startup_stm32f407xx.o(RESET) refers to stm32f4xx_it.o(i.NMI_Handler) for NMI_Handler
    startup_stm32f407xx.o(RESET) refers to stm32f4xx_it.o(i.HardFault_Handler) for HardFault_Handler
    startup_stm32f407xx.o(RESET) refers to stm32f4xx_it.o(i.MemManage_Handler) for MemManage_Handler
    startup_stm32f407xx.o(RESET) refers to stm32f4xx_it.o(i.BusFault_Handler) for BusFault_Handler
    startup_stm32f407xx.o(RESET) refers to stm32f4xx_it.o(i.UsageFault_Handler) for UsageFault_Handler
    startup_stm32f407xx.o(RESET) refers to port.o(.emb_text) for SVC_Handler
    startup_stm32f407xx.o(RESET) refers to stm32f4xx_it.o(i.DebugMon_Handler) for DebugMon_Handler
    startup_stm32f407xx.o(RESET) refers to port.o(i.SysTick_Handler) for SysTick_Handler
    startup_stm32f407xx.o(RESET) refers to stm32f4xx_it.o(i.DMA1_Stream5_IRQHandler) for DMA1_Stream5_IRQHandler
    startup_stm32f407xx.o(RESET) refers to stm32f4xx_it.o(i.DMA1_Stream6_IRQHandler) for DMA1_Stream6_IRQHandler
    startup_stm32f407xx.o(RESET) refers to stm32f4xx_it.o(i.ADC_IRQHandler) for ADC_IRQHandler
    startup_stm32f407xx.o(RESET) refers to stm32f4xx_it.o(i.TIM1_UP_TIM10_IRQHandler) for TIM1_UP_TIM10_IRQHandler
    startup_stm32f407xx.o(RESET) refers to stm32f4xx_it.o(i.TIM2_IRQHandler) for TIM2_IRQHandler
    startup_stm32f407xx.o(RESET) refers to stm32f4xx_it.o(i.TIM3_IRQHandler) for TIM3_IRQHandler
    startup_stm32f407xx.o(RESET) refers to stm32f4xx_it.o(i.USART1_IRQHandler) for USART1_IRQHandler
    startup_stm32f407xx.o(RESET) refers to stm32f4xx_it.o(i.USART2_IRQHandler) for USART2_IRQHandler
    startup_stm32f407xx.o(RESET) refers to stm32f4xx_it.o(i.DMA2_Stream0_IRQHandler) for DMA2_Stream0_IRQHandler
    startup_stm32f407xx.o(RESET) refers to stm32f4xx_it.o(i.DMA2_Stream2_IRQHandler) for DMA2_Stream2_IRQHandler
    startup_stm32f407xx.o(RESET) refers to stm32f4xx_it.o(i.DMA2_Stream7_IRQHandler) for DMA2_Stream7_IRQHandler
    startup_stm32f407xx.o(.text) refers to system_stm32f4xx.o(i.SystemInit) for SystemInit
    startup_stm32f407xx.o(.text) refers to entry.o(.ARM.Collect$$$$00000000) for __main
    main.o(i.Error_Handler) refers to printfa.o(i.__0printf) for __2printf
    main.o(i.Error_Handler) refers to stm32f4xx_hal_gpio.o(i.HAL_GPIO_TogglePin) for HAL_GPIO_TogglePin
    main.o(i.Error_Handler) refers to stm32f4xx_hal.o(i.HAL_Delay) for HAL_Delay
    main.o(i.HAL_TIM_PeriodElapsedCallback) refers to stm32f4xx_hal.o(i.HAL_IncTick) for HAL_IncTick
    main.o(i.SystemClock_Config) refers to memseta.o(.text) for __aeabi_memclr4
    main.o(i.SystemClock_Config) refers to stm32f4xx_hal_rcc.o(i.HAL_RCC_OscConfig) for HAL_RCC_OscConfig
    main.o(i.SystemClock_Config) refers to stm32f4xx_hal_rcc.o(i.HAL_RCC_ClockConfig) for HAL_RCC_ClockConfig
    main.o(i.SystemClock_Config) refers to main.o(i.Error_Handler) for Error_Handler
    main.o(i.fputc) refers to stm32f4xx_hal_uart.o(i.HAL_UART_Transmit) for HAL_UART_Transmit
    main.o(i.fputc) refers to usart.o(.bss) for huart2
    main.o(i.main) refers to stm32f4xx_hal.o(i.HAL_Init) for HAL_Init
    main.o(i.main) refers to tim.o(i.DWT_Init) for DWT_Init
    main.o(i.main) refers to main.o(i.SystemClock_Config) for SystemClock_Config
    main.o(i.main) refers to gpio.o(i.MX_GPIO_Init) for MX_GPIO_Init
    main.o(i.main) refers to dma.o(i.MX_DMA_Init) for MX_DMA_Init
    main.o(i.main) refers to tim.o(i.MX_TIM3_Init) for MX_TIM3_Init
    main.o(i.main) refers to usart.o(i.MX_USART1_UART_Init) for MX_USART1_UART_Init
    main.o(i.main) refers to usart.o(i.MX_USART2_UART_Init) for MX_USART2_UART_Init
    main.o(i.main) refers to adc.o(i.MX_ADC1_Init) for MX_ADC1_Init
    main.o(i.main) refers to tim.o(i.MX_TIM2_Init) for MX_TIM2_Init
    main.o(i.main) refers to printfa.o(i.__0printf) for __2printf
    main.o(i.main) refers to stm32f4xx_hal_uart.o(i.HAL_UART_Receive_IT) for HAL_UART_Receive_IT
    main.o(i.main) refers to stm32f4xx_hal_gpio.o(i.HAL_GPIO_WritePin) for HAL_GPIO_WritePin
    main.o(i.main) refers to usart.o(i.USART2_UART_StartDMA) for USART2_UART_StartDMA
    main.o(i.main) refers to stm32f4xx_hal_tim.o(i.HAL_TIM_IC_Start_IT) for HAL_TIM_IC_Start_IT
    main.o(i.main) refers to freertos.o(i.MX_FREERTOS_Init) for MX_FREERTOS_Init
    main.o(i.main) refers to cmsis_os.o(i.osKernelStart) for osKernelStart
    main.o(i.main) refers to imu.o(i.demo_run) for demo_run
    main.o(i.main) refers to stm32f4xx_hal.o(i.HAL_Delay) for HAL_Delay
    main.o(i.main) refers to stm32f4xx_hal_gpio.o(i.HAL_GPIO_TogglePin) for HAL_GPIO_TogglePin
    main.o(i.main) refers to main.o(.data) for .data
[...]
    _printf_ll                               0x00000000   Number         0  stubs.o ABSOLUTE
    _printf_lld                              0x00000000   Number         0  stubs.o ABSOLUTE
    _printf_lli                              0x00000000   Number         0  stubs.o ABSOLUTE
    _printf_llo                              0x00000000   Number         0  stubs.o ABSOLUTE
    _printf_llu                              0x00000000   Number         0  stubs.o ABSOLUTE
    _printf_llx                              0x00000000   Number         0  stubs.o ABSOLUTE
    _printf_longlong_dec                     0x00000000   Number         0  stubs.o ABSOLUTE
    _printf_longlong_hex                     0x00000000   Number         0  stubs.o ABSOLUTE
    _printf_longlong_oct                     0x00000000   Number         0  stubs.o ABSOLUTE
    _printf_ls                               0x00000000   Number         0  stubs.o ABSOLUTE
    _printf_mbtowc                           0x00000000   Number         0  stubs.o ABSOLUTE
    _printf_n                                0x00000000   Number         0  stubs.o ABSOLUTE
    _printf_o                                0x00000000   Number         0  stubs.o ABSOLUTE
    _printf_p                                0x00000000   Number         0  stubs.o ABSOLUTE
    _printf_percent                          0x00000000   Number         0  stubs.o ABSOLUTE
    _printf_pre_padding                      0x00000000   Number         0  stubs.o ABSOLUTE
    _printf_return_value                     0x00000000   Number         0  stubs.o ABSOLUTE
    _printf_s                                0x00000000   Number         0  stubs.o ABSOLUTE
    _printf_sizespec                         0x00000000   Number         0  stubs.o ABSOLUTE
    _printf_str                              0x00000000   Number         0  stubs.o ABSOLUTE
    _printf_truncate_signed                  0x00000000   Number         0  stubs.o ABSOLUTE
    _printf_truncate_unsigned                0x00000000   Number         0  stubs.o ABSOLUTE
    _printf_u                                0x00000000   Number         0  stubs.o ABSOLUTE
    _printf_wc                               0x00000000   Number         0  stubs.o ABSOLUTE
    _printf_wctomb                           0x00000000   Number         0  stubs.o ABSOLUTE
    _printf_widthprec                        0x00000000   Number         0  stubs.o ABSOLUTE
    _printf_x                                0x00000000   Number         0  stubs.o ABSOLUTE
    __cpp_initialize__aeabi_                  - Undefined Weak Reference
    __cxa_finalize                            - Undefined Weak Reference
    _clock_init                               - Undefined Weak Reference
    _microlib_exit                            - Undefined Weak Reference
    __Vectors_Size                           0x00000188   Number         0  startup_stm32f407xx.o ABSOLUTE
    __Vectors                                0x08000000   Data           4  startup_stm32f407xx.o(RESET)
    __Vectors_End                            0x08000188   Data           0  startup_stm32f407xx.o(RESET)
    __main                                   0x08000189   Thumb Code     0  entry.o(.ARM.Collect$$$$00000000)
    _main_stk                                0x08000189   Thumb Code     0  entry2.o(.ARM.Collect$$$$00000001)
    _main_scatterload                        0x0800018d   Thumb Code     0  entry5.o(.ARM.Collect$$$$00000004)
    __main_after_scatterload                 0x08000191   Thumb Code     0  entry5.o(.ARM.Collect$$$$00000004)
    _main_clock                              0x08000191   Thumb Code     0  entry7b.o(.ARM.Collect$$$$00000008)
    _main_cpp_init                           0x08000191   Thumb Code     0  entry8b.o(.ARM.Collect$$$$0000000A)
    _main_init                               0x08000191   Thumb Code     0  entry9a.o(.ARM.Collect$$$$0000000B)
    __rt_final_cpp                           0x08000199   Thumb Code     0  entry10a.o(.ARM.Collect$$$$0000000D)
    __rt_final_exit                          0x08000199   Thumb Code     0  entry11a.o(.ARM.Collect$$$$0000000F)
    SVC_Handler                              0x0800019d   Thumb Code    28  port.o(.emb_text)
    __asm___6_port_c_39a90d8d__prvStartFirstTask 0x080001bd   Thumb Code    36  port.o(.emb_text)
    __asm___6_port_c_39a90d8d__prvEnableVFP  0x080001e5   Thumb Code    16  port.o(.emb_text)
    PendSV_Handler                           0x080001f9   Thumb Code    88  port.o(.emb_text)
    vPortGetIPSR                             0x08000255   Thumb Code     6  port.o(.emb_text)
    Reset_Handler                            0x0800025d   Thumb Code     8  startup_stm32f407xx.o(.text)
    CAN1_RX0_IRQHandler                      0x08000277   Thumb Code     0  startup_stm32f407xx.o(.text)
    CAN1_RX1_IRQHandler                      0x08000277   Thumb Code     0  startup_stm32f407xx.o(.text)
    CAN1_SCE_IRQHandler                      0x08000277   Thumb Code     0  startup_stm32f407xx.o(.text)
    CAN1_TX_IRQHandler                       0x08000277   Thumb Code     0  startup_stm32f407xx.o(.text)
    CAN2_RX0_IRQHandler                      0x08000277   Thumb Code     0  startup_stm32f407xx.o(.text)
    CAN2_RX1_IRQHandler                      0x08000277   Thumb Code     0  startup_stm32f407xx.o(.text)
    CAN2_SCE_IRQHandler                      0x08000277   Thumb Code     0  startup_stm32f407xx.o(.text)
    CAN2_TX_IRQHandler                       0x08000277   Thumb Code     0  startup_stm32f407xx.o(.text)
    DCMI_IRQHandler                          0x08000277   Thumb Code     0  startup_stm32f407xx.o(.text)
    DMA1_Stream0_IRQHandler                  0x08000277   Thumb Code     0  startup_stm32f407xx.o(.text)
    DMA1_Stream1_IRQHandler                  0x08000277   Thumb Code     0  startup_stm32f407xx.o(.text)
    DMA1_Stream2_IRQHandler                  0x08000277   Thumb Code     0  startup_stm32f407xx.o(.text)
    DMA1_Stream3_IRQHandler                  0x08000277   Thumb Code     0  startup_stm32f407xx.o(.text)
    DMA1_Stream4_IRQHandler                  0x08000277   Thumb Code     0  startup_stm32f407xx.o(.text)
    DMA1_Stream7_IRQHandler                  0x08000277   Thumb Code     0  startup_stm32f407xx.o(.text)
    DMA2_Stream1_IRQHandler                  0x08000277   Thumb Code     0  startup_stm32f407xx.o(.text)
    DMA2_Stream3_IRQHandler                  0x08000277   Thumb Code     0  startup_stm32f407xx.o(.text)
    DMA2_Stream4_IRQHandler                  0x08000277   Thumb Code     0  startup_stm32f407xx.o(.text)
    DMA2_Stream5_IRQHandler                  0x08000277   Thumb Code     0  startup_stm32f407xx.o(.text)
    DMA2_Stream6_IRQHandler                  0x08000277   Thumb Code     0  startup_stm32f407xx.o(.text)
    ETH_IRQHandler                           0x08000277   Thumb Code     0  startup_stm32f407xx.o(.text)
    ETH_WKUP_IRQHandler                      0x08000277   Thumb Code     0  startup_stm32f407xx.o(.text)
    EXTI0_IRQHandler                         0x08000277   Thumb Code     0  startup_stm32f407xx.o(.text)
    EXTI15_10_IRQHandler                     0x08000277   Thumb Code     0  startup_stm32f407xx.o(.text)
    EXTI1_IRQHandler                         0x08000277   Thumb Code     0  startup_stm32f407xx.o(.text)
    EXTI2_IRQHandler                         0x08000277   Thumb Code     0  startup_stm32f407xx.o(.text)
    EXTI3_IRQHandler                         0x08000277   Thumb Code     0  startup_stm32f407xx.o(.text)
    EXTI4_IRQHandler                         0x08000277   Thumb Code     0  startup_stm32f407xx.o(.text)
    EXTI9_5_IRQHandler                       0x08000277   Thumb Code     0  startup_stm32f407xx.o(.text)
    FLASH_IRQHandler                         0x08000277   Thumb Code     0  startup_stm32f407xx.o(.text)
    FMC_IRQHandler                           0x08000277   Thumb Code     0  startup_stm32f407xx.o(.text)
    FPU_IRQHandler                           0x08000277   Thumb Code     0  startup_stm32f407xx.o(.text)
    HASH_RNG_IRQHandler                      0x08000277   Thumb Code     0  startup_stm32f407xx.o(.text)
    I2C1_ER_IRQHandler                       0x08000277   Thumb Code     0  startup_stm32f407xx.o(.text)
    I2C1_EV_IRQHandler                       0x08000277   Thumb Code     0  startup_stm32f407xx.o(.text)
    I2C2_ER_IRQHandler                       0x08000277   Thumb Code     0  startup_stm32f407xx.o(.text)
    I2C2_EV_IRQHandler                       0x08000277   Thumb Code     0  startup_stm32f407xx.o(.text)
    I2C3_ER_IRQHandler                       0x08000277   Thumb Code     0  startup_stm32f407xx.o(.text)
    I2C3_EV_IRQHandler                       0x08000277   Thumb Code     0  startup_stm32f407xx.o(.text)
    OTG_FS_IRQHandler                        0x08000277   Thumb Code     0  startup_stm32f407xx.o(.text)
    OTG_FS_WKUP_IRQHandler                   0x08000277   Thumb Code     0  startup_stm32f407xx.o(.text)
    OTG_HS_EP1_IN_IRQHandler                 0x08000277   Thumb Code     0  startup_stm32f407xx.o(.text)
    OTG_HS_EP1_OUT_IRQHandler                0x08000277   Thumb Code     0  startup_stm32f407xx.o(.text)
    OTG_HS_IRQHandler                        0x08000277   Thumb Code     0  startup_stm32f407xx.o(.text)
    OTG_HS_WKUP_IRQHandler                   0x08000277   Thumb Code     0  startup_stm32f407xx.o(.text)
    PVD_IRQHandler                           0x08000277   Thumb Code     0  startup_stm32f407xx.o(.text)
    RCC_IRQHandler                           0x08000277   Thumb Code     0  startup_stm32f407xx.o(.text)
    RTC_Alarm_IRQHandler                     0x08000277   Thumb Code     0  startup_stm32f407xx.o(.text)
    RTC_WKUP_IRQHandler                      0x08000277   Thumb Code     0  startup_stm32f407xx.o(.text)
    SDIO_IRQHandler                          0x08000277   Thumb Code     0  startup_stm32f407xx.o(.text)
    SPI1_IRQHandler                          0x08000277   Thumb Code     0  startup_stm32f407xx.o(.text)
    SPI2_IRQHandler                          0x08000277   Thumb Code     0  startup_stm32f407xx.o(.text)
    SPI3_IRQHandler                          0x08000277   Thumb Code     0  startup_stm32f407xx.o(.text)
    TAMP_STAMP_IRQHandler                    0x08000277   Thumb Code     0  startup_stm32f407xx.o(.text)
    TIM1_BRK_TIM9_IRQHandler                 0x08000277   Thumb Code     0  startup_stm32f407xx.o(.text)
    TIM1_CC_IRQHandler                       0x08000277   Thumb Code     0  startup_stm32f407xx.o(.text)
    TIM1_TRG_COM_TIM11_IRQHandler            0x08000277   Thumb Code     0  startup_stm32f407xx.o(.text)
    TIM4_IRQHandler                          0x08000277   Thumb Code     0  startup_stm32f407xx.o(.text)
    TIM5_IRQHandler                          0x08000277   Thumb Code     0  startup_stm32f407xx.o(.text)
    TIM6_DAC_IRQHandler                      0x08000277   Thumb Code     0  startup_stm32f407xx.o(.text)
    TIM7_IRQHandler                          0x08000277   Thumb Code     0  startup_stm32f407xx.o(.text)
    TIM8_BRK_TIM12_IRQHandler                0x08000277   Thumb Code     0  startup_stm32f407xx.o(.text)
    TIM8_CC_IRQHandler                       0x08000277   Thumb Code     0  startup_stm32f407xx.o(.text)
    TIM8_TRG_COM_TIM14_IRQHandler            0x08000277   Thumb Code     0  startup_stm32f407xx.o(.text)
    TIM8_UP_TIM13_IRQHandler                 0x08000277   Thumb Code     0  startup_stm32f407xx.o(.text)
    UART4_IRQHandler                         0x08000277   Thumb Code     0  startup_stm32f407xx.o(.text)
    UART5_IRQHandler                         0x08000277   Thumb Code     0  startup_stm32f407xx.o(.text)
    USART3_IRQHandler                        0x08000277   Thumb Code     0  startup_stm32f407xx.o(.text)
    USART6_IRQHandler                        0x08000277   Thumb Code     0  startup_stm32f407xx.o(.text)
    WWDG_IRQHandler                          0x08000277   Thumb Code     0  startup_stm32f407xx.o(.text)
    __aeabi_uldivmod                         0x08000281   Thumb Code    98  uldiv.o(.text)
    __aeabi_memcpy                           0x080002e3   Thumb Code    36  memcpya.o(.text)
    __aeabi_memcpy4                          0x080002e3   Thumb Code     0  memcpya.o(.text)
    __aeabi_memcpy8                          0x080002e3   Thumb Code     0  memcpya.o(.text)
    __aeabi_memset                           0x08000307   Thumb Code    14  memseta.o(.text)
    __aeabi_memset4                          0x08000307   Thumb Code     0  memseta.o(.text)
    __aeabi_memset8                          0x08000307   Thumb Code     0  memseta.o(.text)
    __aeabi_memclr                           0x08000315   Thumb Code     4  memseta.o(.text)
    __aeabi_memclr4                          0x08000315   Thumb Code     0  memseta.o(.text)
    __aeabi_memclr8                          0x08000315   Thumb Code     0  memseta.o(.text)
    memset                                   0x08000319   Thumb Code    18  memseta.o(.text)
    strlen                                   0x0800032b   Thumb Code    14  strlen.o(.text)
    __aeabi_ddiv                             0x08000339   Thumb Code   222  ddiv.o(.text)
    __aeabi_ui2d                             0x08000417   Thumb Code    26  dfltui.o(.text)
    __aeabi_d2uiz                            0x08000431   Thumb Code    50  dfixui.o(.text)
    __aeabi_f2d                              0x08000463   Thumb Code    38  f2d.o(.text)
    __aeabi_uidiv                            0x08000489   Thumb Code     0  uidiv.o(.text)
    __aeabi_uidivmod                         0x08000489   Thumb Code    44  uidiv.o(.text)
    __aeabi_llsl                             0x080004b5   Thumb Code    30  llshl.o(.text)
    _ll_shift_l                              0x080004b5   Thumb Code     0  llshl.o(.text)
    __aeabi_llsr                             0x080004d3   Thumb Code    32  llushr.o(.text)
    _ll_ushift_r                             0x080004d3   Thumb Code     0  llushr.o(.text)
    __I$use$fp                               0x080004f3   Thumb Code     0  iusefp.o(.text)
    _double_round                            0x080004f3   Thumb Code    30  depilogue.o(.text)
    _double_epilogue                         0x08000511   Thumb Code   156  depilogue.o(.text)
    __aeabi_dadd                             0x080005ad   Thumb Code   322  dadd.o(.text)
    __aeabi_dsub                             0x080006ef   Thumb Code     6  dadd.o(.text)
    __aeabi_drsub                            0x080006f5   Thumb Code     6  dadd.o(.text)
    __aeabi_dmul                             0x080006fb   Thumb Code   228  dmul.o(.text)
    __aeabi_d2ulz                            0x080007df   Thumb Code    48  dfixul.o(.text)
    __aeabi_cdrcmple                         0x08000811   Thumb Code    48  cdrcmple.o(.text)
    __scatterload                            0x08000841   Thumb Code    28  init.o(.text)
    __scatterload_rt2                        0x08000841   Thumb Code     0  init.o(.text)
    __aeabi_lasr                             0x08000865   Thumb Code    36  llsshr.o(.text)
    _ll_sshift_r                             0x08000865   Thumb Code     0  llsshr.o(.text)
    __decompress                             0x08000889   Thumb Code     0  __dczerorl.o(.text)
    __decompress0                            0x08000889   Thumb Code    58  __dczerorl.o(.text)
    ADC_IRQHandler                           0x08000951   Thumb Code     6  stm32f4xx_it.o(i.ADC_IRQHandler)
    ATK_MS601M_UART_IRQHandler               0x08000a85   Thumb Code   114  atk_ms601m_uart.o(i.ATK_MS601M_UART_IRQHandler)
    Battery_Task                             0x08000b09   Thumb Code    20  battery_task.o(i.Battery_Task)
    Brush_Task                               0x08000b1d   Thumb Code    40  device_control.o(i.Brush_Task)
    BusFault_Handler                         0x08000b49   Thumb Code     2  stm32f4xx_it.o(i.BusFault_Handler)
    Crash_Task                               0x08000b4d   Thumb Code   224  crash_task.o(i.Crash_Task)
    DMA1_Stream5_IRQHandler                  0x08000c51   Thumb Code     6  stm32f4xx_it.o(i.DMA1_Stream5_IRQHandler)
    DMA1_Stream6_IRQHandler                  0x08000c5d   Thumb Code     6  stm32f4xx_it.o(i.DMA1_Stream6_IRQHandler)
    DMA2_Stream0_IRQHandler                  0x08000c69   Thumb Code     6  stm32f4xx_it.o(i.DMA2_Stream0_IRQHandler)
    DMA2_Stream2_IRQHandler                  0x08000c75   Thumb Code     6  stm32f4xx_it.o(i.DMA2_Stream2_IRQHandler)
    DMA2_Stream7_IRQHandler                  0x08000c81   Thumb Code     6  stm32f4xx_it.o(i.DMA2_Stream7_IRQHandler)
    DWT_Delay_us                             0x08000d31   Thumb Code    30  tim.o(i.DWT_Delay_us)
    DWT_Init                                 0x08000d59   Thumb Code    32  tim.o(i.DWT_Init)
    DebugMon_Handler                         0x08000d81   Thumb Code     2  stm32f4xx_it.o(i.DebugMon_Handler)
    Error_Handler                            0x08000d85   Thumb Code    34  main.o(i.Error_Handler)
    Fan_Init                                 0x08000db5   Thumb Code    60  fan_control.o(i.Fan_Init)
    Fan_Task                                 0x08000df9   Thumb Code    28  fan_control.o(i.Fan_Task)
    Fan_TurnOff                              0x08000e19   Thumb Code    10  fan_control.o(i.Fan_TurnOff)
    Fan_TurnOn                               0x08000e29   Thumb Code    10  fan_control.o(i.Fan_TurnOn)
    FilterSpeed                              0x08000e39   Thumb Code    64  motor_task.o(i.FilterSpeed)
    HAL_ADCEx_InjectedConvCpltCallback       0x08000e7d   Thumb Code     2  stm32f4xx_hal_adc_ex.o(i.HAL_ADCEx_InjectedConvCpltCallback)
    HAL_ADC_ConfigChannel                    0x08000e81   Thumb Code   316  stm32f4xx_hal_adc.o(i.HAL_ADC_ConfigChannel)
    HAL_ADC_ConvCpltCallback                 0x08000fcd   Thumb Code     2  stm32f4xx_hal_adc.o(i.HAL_ADC_ConvCpltCallback)
    HAL_ADC_ConvHalfCpltCallback             0x08000fcf   Thumb Code     2  stm32f4xx_hal_adc.o(i.HAL_ADC_ConvHalfCpltCallback)
    HAL_ADC_ErrorCallback                    0x08000fd1   Thumb Code     2  stm32f4xx_hal_adc.o(i.HAL_ADC_ErrorCallback)
    HAL_ADC_IRQHandler                       0x08000fd3   Thumb Code   302  stm32f4xx_hal_adc.o(i.HAL_ADC_IRQHandler)
    HAL_ADC_Init                             0x08001101   Thumb Code    84  stm32f4xx_hal_adc.o(i.HAL_ADC_Init)
    HAL_ADC_LevelOutOfWindowCallback         0x08001155   Thumb Code     2  stm32f4xx_hal_adc.o(i.HAL_ADC_LevelOutOfWindowCallback)
    HAL_ADC_MspInit                          0x08001159   Thumb Code   148  adc.o(i.HAL_ADC_MspInit)
    HAL_ADC_Start_DMA                        0x08001201   Thumb Code   302  stm32f4xx_hal_adc.o(i.HAL_ADC_Start_DMA)
    HAL_DMA_Abort                            0x08001355   Thumb Code   146  stm32f4xx_hal_dma.o(i.HAL_DMA_Abort)
    HAL_DMA_Abort_IT                         0x080013e7   Thumb Code    36  stm32f4xx_hal_dma.o(i.HAL_DMA_Abort_IT)
    HAL_DMA_IRQHandler                       0x0800140d   Thumb Code   412  stm32f4xx_hal_dma.o(i.HAL_DMA_IRQHandler)
    HAL_DMA_Init                             0x080015ad   Thumb Code   206  stm32f4xx_hal_dma.o(i.HAL_DMA_Init)
    HAL_DMA_Start_IT                         0x08001681   Thumb Code   110  stm32f4xx_hal_dma.o(i.HAL_DMA_Start_IT)
    HAL_Delay                                0x080016f1   Thumb Code    32  stm32f4xx_hal.o(i.HAL_Delay)
    HAL_GPIO_Init                            0x08001715   Thumb Code   450  stm32f4xx_hal_gpio.o(i.HAL_GPIO_Init)
    HAL_GPIO_ReadPin                         0x08001905   Thumb Code    10  stm32f4xx_hal_gpio.o(i.HAL_GPIO_ReadPin)
    HAL_GPIO_TogglePin                       0x0800190f   Thumb Code    16  stm32f4xx_hal_gpio.o(i.HAL_GPIO_TogglePin)
    HAL_GPIO_WritePin                        0x0800191f   Thumb Code    10  stm32f4xx_hal_gpio.o(i.HAL_GPIO_WritePin)
    HAL_GetTick                              0x08001929   Thumb Code     6  stm32f4xx_hal.o(i.HAL_GetTick)
    HAL_IncTick                              0x08001935   Thumb Code    12  stm32f4xx_hal.o(i.HAL_IncTick)
    HAL_Init                                 0x08001945   Thumb Code    48  stm32f4xx_hal.o(i.HAL_Init)
    HAL_InitTick                             0x08001979   Thumb Code   120  stm32f4xx_hal_timebase_tim.o(i.HAL_InitTick)
    HAL_MspInit                              0x08001a05   Thumb Code    52  stm32f4xx_hal_msp.o(i.HAL_MspInit)
    HAL_NVIC_EnableIRQ                       0x08001a3d   Thumb Code    26  stm32f4xx_hal_cortex.o(i.HAL_NVIC_EnableIRQ)
    HAL_NVIC_SetPriority                     0x08001a59   Thumb Code    60  stm32f4xx_hal_cortex.o(i.HAL_NVIC_SetPriority)
    HAL_NVIC_SetPriorityGrouping             0x08001a99   Thumb Code    26  stm32f4xx_hal_cortex.o(i.HAL_NVIC_SetPriorityGrouping)
    HAL_RCC_ClockConfig                      0x08001abd   Thumb Code   288  stm32f4xx_hal_rcc.o(i.HAL_RCC_ClockConfig)
    HAL_RCC_GetClockConfig                   0x08001bf1   Thumb Code    54  stm32f4xx_hal_rcc.o(i.HAL_RCC_GetClockConfig)
    HAL_RCC_GetHCLKFreq                      0x08001c31   Thumb Code     6  stm32f4xx_hal_rcc.o(i.HAL_RCC_GetHCLKFreq)
    HAL_RCC_GetPCLK1Freq                     0x08001c3d   Thumb Code    20  stm32f4xx_hal_rcc.o(i.HAL_RCC_GetPCLK1Freq)
    HAL_RCC_GetPCLK2Freq                     0x08001c5d   Thumb Code    20  stm32f4xx_hal_rcc.o(i.HAL_RCC_GetPCLK2Freq)
    HAL_RCC_GetSysClockFreq                  0x08001c7d   Thumb Code    88  stm32f4xx_hal_rcc.o(i.HAL_RCC_GetSysClockFreq)
    HAL_RCC_OscConfig                        0x08001ce1   Thumb Code   856  stm32f4xx_hal_rcc.o(i.HAL_RCC_OscConfig)
    HAL_TIMEx_BreakCallback                  0x0800204d   Thumb Code     2  stm32f4xx_hal_tim_ex.o(i.HAL_TIMEx_BreakCallback)
    HAL_TIMEx_CommutCallback                 0x0800204f   Thumb Code     2  stm32f4xx_hal_tim_ex.o(i.HAL_TIMEx_CommutCallback)
    HAL_TIMEx_MasterConfigSynchronization    0x08002051   Thumb Code   116  stm32f4xx_hal_tim_ex.o(i.HAL_TIMEx_MasterConfigSynchronization)
    HAL_TIM_Base_Init                        0x080020e1   Thumb Code    90  stm32f4xx_hal_tim.o(i.HAL_TIM_Base_Init)
    HAL_TIM_Base_MspInit                     0x0800213d   Thumb Code   142  tim.o(i.HAL_TIM_Base_MspInit)
    HAL_TIM_Base_Start_IT                    0x080021d9   Thumb Code   100  stm32f4xx_hal_tim.o(i.HAL_TIM_Base_Start_IT)
    HAL_TIM_ConfigClockSource                0x08002259   Thumb Code   220  stm32f4xx_hal_tim.o(i.HAL_TIM_ConfigClockSource)
    HAL_TIM_IC_CaptureCallback               0x08002335   Thumb Code   262  tim_callback.o(i.HAL_TIM_IC_CaptureCallback)
    HAL_TIM_IC_ConfigChannel                 0x08002471   Thumb Code   292  stm32f4xx_hal_tim.o(i.HAL_TIM_IC_ConfigChannel)
    HAL_TIM_IC_Init                          0x08002595   Thumb Code    90  stm32f4xx_hal_tim.o(i.HAL_TIM_IC_Init)
    HAL_TIM_IC_MspInit                       0x080025ef   Thumb Code     2  stm32f4xx_hal_tim.o(i.HAL_TIM_IC_MspInit)
    HAL_TIM_IC_Start_IT                      0x080025f1   Thumb Code   240  stm32f4xx_hal_tim.o(i.HAL_TIM_IC_Start_IT)
    HAL_TIM_IRQHandler                       0x080026fd   Thumb Code   304  stm32f4xx_hal_tim.o(i.HAL_TIM_IRQHandler)
    HAL_TIM_MspPostInit                      0x0800282d   Thumb Code   106  tim.o(i.HAL_TIM_MspPostInit)
    HAL_TIM_OC_DelayElapsedCallback          0x080028a9   Thumb Code     2  stm32f4xx_hal_tim.o(i.HAL_TIM_OC_DelayElapsedCallback)
    HAL_TIM_PWM_ConfigChannel                0x080028ab   Thumb Code   204  stm32f4xx_hal_tim.o(i.HAL_TIM_PWM_ConfigChannel)
    HAL_TIM_PWM_Init                         0x08002977   Thumb Code    90  stm32f4xx_hal_tim.o(i.HAL_TIM_PWM_Init)
    HAL_TIM_PWM_MspInit                      0x080029d1   Thumb Code     2  stm32f4xx_hal_tim.o(i.HAL_TIM_PWM_MspInit)
    HAL_TIM_PWM_PulseFinishedCallback        0x080029d3   Thumb Code     2  stm32f4xx_hal_tim.o(i.HAL_TIM_PWM_PulseFinishedCallback)
    HAL_TIM_PWM_Start                        0x080029d5   Thumb Code   172  stm32f4xx_hal_tim.o(i.HAL_TIM_PWM_Start)
    HAL_TIM_PeriodElapsedCallback            0x08002a9d   Thumb Code    14  main.o(i.HAL_TIM_PeriodElapsedCallback)
    HAL_TIM_ReadCapturedValue                0x08002ab1   Thumb Code    42  stm32f4xx_hal_tim.o(i.HAL_TIM_ReadCapturedValue)
    HAL_TIM_TriggerCallback                  0x08002adb   Thumb Code     2  stm32f4xx_hal_tim.o(i.HAL_TIM_TriggerCallback)
    HAL_UARTEx_RxEventCallback               0x08002add   Thumb Code     2  stm32f4xx_hal_uart.o(i.HAL_UARTEx_RxEventCallback)
    HAL_UART_DMAStop                         0x08002adf   Thumb Code   112  stm32f4xx_hal_uart.o(i.HAL_UART_DMAStop)
    HAL_UART_ErrorCallback                   0x08002b4f   Thumb Code     2  stm32f4xx_hal_uart.o(i.HAL_UART_ErrorCallback)
    HAL_UART_IRQHandler                      0x08002b51   Thumb Code   618  stm32f4xx_hal_uart.o(i.HAL_UART_IRQHandler)
    HAL_UART_Init                            0x08002dc1   Thumb Code   100  stm32f4xx_hal_uart.o(i.HAL_UART_Init)
    HAL_UART_MspInit                         0x08002e25   Thumb Code   396  usart.o(i.HAL_UART_MspInit)
    HAL_UART_Receive_DMA                     0x08002fd1   Thumb Code    28  stm32f4xx_hal_uart.o(i.HAL_UART_Receive_DMA)
    HAL_UART_Receive_IT                      0x08002fed   Thumb Code    28  stm32f4xx_hal_uart.o(i.HAL_UART_Receive_IT)
    HAL_UART_RxCpltCallback                  0x08003009   Thumb Code    34  usart.o(i.HAL_UART_RxCpltCallback)
    HAL_UART_RxHalfCpltCallback              0x08003039   Thumb Code     2  stm32f4xx_hal_uart.o(i.HAL_UART_RxHalfCpltCallback)
    HAL_UART_Transmit                        0x0800303b   Thumb Code   160  stm32f4xx_hal_uart.o(i.HAL_UART_Transmit)
    HAL_UART_Transmit_DMA                    0x080030dd   Thumb Code   106  stm32f4xx_hal_uart.o(i.HAL_UART_Transmit_DMA)
    HAL_UART_TxCpltCallback                  0x08003155   Thumb Code     2  stm32f4xx_hal_uart.o(i.HAL_UART_TxCpltCallback)
    HAL_UART_TxHalfCpltCallback              0x08003157   Thumb Code     2  stm32f4xx_hal_uart.o(i.HAL_UART_TxHalfCpltCallback)
    HardFault_Handler                        0x08003159   Thumb Code     2  stm32f4xx_it.o(i.HardFault_Handler)
    IMU_EstimateWheelSpeed                   0x0800315d   Thumb Code    68  imu.o(i.IMU_EstimateWheelSpeed)
    IMU_Task                                 0x080031b9   Thumb Code    48  imu.o(i.IMU_Task)
    IR_BT_R_Read                             0x08003221   Thumb Code    10  crash_task.o(i.IR_BT_R_Read)
    IR_CC_R1_Read                            0x08003231   Thumb Code    10  crash_task.o(i.IR_CC_R1_Read)
    IR_SD_Read                               0x08003241   Thumb Code    10  crash_task.o(i.IR_SD_Read)
    Left_Brush_Init                          0x08003251   Thumb Code    60  device_control.o(i.Left_Brush_Init)
    MX_ADC1_Init                             0x08003295   Thumb Code    88  adc.o(i.MX_ADC1_Init)
    MX_DMA_Init                              0x080032f9   Thumb Code   120  dma.o(i.MX_DMA_Init)
    MX_FREERTOS_Init                         0x08003375   Thumb Code   226  freertos.o(i.MX_FREERTOS_Init)
    MX_GPIO_Init                             0x08003461   Thumb Code   342  gpio.o(i.MX_GPIO_Init)
    MX_TIM2_Init                             0x080035cd   Thumb Code   156  tim.o(i.MX_TIM2_Init)
    MX_TIM3_Init                             0x0800366d   Thumb Code   200  tim.o(i.MX_TIM3_Init)
    MX_USART1_UART_Init                      0x0800373d   Thumb Code    48  usart.o(i.MX_USART1_UART_Init)
    MX_USART2_UART_Init                      0x08003775   Thumb Code    48  usart.o(i.MX_USART2_UART_Init)
    MemManage_Handler                        0x080037ad   Thumb Code     2  stm32f4xx_it.o(i.MemManage_Handler)
    Motor_Backward                           0x080037b1   Thumb Code    52  motor_control.o(i.Motor_Backward)
    Motor_Brake                              0x080037e9   Thumb Code    58  motor_control.o(i.Motor_Brake)
    Motor_Forward                            0x08003829   Thumb Code    50  motor_control.o(i.Motor_Forward)
    Motor_Init                               0x08003861   Thumb Code    72  motor_control.o(i.Motor_Init)
    Motor_Left_SetDirection                  0x080038b5   Thumb Code    58  motor_control.o(i.Motor_Left_SetDirection)
    Motor_Right_SetDirection                 0x080038f5   Thumb Code    58  motor_control.o(i.Motor_Right_SetDirection)
    Motor_SetSpeed                           0x08003935   Thumb Code    80  motor_control.o(i.Motor_SetSpeed)
    Motor_Stop                               0x08003991   Thumb Code    54  motor_control.o(i.Motor_Stop)
    Motor_Task                               0x080039cd   Thumb Code   814  motor_task.o(i.Motor_Task)
    Motor_TurnLeft                           0x08003d41   Thumb Code    52  motor_control.o(i.Motor_TurnLeft)
    Motor_TurnRight                          0x08003d79   Thumb Code    50  motor_control.o(i.Motor_TurnRight)
    NMI_Handler                              0x08003db1   Thumb Code     2  stm32f4xx_it.o(i.NMI_Handler)
    PID_Init                                 0x08003db5   Thumb Code    26  pid.o(i.PID_Init)
    PID_Reset                                0x08003dd5   Thumb Code    14  pid.o(i.PID_Reset)
    PID_Update                               0x08003de9   Thumb Code   132  pid.o(i.PID_Update)
    Pump_Init                                0x08003e7d   Thumb Code    60  device_control.o(i.Pump_Init)
    Pump_Task                                0x08003ec1   Thumb Code    28  device_control.o(i.Pump_Task)
    Right_Brush_Init                         0x08003ee1   Thumb Code    62  device_control.o(i.Right_Brush_Init)
    StartDefaultTask                         0x08003f29   Thumb Code     8  freertos.o(i.StartDefaultTask)
    SysTick_Handler                          0x08003f31   Thumb Code    38  port.o(i.SysTick_Handler)
    SystemClock_Config                       0x08003f5d   Thumb Code   134  main.o(i.SystemClock_Config)
    SystemInit                               0x08003fed   Thumb Code    12  system_stm32f4xx.o(i.SystemInit)
    TIM1_UP_TIM10_IRQHandler                 0x08003ffd   Thumb Code     6  stm32f4xx_it.o(i.TIM1_UP_TIM10_IRQHandler)
    TIM2_IRQHandler                          0x08004009   Thumb Code     6  stm32f4xx_it.o(i.TIM2_IRQHandler)
    TIM3_IRQHandler                          0x08004015   Thumb Code     6  stm32f4xx_it.o(i.TIM3_IRQHandler)
    TIM_Base_SetConfig                       0x08004021   Thumb Code   170  stm32f4xx_hal_tim.o(i.TIM_Base_SetConfig)
    TIM_CCxChannelCmd                        0x080040f9   Thumb Code    26  stm32f4xx_hal_tim.o(i.TIM_CCxChannelCmd)
    TIM_ETR_SetConfig                        0x08004113   Thumb Code    20  stm32f4xx_hal_tim.o(i.TIM_ETR_SetConfig)
    TIM_OC2_SetConfig                        0x08004199   Thumb Code    98  stm32f4xx_hal_tim.o(i.TIM_OC2_SetConfig)
    TIM_TI1_SetConfig                        0x080042e1   Thumb Code   100  stm32f4xx_hal_tim.o(i.TIM_TI1_SetConfig)
    Turn_Off_Left_Brush                      0x080043bd   Thumb Code    10  device_control.o(i.Turn_Off_Left_Brush)
    Turn_Off_Pump                            0x080043cd   Thumb Code    10  device_control.o(i.Turn_Off_Pump)
    Turn_Off_Right_Brush                     0x080043dd   Thumb Code    12  device_control.o(i.Turn_Off_Right_Brush)
    Turn_On_Left_Brush                       0x080043ed   Thumb Code    10  device_control.o(i.Turn_On_Left_Brush)
    Turn_On_Pump                             0x080043fd   Thumb Code    10  device_control.o(i.Turn_On_Pump)
    Turn_On_Right_Brush                      0x0800440d   Thumb Code    10  device_control.o(i.Turn_On_Right_Brush)
    UART_Start_Receive_DMA                   0x080047a1   Thumb Code   130  stm32f4xx_hal_uart.o(i.UART_Start_Receive_DMA)
    UART_Start_Receive_IT                    0x08004831   Thumb Code    54  stm32f4xx_hal_uart.o(i.UART_Start_Receive_IT)
    USART1_IRQHandler                        0x080048d9   Thumb Code    16  stm32f4xx_it.o(i.USART1_IRQHandler)
    USART2_IRQHandler                        0x080048ed   Thumb Code    72  stm32f4xx_it.o(i.USART2_IRQHandler)
    USART2_UART_StartDMA                     0x0800493d   Thumb Code    30  usart.o(i.USART2_UART_StartDMA)
    UsageFault_Handler                       0x08004965   Thumb Code     2  stm32f4xx_it.o(i.UsageFault_Handler)
    __0printf                                0x08004969   Thumb Code    22  printfa.o(i.__0printf)
    __1printf                                0x08004969   Thumb Code     0  printfa.o(i.__0printf)
    __2printf                                0x08004969   Thumb Code     0  printfa.o(i.__0printf)
    __c89printf                              0x08004969   Thumb Code     0  printfa.o(i.__0printf)
    printf                                   0x08004969   Thumb Code     0  printfa.o(i.__0printf)
    __0snprintf                              0x08004989   Thumb Code    36  printfa.o(i.__0snprintf)
    __1snprintf                              0x08004989   Thumb Code     0  printfa.o(i.__0snprintf)
    __2snprintf                              0x08004989   Thumb Code     0  printfa.o(i.__0snprintf)
    __c89snprintf                            0x08004989   Thumb Code     0  printfa.o(i.__0snprintf)
    snprintf                                 0x08004989   Thumb Code     0  printfa.o(i.__0snprintf)
    __scatterload_copy                       0x080049d1   Thumb Code    14  handlers.o(i.__scatterload_copy)
    __scatterload_null                       0x080049df   Thumb Code     2  handlers.o(i.__scatterload_null)
    __scatterload_zeroinit                   0x080049e1   Thumb Code    14  handlers.o(i.__scatterload_zeroinit)
    atk_ms601m_get_attitude                  0x08005299   Thumb Code   152  atk_ms601m.o(i.atk_ms601m_get_attitude)
    atk_ms601m_get_gyro_accelerometer        0x08005459   Thumb Code   358  atk_ms601m.o(i.atk_ms601m_get_gyro_accelerometer)
    atk_ms601m_get_quaternion                0x080055cd   Thumb Code   166  atk_ms601m.o(i.atk_ms601m_get_quaternion)
    atk_ms601m_init                          0x08005679   Thumb Code    40  atk_ms601m.o(i.atk_ms601m_init)
    atk_ms601m_read_reg_by_id                0x080056a5   Thumb Code   112  atk_ms601m.o(i.atk_ms601m_read_reg_by_id)
    atk_ms601m_uart_init                     0x08005715   Thumb Code    42  atk_ms601m_uart.o(i.atk_ms601m_uart_init)
    atk_ms601m_uart_rx_fifo_read             0x0800574d   Thumb Code    78  atk_ms601m_uart.o(i.atk_ms601m_uart_rx_fifo_read)
    atk_ms601m_uart_rx_fifo_write            0x080057a1   Thumb Code    50  atk_ms601m_uart.o(i.atk_ms601m_uart_rx_fifo_write)
    atk_ms601m_uart_send                     0x080057d9   Thumb Code    14  atk_ms601m_uart.o(i.atk_ms601m_uart_send)
    battery_task_get_adc_average             0x080057ed   Thumb Code    30  battery_task.o(i.battery_task_get_adc_average)
    battery_task_read_voltage                0x08005811   Thumb Code    48  battery_task.o(i.battery_task_read_voltage)
    battery_task_start_dma                   0x08005851   Thumb Code    26  battery_task.o(i.battery_task_start_dma)
    demo_run                                 0x080059c5   Thumb Code    16  imu.o(i.demo_run)
    fputc                                    0x080059d5   Thumb Code    20  main.o(i.fputc)
    main                                     0x080059f9   Thumb Code   134  main.o(i.main)
    osDelay                                  0x08005ab9   Thumb Code    14  cmsis_os.o(i.osDelay)
    osKernelStart                            0x08005ac7   Thumb Code    10  cmsis_os.o(i.osKernelStart)
    osKernelSysTick                          0x08005ad1   Thumb Code    24  cmsis_os.o(i.osKernelSysTick)
    osMessageCreate                          0x08005ae9   Thumb Code    38  cmsis_os.o(i.osMessageCreate)
    osMessageGet                             0x08005b11   Thumb Code   144  cmsis_os.o(i.osMessageGet)
    osMessagePut                             0x08005ba5   Thumb Code    86  cmsis_os.o(i.osMessagePut)
    osThreadCreate                           0x08005c01   Thumb Code    84  cmsis_os.o(i.osThreadCreate)
    pvPortMalloc                             0x080060d5   Thumb Code   216  heap_4.o(i.pvPortMalloc)
    pxPortInitialiseStack                    0x080061b1   Thumb Code    40  port.o(i.pxPortInitialiseStack)
    uart2_dma_send                           0x080061dd   Thumb Code    10  usart.o(i.uart2_dma_send)
    uart2_rx_callback                        0x080061ed   Thumb Code   184  motor_task.o(i.uart2_rx_callback)
    uart2_tx_task                            0x080062b9   Thumb Code    50  imu.o(i.uart2_tx_task)
    uxListRemove                             0x080062f1   Thumb Code    38  list.o(i.uxListRemove)
    vApplicationGetIdleTaskMemory            0x08006319   Thumb Code    16  freertos.o(i.vApplicationGetIdleTaskMemory)
    vListInitialise                          0x0800632d   Thumb Code    22  list.o(i.vListInitialise)
    vListInitialiseItem                      0x08006343   Thumb Code     6  list.o(i.vListInitialiseItem)
    vListInsert                              0x08006349   Thumb Code    48  list.o(i.vListInsert)
    vListInsertEnd                           0x08006379   Thumb Code    24  list.o(i.vListInsertEnd)
    vPortEnterCritical                       0x08006391   Thumb Code    54  port.o(i.vPortEnterCritical)
    vPortExitCritical                        0x080063d1   Thumb Code    34  port.o(i.vPortExitCritical)
    vPortFree                                0x080063f9   Thumb Code    94  heap_4.o(i.vPortFree)
    vPortSetupTimerInterrupt                 0x0800645d   Thumb Code    32  port.o(i.vPortSetupTimerInterrupt)
    vPortValidateInterruptPriority           0x08006481   Thumb Code    74  port.o(i.vPortValidateInterruptPriority)
    vTaskDelay                               0x080064d5   Thumb Code    66  tasks.o(i.vTaskDelay)
    vTaskInternalSetTimeOutState             0x08006521   Thumb Code    12  tasks.o(i.vTaskInternalSetTimeOutState)
    vTaskMissedYield                         0x08006531   Thumb Code     8  tasks.o(i.vTaskMissedYield)
    vTaskPlaceOnEventList                    0x0800653d   Thumb Code    44  tasks.o(i.vTaskPlaceOnEventList)
    vTaskStartScheduler                      0x0800656d   Thumb Code    90  tasks.o(i.vTaskStartScheduler)
    vTaskSuspendAll                          0x080065d9   Thumb Code    10  tasks.o(i.vTaskSuspendAll)
    vTaskSwitchContext                       0x080065e9   Thumb Code    82  tasks.o(i.vTaskSwitchContext)
    xPortStartScheduler                      0x08006645   Thumb Code   222  port.o(i.xPortStartScheduler)
    xQueueGenericCreate                      0x08006739   Thumb Code    66  queue.o(i.xQueueGenericCreate)
    xQueueGenericCreateStatic                0x0800677b   Thumb Code   102  queue.o(i.xQueueGenericCreateStatic)
    xQueueGenericReset                       0x080067e1   Thumb Code   132  queue.o(i.xQueueGenericReset)
    xQueueGenericSend                        0x08006869   Thumb Code   346  queue.o(i.xQueueGenericSend)
    xQueueGenericSendFromISR                 0x080069c9   Thumb Code   190  queue.o(i.xQueueGenericSendFromISR)
    xQueueReceive                            0x08006a89   Thumb Code   308  queue.o(i.xQueueReceive)
    xQueueReceiveFromISR                     0x08006bc1   Thumb Code   154  queue.o(i.xQueueReceiveFromISR)
    xTaskCheckForTimeOut                     0x08006c5d   Thumb Code   112  tasks.o(i.xTaskCheckForTimeOut)
    xTaskCreate                              0x08006cd1   Thumb Code    90  tasks.o(i.xTaskCreate)
    xTaskCreateStatic                        0x08006d2b   Thumb Code    86  tasks.o(i.xTaskCreateStatic)
    xTaskGetSchedulerState                   0x08006d81   Thumb Code    22  tasks.o(i.xTaskGetSchedulerState)
    xTaskGetTickCount                        0x08006d9d   Thumb Code     6  tasks.o(i.xTaskGetTickCount)
    xTaskGetTickCountFromISR                 0x08006da9   Thumb Code    12  tasks.o(i.xTaskGetTickCountFromISR)
    xTaskIncrementTick                       0x08006db9   Thumb Code   194  tasks.o(i.xTaskIncrementTick)
    xTaskPriorityDisinherit                  0x08006e85   Thumb Code   144  tasks.o(i.xTaskPriorityDisinherit)
    xTaskRemoveFromEventList                 0x08006f1d   Thumb Code   108  tasks.o(i.xTaskRemoveFromEventList)
    xTaskResumeAll                           0x08006f91   Thumb Code   182  tasks.o(i.xTaskResumeAll)
    AHBPrescTable                            0x08007168   Data          16  system_stm32f4xx.o(.constdata)
    APBPrescTable                            0x08007178   Data           8  system_stm32f4xx.o(.constdata)
    Region$$Table$$Base                      0x08007280   Number         0  anon$$obj.o(Region$$Table)
    Region$$Table$$Limit                     0x080072a0   Number         0  anon$$obj.o(Region$$Table)
    last_capture_ch1                         0x20000000   Data           4  main.o(.data)
    pulse_interval_ch1                       0x20000004   Data           4  main.o(.data)
    motor_speed_rps_ch1                      0x20000008   Data           4  main.o(.data)
    last_capture_ch2                         0x2000000c   Data           4  main.o(.data)
    pulse_interval_ch2                       0x20000010   Data           4  main.o(.data)
    motor_speed_rps_ch2                      0x20000014   Data           4  main.o(.data)
    rx_byte                                  0x20000018   Data           1  main.o(.data)
    uart2_tx_queue                           0x2000001c   Data           4  freertos.o(.data)
    defaultTaskHandle                        0x20000020   Data           4  freertos.o(.data)
    MotorHandle                              0x20000024   Data           4  freertos.o(.data)
    IMUHandle                                0x20000028   Data           4  freertos.o(.data)
    BrushHandle                              0x2000002c   Data           4  freertos.o(.data)
    PumpHandle                               0x20000030   Data           4  freertos.o(.data)
    FanHandle                                0x20000034   Data           4  freertos.o(.data)
    CrashHandle                              0x20000038   Data           4  freertos.o(.data)
    BatteryHandle                            0x2000003c   Data           4  freertos.o(.data)
    uwTickFreq                               0x20000040   Data           1  stm32f4xx_hal.o(.data)
    uwTickPrio                               0x20000044   Data           4  stm32f4xx_hal.o(.data)
    uwTick                                   0x20000048   Data           4  stm32f4xx_hal.o(.data)
    SystemCoreClock                          0x2000004c   Data           4  system_stm32f4xx.o(.data)
    brush_enabled                            0x20000050   Data           1  device_control.o(.data)
    pump_enabled                             0x20000051   Data           1  device_control.o(.data)
    fan_enabled                              0x20000052   Data           1  fan_control.o(.data)
    control_mode                             0x2000005c   Data           4  motor_task.o(.data)
    linear_velocity                          0x20000060   Data           4  motor_task.o(.data)
    angular_velocity_z                       0x20000064   Data           4  motor_task.o(.data)
    pwm_left                                 0x20000068   Data           4  motor_task.o(.data)
    pwm_right                                0x2000006c   Data           4  motor_task.o(.data)
    speed_left                               0x20000070   Data           4  motor_task.o(.data)
    speed_right                              0x20000074   Data           4  motor_task.o(.data)
    filter_index_left                        0x20000078   Data           4  motor_task.o(.data)
    filter_index_right                       0x2000007c   Data           4  motor_task.o(.data)
    nav_linear_velocity                      0x20000080   Data           4  motor_task.o(.data)
    nav_angular_velocity                     0x20000084   Data           4  motor_task.o(.data)
    temp                                     0x20000088   Data           4  motor_task.o(.data)
    v                                        0x2000008c   Data           4  motor_task.o(.data)
    w                                        0x20000090   Data           4  motor_task.o(.data)
    v_left                                   0x20000094   Data           4  motor_task.o(.data)
    v_right                                  0x20000098   Data           4  motor_task.o(.data)
    target_rps_left                          0x2000009c   Data           4  motor_task.o(.data)
    target_rps_right                         0x200000a0   Data           4  motor_task.o(.data)
    filtered_speed_left                      0x200000a4   Data           4  motor_task.o(.data)
    filtered_speed_right                     0x200000a8   Data           4  motor_task.o(.data)
    pulse_count1                             0x200000ac   Data           4  motor_task.o(.data)
    pulse_count2                             0x200000b0   Data           4  motor_task.o(.data)
    left_distance                            0x200000b4   Data           4  motor_task.o(.data)
    right_distance                           0x200000b8   Data           4  motor_task.o(.data)
    distance_per_pulse                       0x200000bc   Data           4  tim_callback.o(.data)
    IR_SD_FallFlag                           0x200000c0   Data           1  crash_task.o(.data)
    IR_BT_R_FallFlag                         0x200000c1   Data           1  crash_task.o(.data)
    IR_CC_R1_FallFlag                        0x200000c2   Data           1  crash_task.o(.data)
    IR_BT_F_Flag                             0x200000c3   Data           1  crash_task.o(.data)
    IR_BT_L_Flag                             0x200000c4   Data           1  crash_task.o(.data)
    IRHIT_L_Flag                             0x200000c5   Data           1  crash_task.o(.data)
    IRHIT_R_Flag                             0x200000c6   Data           1  crash_task.o(.data)
    pxCurrentTCB                             0x200000cc   Data           4  tasks.o(.data)
    __stdout                                 0x20000134   Data           4  stdout.o(.data)
    hadc1                                    0x2000038c   Data          72  adc.o(.bss)
    hdma_adc1                                0x200003d4   Data          96  adc.o(.bss)
    htim2                                    0x20000434   Data          72  tim.o(.bss)
    htim3                                    0x2000047c   Data          72  tim.o(.bss)
    uart2_rx_buffer                          0x200004c4   Data         256  usart.o(.bss)
    huart1                                   0x200005c4   Data          72  usart.o(.bss)
    huart2                                   0x2000060c   Data          72  usart.o(.bss)
    hdma_usart1_rx                           0x20000654   Data          96  usart.o(.bss)
    hdma_usart1_tx                           0x200006b4   Data          96  usart.o(.bss)
    hdma_usart2_rx                           0x20000714   Data          96  usart.o(.bss)
    hdma_usart2_tx                           0x20000774   Data          96  usart.o(.bss)
    htim1                                    0x200007d4   Data          72  stm32f4xx_hal_timebase_tim.o(.bss)
    speed_left_buf                           0x20000ab0   Data          20  motor_task.o(.bss)
    speed_right_buf                          0x20000ac4   Data          20  motor_task.o(.bss)
    __initial_sp                             0x20004c00   Data           0  startup_stm32f407xx.o(STACK)



==============================================================================

Memory Map of the image

  Image Entry point : 0x08000189

  Load Region LR_IROM1 (Base: 0x08000000, Size: 0x000073d8, Max: 0x00080000, ABSOLUTE, COMPRESSED[0x000072b8])

    Execution Region ER_IROM1 (Exec base: 0x08000000, Load base: 0x08000000, Size: 0x000072a0, Max: 0x00080000, ABSOLUTE)

    Exec Addr    Load Addr    Size         Type   Attr      Idx    E Section Name        Object

    0x08000000   0x08000000   0x00000188   Data   RO            3    RESET               startup_stm32f407xx.o
    0x08000188   0x08000188   0x00000000   Code   RO         5533  * .ARM.Collect$$$$00000000  mc_w.l(entry.o)
    0x08000188   0x08000188   0x00000004   Code   RO         5817    .ARM.Collect$$$$00000001  mc_w.l(entry2.o)
    0x0800018c   0x0800018c   0x00000004   Code   RO         5820    .ARM.Collect$$$$00000004  mc_w.l(entry5.o)
    0x08000190   0x08000190   0x00000000   Code   RO         5822    .ARM.Collect$$$$00000008  mc_w.l(entry7b.o)
    0x08000190   0x08000190   0x00000000   Code   RO         5824    .ARM.Collect$$$$0000000A  mc_w.l(entry8b.o)
    0x08000190   0x08000190   0x00000008   Code   RO         5825    .ARM.Collect$$$$0000000B  mc_w.l(entry9a.o)
    0x08000198   0x08000198   0x00000000   Code   RO         5827    .ARM.Collect$$$$0000000D  mc_w.l(entry10a.o)
    0x08000198   0x08000198   0x00000000   Code   RO         5829    .ARM.Collect$$$$0000000F  mc_w.l(entry11a.o)
    0x08000198   0x08000198   0x00000004   Code   RO         5818    .ARM.Collect$$$$00002712  mc_w.l(entry2.o)
    0x0800019c   0x0800019c   0x000000be   Code   RO         5456    .emb_text           port.o
    0x0800025a   0x0800025a   0x00000002   PAD
    0x0800025c   0x0800025c   0x00000024   Code   RO            4    .text               startup_stm32f407xx.o
    0x08000280   0x08000280   0x00000062   Code   RO         5536    .text               mc_w.l(uldiv.o)
    0x080002e2   0x080002e2   0x00000024   Code   RO         5538    .text               mc_w.l(memcpya.o)
    0x08000306   0x08000306   0x00000024   Code   RO         5542    .text               mc_w.l(memseta.o)
    0x0800032a   0x0800032a   0x0000000e   Code   RO         5544    .text               mc_w.l(strlen.o)
    0x08000338   0x08000338   0x000000de   Code   RO         5809    .text               mf_w.l(ddiv.o)
    0x08000416   0x08000416   0x0000001a   Code   RO         5811    .text               mf_w.l(dfltui.o)
    0x08000430   0x08000430   0x00000032   Code   RO         5813    .text               mf_w.l(dfixui.o)
    0x08000462   0x08000462   0x00000026   Code   RO         5815    .text               mf_w.l(f2d.o)
    0x08000488   0x08000488   0x0000002c   Code   RO         5832    .text               mc_w.l(uidiv.o)
    0x080004b4   0x080004b4   0x0000001e   Code   RO         5834    .text               mc_w.l(llshl.o)
    0x080004d2   0x080004d2   0x00000020   Code   RO         5836    .text               mc_w.l(llushr.o)
    0x080004f2   0x080004f2   0x00000000   Code   RO         5838    .text               mc_w.l(iusefp.o)
    0x080004f2   0x080004f2   0x000000ba   Code   RO         5839    .text               mf_w.l(depilogue.o)
    0x080005ac   0x080005ac   0x0000014e   Code   RO         5841    .text               mf_w.l(dadd.o)
    0x080006fa   0x080006fa   0x000000e4   Code   RO         5843    .text               mf_w.l(dmul.o)
    0x080007de   0x080007de   0x00000030   Code   RO         5845    .text               mf_w.l(dfixul.o)
    0x0800080e   0x0800080e   0x00000002   PAD
    0x08000810   0x08000810   0x00000030   Code   RO         5847    .text               mf_w.l(cdrcmple.o)
    0x08000840   0x08000840   0x00000024   Code   RO         5849    .text               mc_w.l(init.o)
    0x08000864   0x08000864   0x00000024   Code   RO         5851    .text               mc_w.l(llsshr.o)
    0x08000888   0x08000888   0x0000003a   Code   RO         5861    .text               mc_w.l(__dczerorl.o)
    0x080008c2   0x080008c2   0x0000006e   Code   RO         1725    i.ADC_DMAConvCplt   stm32f4xx_hal_adc.o
    0x08000930   0x08000930   0x00000016   Code   RO         1726    i.ADC_DMAError      stm32f4xx_hal_adc.o
    0x08000946   0x08000946   0x0000000a   Code   RO         1727    i.ADC_DMAHalfConvCplt  stm32f4xx_hal_adc.o
    0x08000950   0x08000950   0x0000000c   Code   RO          561    i.ADC_IRQHandler    stm32f4xx_it.o
    0x0800095c   0x0800095c   0x00000128   Code   RO         1728    i.ADC_Init          stm32f4xx_hal_adc.o
    0x08000a84   0x08000a84   0x00000084   Code   RO         3893    i.ATK_MS601M_UART_IRQHandler  atk_ms601m_uart.o
    0x08000b08   0x08000b08   0x00000014   Code   RO         4007    i.Battery_Task      battery_task.o
    0x08000b1c   0x08000b1c   0x0000002c   Code   RO         3636    i.Brush_Task        device_control.o
    0x08000b48   0x08000b48   0x00000002   Code   RO          562    i.BusFault_Handler  stm32f4xx_it.o
    0x08000b4a   0x08000b4a   0x00000002   PAD
    0x08000b4c   0x08000b4c   0x00000104   Code   RO         4193    i.Crash_Task        crash_task.o
    0x08000c50   0x08000c50   0x0000000c   Code   RO          563    i.DMA1_Stream5_IRQHandler  stm32f4xx_it.o
    0x08000c5c   0x08000c5c   0x0000000c   Code   RO          564    i.DMA1_Stream6_IRQHandler  stm32f4xx_it.o
    0x08000c68   0x08000c68   0x0000000c   Code   RO          565    i.DMA2_Stream0_IRQHandler  stm32f4xx_it.o
    0x08000c74   0x08000c74   0x0000000c   Code   RO          566    i.DMA2_Stream2_IRQHandler  stm32f4xx_it.o
    0x08000c80   0x08000c80   0x0000000c   Code   RO          567    i.DMA2_Stream7_IRQHandler  stm32f4xx_it.o
    0x08000c8c   0x08000c8c   0x00000028   Code   RO         2462    i.DMA_CalcBaseAndBitshift  stm32f4xx_hal_dma.o
    0x08000cb4   0x08000cb4   0x00000054   Code   RO         2463    i.DMA_CheckFifoParam  stm32f4xx_hal_dma.o
    0x08000d08   0x08000d08   0x00000028   Code   RO         2464    i.DMA_SetConfig     stm32f4xx_hal_dma.o
    0x08000d30   0x08000d30   0x00000028   Code   RO          423    i.DWT_Delay_us      tim.o
    0x08000d58   0x08000d58   0x00000028   Code   RO          424    i.DWT_Init          tim.o
    0x08000d80   0x08000d80   0x00000002   Code   RO          568    i.DebugMon_Handler  stm32f4xx_it.o
    0x08000d82   0x08000d82   0x00000002   PAD
    0x08000d84   0x08000d84   0x00000030   Code   RO           13    i.Error_Handler     main.o
    0x08000db4   0x08000db4   0x00000044   Code   RO         3721    i.Fan_Init          fan_control.o
    0x08000df8   0x08000df8   0x00000020   Code   RO         3722    i.Fan_Task          fan_control.o
    0x08000e18   0x08000e18   0x00000010   Code   RO         3723    i.Fan_TurnOff       fan_control.o
    0x08000e28   0x08000e28   0x00000010   Code   RO         3724    i.Fan_TurnOn        fan_control.o
    0x08000e38   0x08000e38   0x00000044   Code   RO         4057    i.FilterSpeed       motor_task.o
    0x08000e7c   0x08000e7c   0x00000002   Code   RO         1899    i.HAL_ADCEx_InjectedConvCpltCallback  stm32f4xx_hal_adc_ex.o
    0x08000e7e   0x08000e7e   0x00000002   PAD
    0x08000e80   0x08000e80   0x0000014c   Code   RO         1730    i.HAL_ADC_ConfigChannel  stm32f4xx_hal_adc.o
    0x08000fcc   0x08000fcc   0x00000002   Code   RO         1731    i.HAL_ADC_ConvCpltCallback  stm32f4xx_hal_adc.o
    0x08000fce   0x08000fce   0x00000002   Code   RO         1732    i.HAL_ADC_ConvHalfCpltCallback  stm32f4xx_hal_adc.o
    0x08000fd0   0x08000fd0   0x00000002   Code   RO         1734    i.HAL_ADC_ErrorCallback  stm32f4xx_hal_adc.o
    0x08000fd2   0x08000fd2   0x0000012e   Code   RO         1738    i.HAL_ADC_IRQHandler  stm32f4xx_hal_adc.o
    0x08001100   0x08001100   0x00000054   Code   RO         1739    i.HAL_ADC_Init      stm32f4xx_hal_adc.o
    0x08001154   0x08001154   0x00000002   Code   RO         1740    i.HAL_ADC_LevelOutOfWindowCallback  stm32f4xx_hal_adc.o
    0x08001156   0x08001156   0x00000002   PAD
    0x08001158   0x08001158   0x000000a8   Code   RO          358    i.HAL_ADC_MspInit   adc.o
    0x08001200   0x08001200   0x00000154   Code   RO         1746    i.HAL_ADC_Start_DMA  stm32f4xx_hal_adc.o
    0x08001354   0x08001354   0x00000092   Code   RO         2465    i.HAL_DMA_Abort     stm32f4xx_hal_dma.o
    0x080013e6   0x080013e6   0x00000024   Code   RO         2466    i.HAL_DMA_Abort_IT  stm32f4xx_hal_dma.o
    0x0800140a   0x0800140a   0x00000002   PAD
    0x0800140c   0x0800140c   0x000001a0   Code   RO         2470    i.HAL_DMA_IRQHandler  stm32f4xx_hal_dma.o
    0x080015ac   0x080015ac   0x000000d4   Code   RO         2471    i.HAL_DMA_Init      stm32f4xx_hal_dma.o
    0x08001680   0x08001680   0x0000006e   Code   RO         2475    i.HAL_DMA_Start_IT  stm32f4xx_hal_dma.o
    0x080016ee   0x080016ee   0x00000002   PAD
    0x080016f0   0x080016f0   0x00000024   Code   RO         2902    i.HAL_Delay         stm32f4xx_hal.o
    0x08001714   0x08001714   0x000001f0   Code   RO         2358    i.HAL_GPIO_Init     stm32f4xx_hal_gpio.o
    0x08001904   0x08001904   0x0000000a   Code   RO         2360    i.HAL_GPIO_ReadPin  stm32f4xx_hal_gpio.o
    0x0800190e   0x0800190e   0x00000010   Code   RO         2361    i.HAL_GPIO_TogglePin  stm32f4xx_hal_gpio.o
    0x0800191e   0x0800191e   0x0000000a   Code   RO         2362    i.HAL_GPIO_WritePin  stm32f4xx_hal_gpio.o
    0x08001928   0x08001928   0x0000000c   Code   RO         2908    i.HAL_GetTick       stm32f4xx_hal.o
    0x08001934   0x08001934   0x00000010   Code   RO         2914    i.HAL_IncTick       stm32f4xx_hal.o
    0x08001944   0x08001944   0x00000034   Code   RO         2915    i.HAL_Init          stm32f4xx_hal.o
    0x08001978   0x08001978   0x0000008c   Code   RO          713    i.HAL_InitTick      stm32f4xx_hal_timebase_tim.o
    0x08001a04   0x08001a04   0x00000038   Code   RO          689    i.HAL_MspInit       stm32f4xx_hal_msp.o
    0x08001a3c   0x08001a3c   0x0000001a   Code   RO         2750    i.HAL_NVIC_EnableIRQ  stm32f4xx_hal_cortex.o
    0x08001a56   0x08001a56   0x00000002   PAD
    0x08001a58   0x08001a58   0x00000040   Code   RO         2756    i.HAL_NVIC_SetPriority  stm32f4xx_hal_cortex.o
    0x08001a98   0x08001a98   0x00000024   Code   RO         2757    i.HAL_NVIC_SetPriorityGrouping  stm32f4xx_hal_cortex.o
    0x08001abc   0x08001abc   0x00000134   Code   RO         2004    i.HAL_RCC_ClockConfig  stm32f4xx_hal_rcc.o
    0x08001bf0   0x08001bf0   0x00000040   Code   RO         2008    i.HAL_RCC_GetClockConfig  stm32f4xx_hal_rcc.o
    0x08001c30   0x08001c30   0x0000000c   Code   RO         2009    i.HAL_RCC_GetHCLKFreq  stm32f4xx_hal_rcc.o
    0x08001c3c   0x08001c3c   0x00000020   Code   RO         2011    i.HAL_RCC_GetPCLK1Freq  stm32f4xx_hal_rcc.o
    0x08001c5c   0x08001c5c   0x00000020   Code   RO         2012    i.HAL_RCC_GetPCLK2Freq  stm32f4xx_hal_rcc.o
    0x08001c7c   0x08001c7c   0x00000064   Code   RO         2013    i.HAL_RCC_GetSysClockFreq  stm32f4xx_hal_rcc.o
    0x08001ce0   0x08001ce0   0x0000036c   Code   RO         2016    i.HAL_RCC_OscConfig  stm32f4xx_hal_rcc.o
    0x0800204c   0x0800204c   0x00000002   Code   RO         1458    i.HAL_TIMEx_BreakCallback  stm32f4xx_hal_tim_ex.o
    0x0800204e   0x0800204e   0x00000002   Code   RO         1459    i.HAL_TIMEx_CommutCallback  stm32f4xx_hal_tim_ex.o
    0x08002050   0x08002050   0x00000090   Code   RO         1477    i.HAL_TIMEx_MasterConfigSynchronization  stm32f4xx_hal_tim_ex.o
    0x080020e0   0x080020e0   0x0000005a   Code   RO          754    i.HAL_TIM_Base_Init  stm32f4xx_hal_tim.o
    0x0800213a   0x0800213a   0x00000002   PAD
    0x0800213c   0x0800213c   0x0000009c   Code   RO          426    i.HAL_TIM_Base_MspInit  tim.o
    0x080021d8   0x080021d8   0x00000080   Code   RO          759    i.HAL_TIM_Base_Start_IT  stm32f4xx_hal_tim.o
    0x08002258   0x08002258   0x000000dc   Code   RO          763    i.HAL_TIM_ConfigClockSource  stm32f4xx_hal_tim.o
    0x08002334   0x08002334   0x0000013c   Code   RO         4134    i.HAL_TIM_IC_CaptureCallback  tim_callback.o
    0x08002470   0x08002470   0x00000124   Code   RO          790    i.HAL_TIM_IC_ConfigChannel  stm32f4xx_hal_tim.o
    0x08002594   0x08002594   0x0000005a   Code   RO          793    i.HAL_TIM_IC_Init   stm32f4xx_hal_tim.o
    0x080025ee   0x080025ee   0x00000002   Code   RO          795    i.HAL_TIM_IC_MspInit  stm32f4xx_hal_tim.o
    0x080025f0   0x080025f0   0x0000010c   Code   RO          798    i.HAL_TIM_IC_Start_IT  stm32f4xx_hal_tim.o
    0x080026fc   0x080026fc   0x00000130   Code   RO          802    i.HAL_TIM_IRQHandler  stm32f4xx_hal_tim.o
    0x0800282c   0x0800282c   0x0000007c   Code   RO          427    i.HAL_TIM_MspPostInit  tim.o
    0x080028a8   0x080028a8   0x00000002   Code   RO          805    i.HAL_TIM_OC_DelayElapsedCallback  stm32f4xx_hal_tim.o
    0x080028aa   0x080028aa   0x000000cc   Code   RO          826    i.HAL_TIM_PWM_ConfigChannel  stm32f4xx_hal_tim.o
    0x08002976   0x08002976   0x0000005a   Code   RO          829    i.HAL_TIM_PWM_Init  stm32f4xx_hal_tim.o
    0x080029d0   0x080029d0   0x00000002   Code   RO          831    i.HAL_TIM_PWM_MspInit  stm32f4xx_hal_tim.o
    0x080029d2   0x080029d2   0x00000002   Code   RO          832    i.HAL_TIM_PWM_PulseFinishedCallback  stm32f4xx_hal_tim.o
    0x080029d4   0x080029d4   0x000000c8   Code   RO          834    i.HAL_TIM_PWM_Start  stm32f4xx_hal_tim.o
    0x08002a9c   0x08002a9c   0x00000014   Code   RO           14    i.HAL_TIM_PeriodElapsedCallback  main.o
    0x08002ab0   0x08002ab0   0x0000002a   Code   RO          842    i.HAL_TIM_ReadCapturedValue  stm32f4xx_hal_tim.o
    0x08002ada   0x08002ada   0x00000002   Code   RO          845    i.HAL_TIM_TriggerCallback  stm32f4xx_hal_tim.o
    0x08002adc   0x08002adc   0x00000002   Code   RO         3165    i.HAL_UARTEx_RxEventCallback  stm32f4xx_hal_uart.o
    0x08002ade   0x08002ade   0x00000070   Code   RO         3177    i.HAL_UART_DMAStop  stm32f4xx_hal_uart.o
    0x08002b4e   0x08002b4e   0x00000002   Code   RO         3179    i.HAL_UART_ErrorCallback  stm32f4xx_hal_uart.o
    0x08002b50   0x08002b50   0x00000270   Code   RO         3182    i.HAL_UART_IRQHandler  stm32f4xx_hal_uart.o
    0x08002dc0   0x08002dc0   0x00000064   Code   RO         3183    i.HAL_UART_Init     stm32f4xx_hal_uart.o
    0x08002e24   0x08002e24   0x000001ac   Code   RO          490    i.HAL_UART_MspInit  usart.o
    0x08002fd0   0x08002fd0   0x0000001c   Code   RO         3187    i.HAL_UART_Receive_DMA  stm32f4xx_hal_uart.o
    0x08002fec   0x08002fec   0x0000001c   Code   RO         3188    i.HAL_UART_Receive_IT  stm32f4xx_hal_uart.o
    0x08003008   0x08003008   0x00000030   Code   RO          491    i.HAL_UART_RxCpltCallback  usart.o
    0x08003038   0x08003038   0x00000002   Code   RO         3190    i.HAL_UART_RxHalfCpltCallback  stm32f4xx_hal_uart.o
    0x0800303a   0x0800303a   0x000000a0   Code   RO         3191    i.HAL_UART_Transmit  stm32f4xx_hal_uart.o
    0x080030da   0x080030da   0x00000002   PAD
    0x080030dc   0x080030dc   0x00000078   Code   RO         3192    i.HAL_UART_Transmit_DMA  stm32f4xx_hal_uart.o
    0x08003154   0x08003154   0x00000002   Code   RO         3194    i.HAL_UART_TxCpltCallback  stm32f4xx_hal_uart.o
    0x08003156   0x08003156   0x00000002   Code   RO         3195    i.HAL_UART_TxHalfCpltCallback  stm32f4xx_hal_uart.o
    0x08003158   0x08003158   0x00000002   Code   RO          569    i.HardFault_Handler  stm32f4xx_it.o
    0x0800315a   0x0800315a   0x00000002   PAD
    0x0800315c   0x0800315c   0x0000005c   Code   RO         3951    i.IMU_EstimateWheelSpeed  imu.o
    0x080031b8   0x080031b8   0x00000068   Code   RO         3952    i.IMU_Task          imu.o
    0x08003220   0x08003220   0x00000010   Code   RO         4194    i.IR_BT_R_Read      crash_task.o
    0x08003230   0x08003230   0x00000010   Code   RO         4195    i.IR_CC_R1_Read     crash_task.o
    0x08003240   0x08003240   0x00000010   Code   RO         4196    i.IR_SD_Read        crash_task.o
    0x08003250   0x08003250   0x00000044   Code   RO         3637    i.Left_Brush_Init   device_control.o
    0x08003294   0x08003294   0x00000064   Code   RO          359    i.MX_ADC1_Init      adc.o
    0x080032f8   0x080032f8   0x0000007c   Code   RO          399    i.MX_DMA_Init       dma.o
    0x08003374   0x08003374   0x000000ec   Code   RO          304    i.MX_FREERTOS_Init  freertos.o
    0x08003460   0x08003460   0x0000016c   Code   RO          276    i.MX_GPIO_Init      gpio.o
    0x080035cc   0x080035cc   0x000000a0   Code   RO          428    i.MX_TIM2_Init      tim.o
    0x0800366c   0x0800366c   0x000000d0   Code   RO          429    i.MX_TIM3_Init      tim.o
    0x0800373c   0x0800373c   0x00000038   Code   RO          492    i.MX_USART1_UART_Init  usart.o
    0x08003774   0x08003774   0x00000038   Code   RO          493    i.MX_USART2_UART_Init  usart.o
    0x080037ac   0x080037ac   0x00000002   Code   RO          570    i.MemManage_Handler  stm32f4xx_it.o
    0x080037ae   0x080037ae   0x00000002   PAD
    0x080037b0   0x080037b0   0x00000038   Code   RO         3554    i.Motor_Backward    motor_control.o
    0x080037e8   0x080037e8   0x00000040   Code   RO         3555    i.Motor_Brake       motor_control.o
    0x08003828   0x08003828   0x00000038   Code   RO         3556    i.Motor_Forward     motor_control.o
    0x08003860   0x08003860   0x00000054   Code   RO         3557    i.Motor_Init        motor_control.o
    0x080038b4   0x080038b4   0x00000040   Code   RO         3558    i.Motor_Left_SetDirection  motor_control.o
    0x080038f4   0x080038f4   0x00000040   Code   RO         3559    i.Motor_Right_SetDirection  motor_control.o
    0x08003934   0x08003934   0x0000005c   Code   RO         3560    i.Motor_SetSpeed    motor_control.o
    0x08003990   0x08003990   0x0000003c   Code   RO         3561    i.Motor_Stop        motor_control.o
    0x080039cc   0x080039cc   0x00000374   Code   RO         4058    i.Motor_Task        motor_task.o
    0x08003d40   0x08003d40   0x00000038   Code   RO         3562    i.Motor_TurnLeft    motor_control.o
    0x08003d78   0x08003d78   0x00000038   Code   RO         3563    i.Motor_TurnRight   motor_control.o
    0x08003db0   0x08003db0   0x00000002   Code   RO          571    i.NMI_Handler       stm32f4xx_it.o
    0x08003db2   0x08003db2   0x00000002   PAD
    0x08003db4   0x08003db4   0x00000020   Code   RO         4166    i.PID_Init          pid.o
    0x08003dd4   0x08003dd4   0x00000014   Code   RO         4167    i.PID_Reset         pid.o
    0x08003de8   0x08003de8   0x00000094   Code   RO         4168    i.PID_Update        pid.o
    0x08003e7c   0x08003e7c   0x00000044   Code   RO         3638    i.Pump_Init         device_control.o
    0x08003ec0   0x08003ec0   0x00000020   Code   RO         3639    i.Pump_Task         device_control.o
    0x08003ee0   0x08003ee0   0x00000048   Code   RO         3640    i.Right_Brush_Init  device_control.o
    0x08003f28   0x08003f28   0x00000008   Code   RO          305    i.StartDefaultTask  freertos.o
    0x08003f30   0x08003f30   0x0000002c   Code   RO         5457    i.SysTick_Handler   port.o
    0x08003f5c   0x08003f5c   0x00000090   Code   RO           15    i.SystemClock_Config  main.o
    0x08003fec   0x08003fec   0x00000010   Code   RO         3517    i.SystemInit        system_stm32f4xx.o
    0x08003ffc   0x08003ffc   0x0000000c   Code   RO          572    i.TIM1_UP_TIM10_IRQHandler  stm32f4xx_it.o
    0x08004008   0x08004008   0x0000000c   Code   RO          573    i.TIM2_IRQHandler   stm32f4xx_it.o
    0x08004014   0x08004014   0x0000000c   Code   RO          574    i.TIM3_IRQHandler   stm32f4xx_it.o
    0x08004020   0x08004020   0x000000d8   Code   RO          847    i.TIM_Base_SetConfig  stm32f4xx_hal_tim.o
    0x080040f8   0x080040f8   0x0000001a   Code   RO          848    i.TIM_CCxChannelCmd  stm32f4xx_hal_tim.o
    0x08004112   0x08004112   0x00000014   Code   RO          858    i.TIM_ETR_SetConfig  stm32f4xx_hal_tim.o
    0x08004126   0x08004126   0x00000010   Code   RO          859    i.TIM_ITRx_SetConfig  stm32f4xx_hal_tim.o
    0x08004136   0x08004136   0x00000002   PAD
    0x08004138   0x08004138   0x00000060   Code   RO          860    i.TIM_OC1_SetConfig  stm32f4xx_hal_tim.o
    0x08004198   0x08004198   0x0000006c   Code   RO          861    i.TIM_OC2_SetConfig  stm32f4xx_hal_tim.o
    0x08004204   0x08004204   0x00000068   Code   RO          862    i.TIM_OC3_SetConfig  stm32f4xx_hal_tim.o
    0x0800426c   0x0800426c   0x00000050   Code   RO          863    i.TIM_OC4_SetConfig  stm32f4xx_hal_tim.o
    0x080042bc   0x080042bc   0x00000022   Code   RO          865    i.TIM_TI1_ConfigInputStage  stm32f4xx_hal_tim.o
    0x080042de   0x080042de   0x00000002   PAD
    0x080042e0   0x080042e0   0x00000080   Code   RO          866    i.TIM_TI1_SetConfig  stm32f4xx_hal_tim.o
    0x08004360   0x08004360   0x00000024   Code   RO          867    i.TIM_TI2_ConfigInputStage  stm32f4xx_hal_tim.o
    0x08004384   0x08004384   0x00000036   Code   RO          868    i.TIM_TI2_SetConfig  stm32f4xx_hal_tim.o
    0x080043ba   0x080043ba   0x00000002   PAD
    0x080043bc   0x080043bc   0x00000010   Code   RO         3641    i.Turn_Off_Left_Brush  device_control.o
    0x080043cc   0x080043cc   0x00000010   Code   RO         3642    i.Turn_Off_Pump     device_control.o
    0x080043dc   0x080043dc   0x00000010   Code   RO         3643    i.Turn_Off_Right_Brush  device_control.o
    0x080043ec   0x080043ec   0x00000010   Code   RO         3644    i.Turn_On_Left_Brush  device_control.o
    0x080043fc   0x080043fc   0x00000010   Code   RO         3645    i.Turn_On_Pump      device_control.o
    0x0800440c   0x0800440c   0x00000010   Code   RO         3646    i.Turn_On_Right_Brush  device_control.o
    0x0800441c   0x0800441c   0x00000010   Code   RO         3196    i.UART_DMAAbortOnError  stm32f4xx_hal_uart.o
    0x0800442c   0x0800442c   0x0000004a   Code   RO         3197    i.UART_DMAError     stm32f4xx_hal_uart.o
    0x08004476   0x08004476   0x00000086   Code   RO         3198    i.UART_DMAReceiveCplt  stm32f4xx_hal_uart.o
    0x080044fc   0x080044fc   0x0000001e   Code   RO         3200    i.UART_DMARxHalfCplt  stm32f4xx_hal_uart.o
    0x0800451a   0x0800451a   0x00000042   Code   RO         3202    i.UART_DMATransmitCplt  stm32f4xx_hal_uart.o
    0x0800455c   0x0800455c   0x0000000a   Code   RO         3204    i.UART_DMATxHalfCplt  stm32f4xx_hal_uart.o
    0x08004566   0x08004566   0x0000004e   Code   RO         3206    i.UART_EndRxTransfer  stm32f4xx_hal_uart.o
    0x080045b4   0x080045b4   0x0000001c   Code   RO         3207    i.UART_EndTxTransfer  stm32f4xx_hal_uart.o
    0x080045d0   0x080045d0   0x000000c2   Code   RO         3208    i.UART_Receive_IT   stm32f4xx_hal_uart.o
    0x08004692   0x08004692   0x00000002   PAD
    0x08004694   0x08004694   0x0000010c   Code   RO         3209    i.UART_SetConfig    stm32f4xx_hal_uart.o
    0x080047a0   0x080047a0   0x00000090   Code   RO         3210    i.UART_Start_Receive_DMA  stm32f4xx_hal_uart.o
    0x08004830   0x08004830   0x00000036   Code   RO         3211    i.UART_Start_Receive_IT  stm32f4xx_hal_uart.o
    0x08004866   0x08004866   0x00000072   Code   RO         3212    i.UART_WaitOnFlagUntilTimeout  stm32f4xx_hal_uart.o
    0x080048d8   0x080048d8   0x00000014   Code   RO          575    i.USART1_IRQHandler  stm32f4xx_it.o
    0x080048ec   0x080048ec   0x00000050   Code   RO          576    i.USART2_IRQHandler  stm32f4xx_it.o
    0x0800493c   0x0800493c   0x00000028   Code   RO          494    i.USART2_UART_StartDMA  usart.o
    0x08004964   0x08004964   0x00000002   Code   RO          577    i.UsageFault_Handler  stm32f4xx_it.o
    0x08004966   0x08004966   0x00000002   PAD
    0x08004968   0x08004968   0x00000020   Code   RO         5781    i.__0printf         mc_w.l(printfa.o)
    0x08004988   0x08004988   0x00000028   Code   RO         5782    i.__0snprintf       mc_w.l(printfa.o)
    0x080049b0   0x080049b0   0x00000020   Code   RO         2763    i.__NVIC_SetPriority  stm32f4xx_hal_cortex.o
    0x080049d0   0x080049d0   0x0000000e   Code   RO         5855    i.__scatterload_copy  mc_w.l(handlers.o)
    0x080049de   0x080049de   0x00000002   Code   RO         5856    i.__scatterload_null  mc_w.l(handlers.o)
    0x080049e0   0x080049e0   0x0000000e   Code   RO         5857    i.__scatterload_zeroinit  mc_w.l(handlers.o)
    0x080049ee   0x080049ee   0x00000002   PAD
    0x080049f0   0x080049f0   0x00000164   Code   RO         5788    i._fp_digits        mc_w.l(printfa.o)
    0x08004b54   0x08004b54   0x000006dc   Code   RO         5789    i._printf_core      mc_w.l(printfa.o)
    0x08005230   0x08005230   0x00000024   Code   RO         5790    i._printf_post_padding  mc_w.l(printfa.o)
    0x08005254   0x08005254   0x0000002e   Code   RO         5791    i._printf_pre_padding  mc_w.l(printfa.o)
    0x08005282   0x08005282   0x00000016   Code   RO         5792    i._snputc           mc_w.l(printfa.o)
    0x08005298   0x08005298   0x000000a0   Code   RO         3768    i.atk_ms601m_get_attitude  atk_ms601m.o
    0x08005338   0x08005338   0x0000011e   Code   RO         3769    i.atk_ms601m_get_frame_by_id  atk_ms601m.o
    0x08005456   0x08005456   0x00000002   PAD
    0x08005458   0x08005458   0x00000174   Code   RO         3770    i.atk_ms601m_get_gyro_accelerometer  atk_ms601m.o
    0x080055cc   0x080055cc   0x000000ac   Code   RO         3776    i.atk_ms601m_get_quaternion  atk_ms601m.o
    0x08005678   0x08005678   0x0000002c   Code   RO         3777    i.atk_ms601m_init   atk_ms601m.o
    0x080056a4   0x080056a4   0x00000070   Code   RO         3778    i.atk_ms601m_read_reg_by_id  atk_ms601m.o
    0x08005714   0x08005714   0x00000038   Code   RO         3895    i.atk_ms601m_uart_init  atk_ms601m_uart.o
    0x0800574c   0x0800574c   0x00000054   Code   RO         3896    i.atk_ms601m_uart_rx_fifo_read  atk_ms601m_uart.o
    0x080057a0   0x080057a0   0x00000038   Code   RO         3897    i.atk_ms601m_uart_rx_fifo_write  atk_ms601m_uart.o
    0x080057d8   0x080057d8   0x00000014   Code   RO         3898    i.atk_ms601m_uart_send  atk_ms601m_uart.o
    0x080057ec   0x080057ec   0x00000024   Code   RO         4008    i.battery_task_get_adc_average  battery_task.o
    0x08005810   0x08005810   0x00000040   Code   RO         4009    i.battery_task_read_voltage  battery_task.o
    0x08005850   0x08005850   0x00000024   Code   RO         4010    i.battery_task_start_dma  battery_task.o
    0x08005874   0x08005874   0x00000150   Code   RO         3953    i.demo_key0_fun     imu.o
    0x080059c4   0x080059c4   0x00000010   Code   RO         3954    i.demo_run          imu.o
    0x080059d4   0x080059d4   0x00000018   Code   RO           16    i.fputc             main.o
    0x080059ec   0x080059ec   0x0000000c   Code   RO         5020    i.inHandlerMode     cmsis_os.o
    0x080059f8   0x080059f8   0x000000b4   Code   RO           17    i.main              main.o
    0x08005aac   0x08005aac   0x0000000c   Code   RO         5022    i.makeFreeRtosPriority  cmsis_os.o
    0x08005ab8   0x08005ab8   0x0000000e   Code   RO         5024    i.osDelay           cmsis_os.o
    0x08005ac6   0x08005ac6   0x0000000a   Code   RO         5027    i.osKernelStart     cmsis_os.o
    0x08005ad0   0x08005ad0   0x00000018   Code   RO         5028    i.osKernelSysTick   cmsis_os.o
    0x08005ae8   0x08005ae8   0x00000026   Code   RO         5036    i.osMessageCreate   cmsis_os.o
    0x08005b0e   0x08005b0e   0x00000002   PAD
    0x08005b10   0x08005b10   0x00000094   Code   RO         5038    i.osMessageGet      cmsis_os.o
    0x08005ba4   0x08005ba4   0x0000005c   Code   RO         5040    i.osMessagePut      cmsis_os.o
    0x08005c00   0x08005c00   0x00000054   Code   RO         5061    i.osThreadCreate    cmsis_os.o
    0x08005c54   0x08005c54   0x00000070   Code   RO         4704    i.prvAddCurrentTaskToDelayedList  tasks.o
    0x08005cc4   0x08005cc4   0x000000d0   Code   RO         4705    i.prvAddNewTaskToReadyList  tasks.o
    0x08005d94   0x08005d94   0x00000026   Code   RO         4380    i.prvCopyDataFromQueue  queue.o
    0x08005dba   0x08005dba   0x0000006c   Code   RO         4381    i.prvCopyDataToQueue  queue.o
    0x08005e26   0x08005e26   0x00000034   Code   RO         4706    i.prvDeleteTCB      tasks.o
    0x08005e5a   0x08005e5a   0x00000002   PAD
    0x08005e5c   0x08005e5c   0x0000004c   Code   RO         5389    i.prvHeapInit       heap_4.o
    0x08005ea8   0x08005ea8   0x00000060   Code   RO         4707    i.prvIdleTask       tasks.o
    0x08005f08   0x08005f08   0x00000016   Code   RO         4383    i.prvInitialiseNewQueue  queue.o
    0x08005f1e   0x08005f1e   0x00000098   Code   RO         4708    i.prvInitialiseNewTask  tasks.o
    0x08005fb6   0x08005fb6   0x00000002   PAD
    0x08005fb8   0x08005fb8   0x0000004c   Code   RO         5390    i.prvInsertBlockIntoFreeList  heap_4.o
    0x08006004   0x08006004   0x0000001c   Code   RO         4384    i.prvIsQueueEmpty   queue.o
    0x08006020   0x08006020   0x00000020   Code   RO         4709    i.prvResetNextTaskUnblockTime  tasks.o
    0x08006040   0x08006040   0x00000028   Code   RO         5458    i.prvTaskExitError  port.o
    0x08006068   0x08006068   0x0000006a   Code   RO         4385    i.prvUnlockQueue    queue.o
    0x080060d2   0x080060d2   0x00000002   PAD
    0x080060d4   0x080060d4   0x000000dc   Code   RO         5391    i.pvPortMalloc      heap_4.o
    0x080061b0   0x080061b0   0x0000002c   Code   RO         5459    i.pxPortInitialiseStack  port.o
    0x080061dc   0x080061dc   0x00000010   Code   RO          495    i.uart2_dma_send    usart.o
    0x080061ec   0x080061ec   0x000000cc   Code   RO         4059    i.uart2_rx_callback  motor_task.o
    0x080062b8   0x080062b8   0x00000038   Code   RO         3955    i.uart2_tx_task     imu.o
    0x080062f0   0x080062f0   0x00000026   Code   RO         4340    i.uxListRemove      list.o
    0x08006316   0x08006316   0x00000002   PAD
    0x08006318   0x08006318   0x00000014   Code   RO          306    i.vApplicationGetIdleTaskMemory  freertos.o
    0x0800632c   0x0800632c   0x00000016   Code   RO         4341    i.vListInitialise   list.o
    0x08006342   0x08006342   0x00000006   Code   RO         4342    i.vListInitialiseItem  list.o
    0x08006348   0x08006348   0x00000030   Code   RO         4343    i.vListInsert       list.o
    0x08006378   0x08006378   0x00000018   Code   RO         4344    i.vListInsertEnd    list.o
    0x08006390   0x08006390   0x00000040   Code   RO         5461    i.vPortEnterCritical  port.o
    0x080063d0   0x080063d0   0x00000028   Code   RO         5462    i.vPortExitCritical  port.o
    0x080063f8   0x080063f8   0x00000064   Code   RO         5392    i.vPortFree         heap_4.o
    0x0800645c   0x0800645c   0x00000024   Code   RO         5463    i.vPortSetupTimerInterrupt  port.o
    0x08006480   0x08006480   0x00000054   Code   RO         5464    i.vPortValidateInterruptPriority  port.o
    0x080064d4   0x080064d4   0x0000004c   Code   RO         4718    i.vTaskDelay        tasks.o
    0x08006520   0x08006520   0x00000010   Code   RO         4721    i.vTaskInternalSetTimeOutState  tasks.o
    0x08006530   0x08006530   0x0000000c   Code   RO         4722    i.vTaskMissedYield  tasks.o
    0x0800653c   0x0800653c   0x00000030   Code   RO         4724    i.vTaskPlaceOnEventList  tasks.o
    0x0800656c   0x0800656c   0x0000006c   Code   RO         4731    i.vTaskStartScheduler  tasks.o
    0x080065d8   0x080065d8   0x00000010   Code   RO         4733    i.vTaskSuspendAll   tasks.o
    0x080065e8   0x080065e8   0x0000005c   Code   RO         4734    i.vTaskSwitchContext  tasks.o
    0x08006644   0x08006644   0x000000f4   Code   RO         5465    i.xPortStartScheduler  port.o
    0x08006738   0x08006738   0x00000042   Code   RO         4394    i.xQueueGenericCreate  queue.o
    0x0800677a   0x0800677a   0x00000066   Code   RO         4395    i.xQueueGenericCreateStatic  queue.o
    0x080067e0   0x080067e0   0x00000088   Code   RO         4396    i.xQueueGenericReset  queue.o
    0x08006868   0x08006868   0x00000160   Code   RO         4397    i.xQueueGenericSend  queue.o
    0x080069c8   0x080069c8   0x000000be   Code   RO         4398    i.xQueueGenericSendFromISR  queue.o
    0x08006a86   0x08006a86   0x00000002   PAD
    0x08006a88   0x08006a88   0x00000138   Code   RO         4404    i.xQueueReceive     queue.o
    0x08006bc0   0x08006bc0   0x0000009a   Code   RO         4405    i.xQueueReceiveFromISR  queue.o
    0x08006c5a   0x08006c5a   0x00000002   PAD
    0x08006c5c   0x08006c5c   0x00000074   Code   RO         4736    i.xTaskCheckForTimeOut  tasks.o
    0x08006cd0   0x08006cd0   0x0000005a   Code   RO         4737    i.xTaskCreate       tasks.o
    0x08006d2a   0x08006d2a   0x00000056   Code   RO         4738    i.xTaskCreateStatic  tasks.o
    0x08006d80   0x08006d80   0x0000001c   Code   RO         4742    i.xTaskGetSchedulerState  tasks.o
    0x08006d9c   0x08006d9c   0x0000000c   Code   RO         4743    i.xTaskGetTickCount  tasks.o
    0x08006da8   0x08006da8   0x00000010   Code   RO         4744    i.xTaskGetTickCountFromISR  tasks.o
    0x08006db8   0x08006db8   0x000000cc   Code   RO         4745    i.xTaskIncrementTick  tasks.o
    0x08006e84   0x08006e84   0x00000098   Code   RO         4748    i.xTaskPriorityDisinherit  tasks.o
    0x08006f1c   0x08006f1c   0x00000074   Code   RO         4750    i.xTaskRemoveFromEventList  tasks.o
    0x08006f90   0x08006f90   0x000000c4   Code   RO         4751    i.xTaskResumeAll    tasks.o
    0x08007054   0x08007054   0x0000010c   Data   RO          308    .constdata          freertos.o
    0x08007160   0x08007160   0x00000008   Data   RO         2477    .constdata          stm32f4xx_hal_dma.o
    0x08007168   0x08007168   0x00000010   Data   RO         3518    .constdata          system_stm32f4xx.o
    0x08007178   0x08007178   0x00000008   Data   RO         3519    .constdata          system_stm32f4xx.o
    0x08007180   0x08007180   0x0000000c   Data   RO         3784    .constdata          atk_ms601m.o
    0x0800718c   0x0800718c   0x00000048   Data   RO          309    .conststring        freertos.o
    0x080071d4   0x080071d4   0x000000aa   Data   RO         3957    .conststring        imu.o
    0x0800727e   0x0800727e   0x00000002   PAD
    0x08007280   0x08007280   0x00000020   Data   RO         5853    Region$$Table       anon$$obj.o


    Execution Region RW_IRAM1 (Exec base: 0x20000000, Load base: 0x080072a0, Size: 0x00004c00, Max: 0x0001c000, ABSOLUTE, COMPRESSED[0x00000018])

    Exec Addr    Load Addr    Size         Type   Attr      Idx    E Section Name        Object

    0x20000000   COMPRESSED   0x00000004   Data   RW           18    .data               main.o
    0x20000004   COMPRESSED   0x00000004   Data   RW           19    .data               main.o
    0x20000008   COMPRESSED   0x00000004   Data   RW           20    .data               main.o
    0x2000000c   COMPRESSED   0x00000004   Data   RW           21    .data               main.o
    0x20000010   COMPRESSED   0x00000004   Data   RW           22    .data               main.o
    0x20000014   COMPRESSED   0x00000004   Data   RW           23    .data               main.o
    0x20000018   COMPRESSED   0x00000001   Data   RW           24    .data               main.o
    0x20000019   COMPRESSED   0x00000003   PAD
    0x2000001c   COMPRESSED   0x00000024   Data   RW          310    .data               freertos.o
    0x20000040   COMPRESSED   0x0000000c   Data   RW         2922    .data               stm32f4xx_hal.o
    0x2000004c   COMPRESSED   0x00000004   Data   RW         3520    .data               system_stm32f4xx.o
    0x20000050   COMPRESSED   0x00000002   Data   RW         3647    .data               device_control.o
    0x20000052   COMPRESSED   0x00000001   Data   RW         3725    .data               fan_control.o
    0x20000053   COMPRESSED   0x00000002   Data   RW         3785    .data               atk_ms601m.o
    0x20000055   COMPRESSED   0x00000001   PAD
    0x20000056   COMPRESSED   0x00000002   Data   RW         3900    .data               atk_ms601m_uart.o
    0x20000058   COMPRESSED   0x00000004   Data   RW         3958    .data               imu.o
    0x2000005c   COMPRESSED   0x00000050   Data   RW         4061    .data               motor_task.o
    0x200000ac   COMPRESSED   0x00000004   Data   RW         4064    .data               motor_task.o
    0x200000b0   COMPRESSED   0x00000004   Data   RW         4065    .data               motor_task.o
    0x200000b4   COMPRESSED   0x00000004   Data   RW         4066    .data               motor_task.o
    0x200000b8   COMPRESSED   0x00000004   Data   RW         4067    .data               motor_task.o
    0x200000bc   COMPRESSED   0x00000004   Data   RW         4135    .data               tim_callback.o
    0x200000c0   COMPRESSED   0x0000000c   Data   RW         4197    .data               crash_task.o
    0x200000cc   COMPRESSED   0x0000003c   Data   RW         4754    .data               tasks.o
    0x20000108   COMPRESSED   0x00000020   Data   RW         5398    .data               heap_4.o
    0x20000128   COMPRESSED   0x0000000c   Data   RW         5466    .data               port.o
    0x20000134   COMPRESSED   0x00000004   Data   RW         5831    .data               mc_w.l(stdout.o)
    0x20000138        -       0x00000254   Zero   RW          307    .bss                freertos.o
    0x2000038c        -       0x000000a8   Zero   RW          360    .bss                adc.o
    0x20000434        -       0x00000090   Zero   RW          430    .bss                tim.o
    0x200004c4        -       0x00000310   Zero   RW          496    .bss                usart.o
    0x200007d4        -       0x00000048   Zero   RW          716    .bss                stm32f4xx_hal_timebase_tim.o
    0x2000081c        -       0x00000186   Zero   RW         3899    .bss                atk_ms601m_uart.o
    0x200009a2        -       0x000000fa   Zero   RW         3956    .bss                imu.o
    0x20000a9c        -       0x00000014   Zero   RW         4011    .bss                battery_task.o
    0x20000ab0        -       0x00000060   Zero   RW         4060    .bss                motor_task.o
    0x20000b10        -       0x000000f0   Zero   RW         4753    .bss                tasks.o
    0x20000c00        -       0x00003c00   Zero   RW         5397    .bss                heap_4.o
    0x20004800        -       0x00000400   Zero   RW            1    STACK               startup_stm32f407xx.o


    Execution Region RW_IRAM2 (Exec base: 0x2001c000, Load base: 0x080072b8, Size: 0x00000000, Max: 0x00004000, ABSOLUTE)

    **** No section assigned to this execution region ****


==============================================================================

Image component sizes


      Code (inc. data)   RO Data    RW Data    ZI Data      Debug   Object Name

       268         32          0          0        168       1779   adc.o
      1146         32         12          2          0       8711   atk_ms601m.o
       348         50          0          2        390       3883   atk_ms601m_uart.o
       156         32          0          0         20       2985   battery_task.o
       434         10          0          0          0      32531   cmsis_os.o
       308         54          0         12          0       3273   crash_task.o
       380         68          0          2          0       6152   device_control.o
       124          4          0          0          0        838   dma.o
         0          0          0          0          0      20016   event_groups.o
       132         24          0          1          0       2485   fan_control.o
       264         14        340         36        596       3206   freertos.o
       364         22          0          0          0       1115   gpio.o
       472         24          0         32      15360       7479   heap_4.o
       604        116        170          4        250       4253   imu.o
       138          0          0          0          0       3598   list.o
       416         80          0         25          0     749338   main.o
       652         68          0          0          0       5954   motor_control.o
      1156        104          0         96         96       5762   motor_task.o
       200         28          0          0          0       2148   pid.o
       786         82          0         12          0      11953   port.o
      1614         14          0          0          0      18145   queue.o
        36          8        392          0       1024        844   startup_stm32f407xx.o
       116         18          0         12          0       8778   stm32f4xx_hal.o
      1504         66          0          0          0       9093   stm32f4xx_hal_adc.o
         2          0          0          0          0       1001   stm32f4xx_hal_adc_ex.o
       158         14          0          0          0      33074   stm32f4xx_hal_cortex.o
      1084         16          8          0          0       7430   stm32f4xx_hal_dma.o
       532         46          0          0          0       3536   stm32f4xx_hal_gpio.o
        56          4          0          0          0        858   stm32f4xx_hal_msp.o
      1424         92          0          0          0       6453   stm32f4xx_hal_rcc.o
      2856        194          0          0          0      22613   stm32f4xx_hal_tim.o
       148         28          0          0          0       2521   stm32f4xx_hal_tim_ex.o
       140         20          0          0         72       1435   stm32f4xx_hal_timebase_tim.o
      2392         44          0          0          0      19867   stm32f4xx_hal_uart.o
       220         66          0          0          0       8827   stm32f4xx_it.o
         0          0          0          0          0        392   stream_buffer.o
        16          4         24          4          0       1131   system_stm32f4xx.o
      2036        160          0         60        240      26541   tasks.o
       728         62          0          0        144       4415   tim.o
       316         54          0          4          0       1490   tim_callback.o
       644         78          0          0        784       9299   usart.o

    ----------------------------------------------------------------------
     24422       1832        980        308      19144    1065202   Object Totals
         0          0         32          0          0          0   (incl. Generated)
        52          0          2          4          0          0   (incl. Padding)

    ----------------------------------------------------------------------

      Code (inc. data)   RO Data    RW Data    ZI Data      Debug   Library Member Name

        58          0          0          0          0          0   __dczerorl.o
         0          0          0          0          0          0   entry.o
         0          0          0          0          0          0   entry10a.o
         0          0          0          0          0          0   entry11a.o
         8          4          0          0          0          0   entry2.o
         4          0          0          0          0          0   entry5.o
         0          0          0          0          0          0   entry7b.o
         0          0          0          0          0          0   entry8b.o
         8          4          0          0          0          0   entry9a.o
        30          0          0          0          0          0   handlers.o
        36          8          0          0          0         68   init.o
         0          0          0          0          0          0   iusefp.o
        30          0          0          0          0         68   llshl.o
        36          0          0          0          0         68   llsshr.o
        32          0          0          0          0         68   llushr.o
        36          0          0          0          0         68   memcpya.o
        36          0          0          0          0        108   memseta.o
      2288         94          0          0          0        596   printfa.o
         0          0          0          4          0          0   stdout.o
        14          0          0          0          0         68   strlen.o
        44          0          0          0          0         80   uidiv.o
        98          0          0          0          0         92   uldiv.o
        48          0          0          0          0         68   cdrcmple.o
       334          0          0          0          0        148   dadd.o
       222          0          0          0          0        100   ddiv.o
       186          0          0          0          0        176   depilogue.o
        50          0          0          0          0         76   dfixui.o
        48          0          0          0          0         68   dfixul.o
        26          0          0          0          0         76   dfltui.o
       228          0          0          0          0         96   dmul.o
        38          0          0          0          0         68   f2d.o

    ----------------------------------------------------------------------
      3942        110          0          4          0       2160   Library Totals
         4          0          0          0          0          0   (incl. Padding)

    ----------------------------------------------------------------------

      Code (inc. data)   RO Data    RW Data    ZI Data      Debug   Library Name

      2758        110          0          4          0       1284   mc_w.l
      1180          0          0          0          0        876   mf_w.l

    ----------------------------------------------------------------------
      3942        110          0          4          0       2160   Library Totals

    ----------------------------------------------------------------------

==============================================================================


      Code (inc. data)   RO Data    RW Data    ZI Data      Debug   

     28364       1942        980        312      19144    1041902   Grand Totals
     28364       1942        980         24      19144    1041902   ELF Image Totals (compressed)
     28364       1942        980         24          0          0   ROM Totals

==============================================================================

    Total RO  Size (Code + RO Data)                29344 (  28.66kB)
    Total RW  Size (RW Data + ZI Data)             19456 (  19.00kB)
    Total ROM Size (Code + RO Data + RW Data)      29368 (  28.68kB)

==============================================================================

